[data] loading 3200 pairs from train/train ...
[data] source-aware split: 80 val groups (320 images), leakage check = 0 (must be 0)
[data] train=2880 val=320 resident on cuda (500 MB, torch.float16)
[model] config=m head=resize_conv up_mode=pixelshuffle residual=bicubic input_transform=log params=29.16M
[train] 60000 iters, batch 16, warmup 1200 (2.0%), synth_ratio 0.5, amp bf16
  step     100/60000  lr 8.33e-05  loss 0.14346  1.2 it/s  eta 14.07h
  step     200/60000  lr 1.67e-04  loss 0.10557  3.5 it/s  eta 4.79h
  step     300/60000  lr 2.50e-04  loss 0.09236  3.3 it/s  eta 5.05h
  step     400/60000  lr 3.33e-04  loss 0.08096  3.2 it/s  eta 5.21h
  step     500/60000  lr 4.17e-04  loss 0.07846  3.2 it/s  eta 5.12h
  step     600/60000  lr 5.00e-04  loss 0.07611  3.2 it/s  eta 5.11h
  step     700/60000  lr 5.83e-04  loss 0.07532  3.3 it/s  eta 4.93h
  step     800/60000  lr 6.67e-04  loss 0.07408  3.4 it/s  eta 4.85h
  step     900/60000  lr 7.50e-04  loss 0.07333  3.4 it/s  eta 4.86h
  step    1000/60000  lr 8.33e-04  loss 0.07125  3.1 it/s  eta 5.31h
  step    1100/60000  lr 9.17e-04  loss 0.07314  2.6 it/s  eta 6.18h
  step    1200/60000  lr 1.00e-03  loss 0.07070  2.8 it/s  eta 5.88h
  step    1300/60000  lr 1.00e-03  loss 0.07013  2.9 it/s  eta 5.63h
  step    1400/60000  lr 1.00e-03  loss 0.06992  2.9 it/s  eta 5.61h
  step    1500/60000  lr 1.00e-03  loss 0.07019  2.8 it/s  eta 5.71h
  step    1600/60000  lr 1.00e-03  loss 0.07076  2.8 it/s  eta 5.71h
  step    1700/60000  lr 1.00e-03  loss 0.06812  2.8 it/s  eta 5.76h
  step    1800/60000  lr 1.00e-03  loss 0.06827  2.8 it/s  eta 5.78h
  step    1900/60000  lr 1.00e-03  loss 0.06662  2.8 it/s  eta 5.71h
  step    2000/60000  lr 1.00e-03  loss 0.06905  2.8 it/s  eta 5.74h
  [val 2000]  clip 27.561dB/0.7274   minmax 24.641dB/0.7097   robust 23.657dB/0.7068   | OOD 17.022dB/0.4211 | grad 0.762 hf 0.47
  [val] new best 27.561 dB -> best.pt
  step    2100/60000  lr 9.99e-04  loss 0.06534  1.7 it/s  eta 9.61h
  step    2200/60000  lr 9.99e-04  loss 0.06556  3.1 it/s  eta 5.19h
  step    2300/60000  lr 9.99e-04  loss 0.06533  3.1 it/s  eta 5.16h
  step    2400/60000  lr 9.99e-04  loss 0.06585  3.1 it/s  eta 5.20h
  step    2500/60000  lr 9.99e-04  loss 0.06326  3.1 it/s  eta 5.18h
  step    2600/60000  lr 9.99e-04  loss 0.06331  3.1 it/s  eta 5.18h
  step    2700/60000  lr 9.98e-04  loss 0.06525  3.1 it/s  eta 5.17h
  step    2800/60000  lr 9.98e-04  loss 0.06408  3.1 it/s  eta 5.14h
  step    2900/60000  lr 9.98e-04  loss 0.06380  3.1 it/s  eta 5.12h
  step    3000/60000  lr 9.98e-04  loss 0.06263  3.1 it/s  eta 5.08h
  step    3100/60000  lr 9.97e-04  loss 0.06460  3.1 it/s  eta 5.05h
  step    3200/60000  lr 9.97e-04  loss 0.06274  2.7 it/s  eta 5.87h
  step    3300/60000  lr 9.97e-04  loss 0.06560  2.8 it/s  eta 5.66h
  step    3400/60000  lr 9.97e-04  loss 0.06342  2.8 it/s  eta 5.68h
  step    3500/60000  lr 9.96e-04  loss 0.06407  2.9 it/s  eta 5.44h
  step    3600/60000  lr 9.96e-04  loss 0.06350  3.0 it/s  eta 5.30h
  step    3700/60000  lr 9.96e-04  loss 0.06285  3.0 it/s  eta 5.28h
  step    3800/60000  lr 9.95e-04  loss 0.06346  2.9 it/s  eta 5.33h
  step    3900/60000  lr 9.95e-04  loss 0.06080  2.9 it/s  eta 5.30h
  step    4000/60000  lr 9.94e-04  loss 0.06212  2.9 it/s  eta 5.35h
  [val 4000]  clip 28.140dB/0.7446   minmax 25.405dB/0.7284   robust 24.049dB/0.7248   | OOD 17.707dB/0.4475 | grad 0.751 hf 0.50
  [val] new best 28.140 dB -> best.pt
  step    4100/60000  lr 9.94e-04  loss 0.06154  2.3 it/s  eta 6.88h
  step    4200/60000  lr 9.94e-04  loss 0.06406  3.1 it/s  eta 5.05h
  step    4300/60000  lr 9.93e-04  loss 0.06140  3.1 it/s  eta 5.04h
  step    4400/60000  lr 9.93e-04  loss 0.06170  3.1 it/s  eta 4.99h
  step    4500/60000  lr 9.92e-04  loss 0.06253  3.1 it/s  eta 5.01h
  step    4600/60000  lr 9.92e-04  loss 0.06291  3.1 it/s  eta 4.97h
  step    4700/60000  lr 9.91e-04  loss 0.06389  3.1 it/s  eta 5.03h
  step    4800/60000  lr 9.91e-04  loss 0.06405  3.1 it/s  eta 4.95h
  step    4900/60000  lr 9.90e-04  loss 0.06134  3.1 it/s  eta 5.00h
  step    5000/60000  lr 9.90e-04  loss 0.06169  3.1 it/s  eta 4.92h
  step    5100/60000  lr 9.89e-04  loss 0.06232  3.1 it/s  eta 4.93h
  step    5200/60000  lr 9.89e-04  loss 0.06021  3.1 it/s  eta 4.88h
  step    5300/60000  lr 9.88e-04  loss 0.06224  3.1 it/s  eta 4.91h
  step    5400/60000  lr 9.87e-04  loss 0.06287  3.1 it/s  eta 4.89h
  step    5500/60000  lr 9.87e-04  loss 0.06221  3.1 it/s  eta 4.83h
  step    5600/60000  lr 9.86e-04  loss 0.06213  3.1 it/s  eta 4.81h
  step    5700/60000  lr 9.86e-04  loss 0.05996  3.1 it/s  eta 4.83h
  step    5800/60000  lr 9.85e-04  loss 0.06148  3.1 it/s  eta 4.84h
  step    5900/60000  lr 9.84e-04  loss 0.06127  3.1 it/s  eta 4.79h
  step    6000/60000  lr 9.84e-04  loss 0.06180  3.1 it/s  eta 4.80h
  [val 6000]  clip 28.346dB/0.7508   minmax 25.676dB/0.7360   robust 24.137dB/0.7314   | OOD 18.036dB/0.4714 | grad 0.743 hf 0.52
  [val] new best 28.346 dB -> best.pt
  step    6100/60000  lr 9.83e-04  loss 0.06047  2.3 it/s  eta 6.40h
  step    6200/60000  lr 9.82e-04  loss 0.06035  3.1 it/s  eta 4.78h
  step    6300/60000  lr 9.82e-04  loss 0.06180  3.1 it/s  eta 4.80h
  step    6400/60000  lr 9.81e-04  loss 0.06230  3.1 it/s  eta 4.80h
  step    6500/60000  lr 9.80e-04  loss 0.05981  3.0 it/s  eta 4.87h
  step    6600/60000  lr 9.79e-04  loss 0.06252  3.0 it/s  eta 4.88h
  step    6700/60000  lr 9.79e-04  loss 0.06086  3.0 it/s  eta 4.92h
  step    6800/60000  lr 9.78e-04  loss 0.05968  3.0 it/s  eta 4.98h
  step    6900/60000  lr 9.77e-04  loss 0.06082  2.9 it/s  eta 5.02h
  step    7000/60000  lr 9.76e-04  loss 0.06139  3.0 it/s  eta 4.97h
  step    7100/60000  lr 9.75e-04  loss 0.05951  2.9 it/s  eta 5.06h
  step    7200/60000  lr 9.75e-04  loss 0.06078  3.0 it/s  eta 4.95h
  step    7300/60000  lr 9.74e-04  loss 0.06159  3.0 it/s  eta 4.94h
  step    7400/60000  lr 9.73e-04  loss 0.06116  3.0 it/s  eta 4.92h
  step    7500/60000  lr 9.72e-04  loss 0.05970  3.0 it/s  eta 4.89h
  step    7600/60000  lr 9.71e-04  loss 0.05955  3.0 it/s  eta 4.80h
  step    7700/60000  lr 9.70e-04  loss 0.05949  3.0 it/s  eta 4.88h
  step    7800/60000  lr 9.69e-04  loss 0.06125  3.0 it/s  eta 4.84h
  step    7900/60000  lr 9.68e-04  loss 0.05888  2.9 it/s  eta 4.91h
  step    8000/60000  lr 9.67e-04  loss 0.05953  3.0 it/s  eta 4.85h
  [val 8000]  clip 28.454dB/0.7541   minmax 25.742dB/0.7407   robust 24.154dB/0.7348   | OOD 18.366dB/0.5007 | grad 0.740 hf 0.53
  [val] new best 28.454 dB -> best.pt
  step    8100/60000  lr 9.66e-04  loss 0.06202  2.3 it/s  eta 6.34h
  step    8200/60000  lr 9.65e-04  loss 0.06204  2.9 it/s  eta 4.90h
  step    8300/60000  lr 9.64e-04  loss 0.05916  2.9 it/s  eta 4.92h
  step    8400/60000  lr 9.64e-04  loss 0.05997  2.9 it/s  eta 4.90h
  step    8500/60000  lr 9.62e-04  loss 0.06071  2.9 it/s  eta 4.93h
  step    8600/60000  lr 9.61e-04  loss 0.06206  2.9 it/s  eta 4.87h
  step    8700/60000  lr 9.60e-04  loss 0.05994  2.9 it/s  eta 4.93h
  step    8800/60000  lr 9.59e-04  loss 0.05896  3.0 it/s  eta 4.81h
  step    8900/60000  lr 9.58e-04  loss 0.05919  2.9 it/s  eta 4.88h
  step    9000/60000  lr 9.57e-04  loss 0.05908  2.9 it/s  eta 4.87h
  step    9100/60000  lr 9.56e-04  loss 0.06067  3.0 it/s  eta 4.72h
  step    9200/60000  lr 9.55e-04  loss 0.05854  2.9 it/s  eta 4.85h
  step    9300/60000  lr 9.54e-04  loss 0.05868  2.9 it/s  eta 4.78h
  step    9400/60000  lr 9.53e-04  loss 0.05901  2.9 it/s  eta 4.88h
  step    9500/60000  lr 9.52e-04  loss 0.06138  2.9 it/s  eta 4.84h
  step    9600/60000  lr 9.51e-04  loss 0.05819  2.9 it/s  eta 4.85h
  step    9700/60000  lr 9.49e-04  loss 0.06115  3.0 it/s  eta 4.68h
  step    9800/60000  lr 9.48e-04  loss 0.06111  3.0 it/s  eta 4.72h
  step    9900/60000  lr 9.47e-04  loss 0.05891  3.0 it/s  eta 4.68h
  step   10000/60000  lr 9.46e-04  loss 0.06247  2.9 it/s  eta 4.79h
  [val 10000]  clip 28.512dB/0.7558   minmax 25.845dB/0.7436   robust 24.190dB/0.7366   | OOD 18.379dB/0.4986 | grad 0.737 hf 0.53
  [val] new best 28.512 dB -> best.pt
  step   10100/60000  lr 9.45e-04  loss 0.06044  2.3 it/s  eta 6.13h
  step   10200/60000  lr 9.43e-04  loss 0.06035  2.9 it/s  eta 4.79h
  step   10300/60000  lr 9.42e-04  loss 0.05954  2.9 it/s  eta 4.72h
  step   10400/60000  lr 9.41e-04  loss 0.05959  2.9 it/s  eta 4.77h
  step   10500/60000  lr 9.40e-04  loss 0.05827  2.9 it/s  eta 4.82h
  step   10600/60000  lr 9.38e-04  loss 0.05841  2.9 it/s  eta 4.71h
  step   10700/60000  lr 9.37e-04  loss 0.05966  2.8 it/s  eta 4.83h
  step   10800/60000  lr 9.36e-04  loss 0.05884  2.9 it/s  eta 4.78h
  step   10900/60000  lr 9.34e-04  loss 0.05891  2.9 it/s  eta 4.76h
  step   11000/60000  lr 9.33e-04  loss 0.05756  2.9 it/s  eta 4.74h
  step   11100/60000  lr 9.32e-04  loss 0.06141  2.9 it/s  eta 4.71h
  step   11200/60000  lr 9.30e-04  loss 0.05952  2.9 it/s  eta 4.65h
  step   11300/60000  lr 9.29e-04  loss 0.05927  2.9 it/s  eta 4.74h
  step   11400/60000  lr 9.28e-04  loss 0.05905  2.9 it/s  eta 4.73h
  step   11500/60000  lr 9.26e-04  loss 0.05929  2.8 it/s  eta 4.74h
  step   11600/60000  lr 9.25e-04  loss 0.06016  2.9 it/s  eta 4.59h
  step   11700/60000  lr 9.23e-04  loss 0.06038  2.8 it/s  eta 4.83h
  step   11800/60000  lr 9.22e-04  loss 0.05944  2.9 it/s  eta 4.68h
  step   11900/60000  lr 9.21e-04  loss 0.05944  2.8 it/s  eta 4.69h
  step   12000/60000  lr 9.19e-04  loss 0.05717  2.8 it/s  eta 4.76h
  [val 12000]  clip 28.562dB/0.7580   minmax 25.873dB/0.7457   robust 24.181dB/0.7383   | OOD 18.829dB/0.5205 | grad 0.736 hf 0.54
  [val] new best 28.562 dB -> best.pt
  step   12100/60000  lr 9.18e-04  loss 0.05985  2.2 it/s  eta 5.94h
  step   12200/60000  lr 9.16e-04  loss 0.05856  3.1 it/s  eta 4.33h
  step   12300/60000  lr 9.15e-04  loss 0.06019  3.1 it/s  eta 4.30h
  step   12400/60000  lr 9.13e-04  loss 0.05971  3.0 it/s  eta 4.34h
  step   12500/60000  lr 9.12e-04  loss 0.05802  3.1 it/s  eta 4.27h
  step   12600/60000  lr 9.10e-04  loss 0.05845  3.1 it/s  eta 4.32h
  step   12700/60000  lr 9.09e-04  loss 0.05933  3.1 it/s  eta 4.25h
  step   12800/60000  lr 9.07e-04  loss 0.05918  3.1 it/s  eta 4.29h
  step   12900/60000  lr 9.06e-04  loss 0.05958  3.1 it/s  eta 4.24h
  step   13000/60000  lr 9.04e-04  loss 0.05750  3.0 it/s  eta 4.31h
  step   13100/60000  lr 9.02e-04  loss 0.06093  3.1 it/s  eta 4.25h
  step   13200/60000  lr 9.01e-04  loss 0.05913  3.0 it/s  eta 4.29h
  step   13300/60000  lr 8.99e-04  loss 0.06010  3.1 it/s  eta 4.22h
  step   13400/60000  lr 8.98e-04  loss 0.05915  3.1 it/s  eta 4.24h
  step   13500/60000  lr 8.96e-04  loss 0.06110  3.1 it/s  eta 4.14h
  step   13600/60000  lr 8.94e-04  loss 0.05908  3.1 it/s  eta 4.21h
  step   13700/60000  lr 8.93e-04  loss 0.05961  3.1 it/s  eta 4.14h
  step   13800/60000  lr 8.91e-04  loss 0.05953  3.1 it/s  eta 4.18h
  step   13900/60000  lr 8.89e-04  loss 0.05818  2.9 it/s  eta 4.46h
  step   14000/60000  lr 8.88e-04  loss 0.06004  2.7 it/s  eta 4.81h
  [val 14000]  clip 28.601dB/0.7588   minmax 25.858dB/0.7463   robust 24.173dB/0.7393   | OOD 18.852dB/0.5172 | grad 0.734 hf 0.55
  [val] new best 28.601 dB -> best.pt
  step   14100/60000  lr 8.86e-04  loss 0.06005  2.2 it/s  eta 5.86h
  step   14200/60000  lr 8.84e-04  loss 0.05821  2.6 it/s  eta 4.87h
  step   14300/60000  lr 8.83e-04  loss 0.05958  2.7 it/s  eta 4.77h
  step   14400/60000  lr 8.81e-04  loss 0.05844  2.7 it/s  eta 4.71h
  step   14500/60000  lr 8.79e-04  loss 0.05863  2.7 it/s  eta 4.70h
  step   14600/60000  lr 8.77e-04  loss 0.05927  2.8 it/s  eta 4.50h
  step   14700/60000  lr 8.76e-04  loss 0.05965  2.6 it/s  eta 4.75h
  step   14800/60000  lr 8.74e-04  loss 0.05634  2.7 it/s  eta 4.57h
  step   14900/60000  lr 8.72e-04  loss 0.05814  2.8 it/s  eta 4.55h
  step   15000/60000  lr 8.70e-04  loss 0.05808  2.8 it/s  eta 4.51h
  step   15100/60000  lr 8.68e-04  loss 0.05878  2.7 it/s  eta 4.63h
  step   15200/60000  lr 8.67e-04  loss 0.05986  2.7 it/s  eta 4.54h
  step   15300/60000  lr 8.65e-04  loss 0.05905  2.8 it/s  eta 4.50h
  step   15400/60000  lr 8.63e-04  loss 0.05610  2.8 it/s  eta 4.49h
  step   15500/60000  lr 8.61e-04  loss 0.06053  2.9 it/s  eta 4.32h
  step   15600/60000  lr 8.59e-04  loss 0.05728  2.9 it/s  eta 4.28h
  step   15700/60000  lr 8.57e-04  loss 0.05908  2.8 it/s  eta 4.34h
  step   15800/60000  lr 8.56e-04  loss 0.05740  2.8 it/s  eta 4.31h
  step   15900/60000  lr 8.54e-04  loss 0.05660  2.9 it/s  eta 4.18h
  step   16000/60000  lr 8.52e-04  loss 0.05864  3.0 it/s  eta 4.08h
  [val 16000]  clip 28.645dB/0.7600   minmax 25.894dB/0.7477   robust 24.201dB/0.7405   | OOD 18.849dB/0.5198 | grad 0.732 hf 0.55
  [val] new best 28.645 dB -> best.pt
  step   16100/60000  lr 8.50e-04  loss 0.05957  2.4 it/s  eta 5.08h
  step   16200/60000  lr 8.48e-04  loss 0.05987  3.1 it/s  eta 3.90h
  step   16300/60000  lr 8.46e-04  loss 0.05739  3.1 it/s  eta 3.86h
  step   16400/60000  lr 8.44e-04  loss 0.06060  3.1 it/s  eta 3.91h
  step   16500/60000  lr 8.42e-04  loss 0.06008  3.2 it/s  eta 3.82h
  step   16600/60000  lr 8.40e-04  loss 0.05763  3.1 it/s  eta 3.89h
  step   16700/60000  lr 8.38e-04  loss 0.05690  3.1 it/s  eta 3.84h
  step   16800/60000  lr 8.36e-04  loss 0.05833  2.9 it/s  eta 4.07h
  step   16900/60000  lr 8.34e-04  loss 0.05782  2.9 it/s  eta 4.20h
  step   17000/60000  lr 8.32e-04  loss 0.05748  2.8 it/s  eta 4.29h
  step   17100/60000  lr 8.30e-04  loss 0.05971  2.8 it/s  eta 4.20h
  step   17200/60000  lr 8.28e-04  loss 0.05840  2.9 it/s  eta 4.13h
  step   17300/60000  lr 8.26e-04  loss 0.05696  2.8 it/s  eta 4.28h
  step   17400/60000  lr 8.24e-04  loss 0.05870  2.8 it/s  eta 4.18h
  step   17500/60000  lr 8.22e-04  loss 0.05839  2.9 it/s  eta 4.14h
  step   17600/60000  lr 8.20e-04  loss 0.05993  2.9 it/s  eta 4.07h
  step   17700/60000  lr 8.18e-04  loss 0.05934  2.9 it/s  eta 4.10h
  step   17800/60000  lr 8.16e-04  loss 0.05736  2.9 it/s  eta 4.05h
  step   17900/60000  lr 8.14e-04  loss 0.05701  2.8 it/s  eta 4.17h
  step   18000/60000  lr 8.12e-04  loss 0.05884  2.8 it/s  eta 4.22h
  [val 18000]  clip 28.671dB/0.7610   minmax 25.965dB/0.7494   robust 24.200dB/0.7417   | OOD 19.175dB/0.5307 | grad 0.731 hf 0.55
  [val] new best 28.671 dB -> best.pt
  step   18100/60000  lr 8.10e-04  loss 0.05906  2.2 it/s  eta 5.33h
  step   18200/60000  lr 8.08e-04  loss 0.05708  2.8 it/s  eta 4.18h
  step   18300/60000  lr 8.06e-04  loss 0.05891  2.8 it/s  eta 4.13h
  step   18400/60000  lr 8.04e-04  loss 0.05913  2.8 it/s  eta 4.10h
  step   18500/60000  lr 8.01e-04  loss 0.05789  2.9 it/s  eta 3.99h
  step   18600/60000  lr 7.99e-04  loss 0.05804  2.7 it/s  eta 4.19h
  step   18700/60000  lr 7.97e-04  loss 0.05974  2.9 it/s  eta 4.02h
  step   18800/60000  lr 7.95e-04  loss 0.05752  2.8 it/s  eta 4.03h
  step   18900/60000  lr 7.93e-04  loss 0.05711  2.9 it/s  eta 4.00h
  step   19000/60000  lr 7.91e-04  loss 0.05871  2.8 it/s  eta 4.02h
  step   19100/60000  lr 7.88e-04  loss 0.05880  2.9 it/s  eta 3.93h
  step   19200/60000  lr 7.86e-04  loss 0.05954  2.8 it/s  eta 4.10h
  step   19300/60000  lr 7.84e-04  loss 0.05709  2.9 it/s  eta 3.94h
  step   19400/60000  lr 7.82e-04  loss 0.05844  2.9 it/s  eta 3.91h
  step   19500/60000  lr 7.80e-04  loss 0.05916  2.9 it/s  eta 3.85h
  step   19600/60000  lr 7.77e-04  loss 0.05825  2.8 it/s  eta 3.96h
  step   19700/60000  lr 7.75e-04  loss 0.05793  2.9 it/s  eta 3.88h
  step   19800/60000  lr 7.73e-04  loss 0.05843  2.8 it/s  eta 3.92h
  step   19900/60000  lr 7.71e-04  loss 0.05772  2.9 it/s  eta 3.88h
  step   20000/60000  lr 7.69e-04  loss 0.05814  2.9 it/s  eta 3.85h
  [val 20000]  clip 28.692dB/0.7616   minmax 26.004dB/0.7501   robust 24.205dB/0.7420   | OOD 19.177dB/0.5245 | grad 0.731 hf 0.55
  [val] new best 28.692 dB -> best.pt
  step   20100/60000  lr 7.66e-04  loss 0.05888  2.3 it/s  eta 4.91h
  step   20200/60000  lr 7.64e-04  loss 0.05758  2.9 it/s  eta 3.82h
  step   20300/60000  lr 7.62e-04  loss 0.05637  2.9 it/s  eta 3.83h
  step   20400/60000  lr 7.59e-04  loss 0.05822  2.9 it/s  eta 3.85h
  step   20500/60000  lr 7.57e-04  loss 0.05942  2.9 it/s  eta 3.82h
  step   20600/60000  lr 7.55e-04  loss 0.05743  2.9 it/s  eta 3.79h
  step   20700/60000  lr 7.53e-04  loss 0.05538  2.8 it/s  eta 3.88h
  step   20800/60000  lr 7.50e-04  loss 0.05801  2.9 it/s  eta 3.80h
  step   20900/60000  lr 7.48e-04  loss 0.05670  2.9 it/s  eta 3.81h
  step   21000/60000  lr 7.46e-04  loss 0.05584  2.8 it/s  eta 3.83h
  step   21100/60000  lr 7.43e-04  loss 0.05674  2.9 it/s  eta 3.72h
  step   21200/60000  lr 7.41e-04  loss 0.05684  2.9 it/s  eta 3.71h
  step   21300/60000  lr 7.39e-04  loss 0.05777  3.0 it/s  eta 3.59h
  step   21400/60000  lr 7.36e-04  loss 0.05702  3.0 it/s  eta 3.59h
  step   21500/60000  lr 7.34e-04  loss 0.05818  3.0 it/s  eta 3.60h
  step   21600/60000  lr 7.32e-04  loss 0.05739  3.0 it/s  eta 3.52h
  step   21700/60000  lr 7.29e-04  loss 0.05850  3.1 it/s  eta 3.47h
  step   21800/60000  lr 7.27e-04  loss 0.06093  3.0 it/s  eta 3.52h
  step   21900/60000  lr 7.24e-04  loss 0.05742  3.1 it/s  eta 3.43h
  step   22000/60000  lr 7.22e-04  loss 0.05976  3.0 it/s  eta 3.46h
  [val 22000]  clip 28.713dB/0.7622   minmax 26.049dB/0.7509   robust 24.208dB/0.7426   | OOD 19.447dB/0.5410 | grad 0.728 hf 0.55
  [val] new best 28.713 dB -> best.pt
  step   22100/60000  lr 7.20e-04  loss 0.06123  2.3 it/s  eta 4.51h
  step   22200/60000  lr 7.17e-04  loss 0.05751  3.0 it/s  eta 3.49h
  step   22300/60000  lr 7.15e-04  loss 0.05907  2.8 it/s  eta 3.68h
  step   22400/60000  lr 7.12e-04  loss 0.05826  2.8 it/s  eta 3.68h
  step   22500/60000  lr 7.10e-04  loss 0.05748  2.9 it/s  eta 3.62h
  step   22600/60000  lr 7.08e-04  loss 0.05727  2.8 it/s  eta 3.72h
  step   22700/60000  lr 7.05e-04  loss 0.05781  2.8 it/s  eta 3.64h
  step   22800/60000  lr 7.03e-04  loss 0.05853  2.8 it/s  eta 3.63h
  step   22900/60000  lr 7.00e-04  loss 0.05775  2.8 it/s  eta 3.62h
  step   23000/60000  lr 6.98e-04  loss 0.05826  2.8 it/s  eta 3.64h
  step   23100/60000  lr 6.95e-04  loss 0.05864  2.8 it/s  eta 3.65h
  step   23200/60000  lr 6.93e-04  loss 0.05666  2.8 it/s  eta 3.63h
  step   23300/60000  lr 6.90e-04  loss 0.05814  2.8 it/s  eta 3.61h
  step   23400/60000  lr 6.88e-04  loss 0.05615  2.9 it/s  eta 3.57h
  step   23500/60000  lr 6.85e-04  loss 0.05727  2.8 it/s  eta 3.63h
  step   23600/60000  lr 6.83e-04  loss 0.05651  2.8 it/s  eta 3.56h
  step   23700/60000  lr 6.81e-04  loss 0.05580  2.8 it/s  eta 3.57h
  step   23800/60000  lr 6.78e-04  loss 0.05732  2.9 it/s  eta 3.47h
  step   23900/60000  lr 6.76e-04  loss 0.05822  2.9 it/s  eta 3.50h
  step   24000/60000  lr 6.73e-04  loss 0.05854  2.8 it/s  eta 3.56h
  [val 24000]  clip 28.734dB/0.7625   minmax 26.090dB/0.7513   robust 24.222dB/0.7430   | OOD 19.068dB/0.5324 | grad 0.726 hf 0.55
  [val] new best 28.734 dB -> best.pt
  step   24100/60000  lr 6.71e-04  loss 0.05777  2.2 it/s  eta 4.54h
  step   24200/60000  lr 6.68e-04  loss 0.05920  2.8 it/s  eta 3.54h
  step   24300/60000  lr 6.65e-04  loss 0.05740  2.8 it/s  eta 3.49h
  step   24400/60000  lr 6.63e-04  loss 0.05809  2.8 it/s  eta 3.51h
  step   24500/60000  lr 6.60e-04  loss 0.05764  2.9 it/s  eta 3.43h
  step   24600/60000  lr 6.58e-04  loss 0.05780  2.8 it/s  eta 3.55h
  step   24700/60000  lr 6.55e-04  loss 0.05821  2.8 it/s  eta 3.51h
  step   24800/60000  lr 6.53e-04  loss 0.05798  2.9 it/s  eta 3.42h
  step   24900/60000  lr 6.50e-04  loss 0.05904  2.8 it/s  eta 3.42h
  step   25000/60000  lr 6.48e-04  loss 0.05933  2.9 it/s  eta 3.39h
  step   25100/60000  lr 6.45e-04  loss 0.05819  2.9 it/s  eta 3.39h
  step   25200/60000  lr 6.43e-04  loss 0.05773  2.8 it/s  eta 3.41h
  step   25300/60000  lr 6.40e-04  loss 0.05978  2.8 it/s  eta 3.50h
  step   25400/60000  lr 6.38e-04  loss 0.05817  2.9 it/s  eta 3.36h
  step   25500/60000  lr 6.35e-04  loss 0.05780  2.8 it/s  eta 3.40h
  step   25600/60000  lr 6.32e-04  loss 0.05735  2.9 it/s  eta 3.35h
  step   25700/60000  lr 6.30e-04  loss 0.05820  2.8 it/s  eta 3.38h
  step   25800/60000  lr 6.27e-04  loss 0.05711  2.8 it/s  eta 3.44h
  step   25900/60000  lr 6.25e-04  loss 0.05662  2.8 it/s  eta 3.37h
  step   26000/60000  lr 6.22e-04  loss 0.05479  2.8 it/s  eta 3.36h
  [val 26000]  clip 28.744dB/0.7628   minmax 26.095dB/0.7514   robust 24.202dB/0.7431   | OOD 19.164dB/0.5283 | grad 0.728 hf 0.55
  [val] new best 28.744 dB -> best.pt
  step   26100/60000  lr 6.19e-04  loss 0.05704  2.4 it/s  eta 3.96h
  step   26200/60000  lr 6.17e-04  loss 0.05661  3.1 it/s  eta 3.04h
  step   26300/60000  lr 6.14e-04  loss 0.05752  3.0 it/s  eta 3.07h
  step   26400/60000  lr 6.12e-04  loss 0.05708  3.1 it/s  eta 3.03h
  step   26500/60000  lr 6.09e-04  loss 0.05801  3.0 it/s  eta 3.05h
  step   26600/60000  lr 6.06e-04  loss 0.05714  3.1 it/s  eta 3.00h
  step   26700/60000  lr 6.04e-04  loss 0.05888  3.0 it/s  eta 3.04h
  step   26800/60000  lr 6.01e-04  loss 0.05495  3.1 it/s  eta 2.98h
  step   26900/60000  lr 5.99e-04  loss 0.05754  3.0 it/s  eta 3.02h
  step   27000/60000  lr 5.96e-04  loss 0.05656  3.0 it/s  eta 3.01h
  step   27100/60000  lr 5.93e-04  loss 0.05610  3.1 it/s  eta 2.99h
  step   27200/60000  lr 5.91e-04  loss 0.05571  3.1 it/s  eta 2.97h
  step   27300/60000  lr 5.88e-04  loss 0.05977  3.1 it/s  eta 2.98h
  step   27400/60000  lr 5.86e-04  loss 0.05733  3.1 it/s  eta 2.93h
  step   27500/60000  lr 5.83e-04  loss 0.05724  3.1 it/s  eta 2.94h
  step   27600/60000  lr 5.80e-04  loss 0.05721  3.1 it/s  eta 2.91h
  step   27700/60000  lr 5.78e-04  loss 0.05871  3.1 it/s  eta 2.94h
  step   27800/60000  lr 5.75e-04  loss 0.05705  3.1 it/s  eta 2.90h
  step   27900/60000  lr 5.72e-04  loss 0.05584  3.0 it/s  eta 3.01h
  step   28000/60000  lr 5.70e-04  loss 0.05691  2.8 it/s  eta 3.16h
  [val 28000]  clip 28.763dB/0.7634   minmax 26.125dB/0.7523   robust 24.226dB/0.7437   | OOD 19.269dB/0.5362 | grad 0.728 hf 0.55
  [val] new best 28.763 dB -> best.pt
  step   28100/60000  lr 5.67e-04  loss 0.05644  2.2 it/s  eta 3.99h
  step   28200/60000  lr 5.64e-04  loss 0.05682  2.8 it/s  eta 3.20h
  step   28300/60000  lr 5.62e-04  loss 0.05758  2.8 it/s  eta 3.10h
  step   28400/60000  lr 5.59e-04  loss 0.05581  2.9 it/s  eta 3.07h
  step   28500/60000  lr 5.56e-04  loss 0.05658  2.9 it/s  eta 3.00h
  step   28600/60000  lr 5.54e-04  loss 0.05643  2.9 it/s  eta 3.00h
  step   28700/60000  lr 5.51e-04  loss 0.05694  3.1 it/s  eta 2.81h
  step   28800/60000  lr 5.48e-04  loss 0.05736  3.1 it/s  eta 2.81h
  step   28900/60000  lr 5.46e-04  loss 0.05493  3.1 it/s  eta 2.79h
  step   29000/60000  lr 5.43e-04  loss 0.05830  3.1 it/s  eta 2.82h
  step   29100/60000  lr 5.41e-04  loss 0.05549  3.1 it/s  eta 2.79h
  step   29200/60000  lr 5.38e-04  loss 0.05655  3.1 it/s  eta 2.77h
  step   29300/60000  lr 5.35e-04  loss 0.05809  3.1 it/s  eta 2.75h
  step   29400/60000  lr 5.33e-04  loss 0.05921  3.1 it/s  eta 2.78h
  step   29500/60000  lr 5.30e-04  loss 0.05828  3.1 it/s  eta 2.73h
  step   29600/60000  lr 5.27e-04  loss 0.05632  3.1 it/s  eta 2.76h
  step   29700/60000  lr 5.25e-04  loss 0.05734  3.1 it/s  eta 2.67h
  step   29800/60000  lr 5.22e-04  loss 0.05608  3.1 it/s  eta 2.68h
  step   29900/60000  lr 5.19e-04  loss 0.05757  3.0 it/s  eta 2.83h
  step   30000/60000  lr 5.17e-04  loss 0.05798  2.8 it/s  eta 2.95h
  [val 30000]  clip 28.757dB/0.7635   minmax 26.157dB/0.7529   robust 24.223dB/0.7435   | OOD 19.406dB/0.5409 | grad 0.731 hf 0.55
  step   30100/60000  lr 5.14e-04  loss 0.05845  2.2 it/s  eta 3.70h
  step   30200/60000  lr 5.11e-04  loss 0.05717  2.8 it/s  eta 2.96h
  step   30300/60000  lr 5.09e-04  loss 0.05732  2.9 it/s  eta 2.86h
  step   30400/60000  lr 5.06e-04  loss 0.05730  2.9 it/s  eta 2.88h
  step   30500/60000  lr 5.03e-04  loss 0.05649  2.9 it/s  eta 2.86h
  step   30600/60000  lr 5.01e-04  loss 0.05750  2.9 it/s  eta 2.82h
  step   30700/60000  lr 4.98e-04  loss 0.05708  2.8 it/s  eta 2.95h
  step   30800/60000  lr 4.95e-04  loss 0.05805  2.8 it/s  eta 2.87h
  step   30900/60000  lr 4.93e-04  loss 0.05741  2.8 it/s  eta 2.86h
  step   31000/60000  lr 4.90e-04  loss 0.05690  2.9 it/s  eta 2.79h
  step   31100/60000  lr 4.87e-04  loss 0.05857  2.8 it/s  eta 2.85h
  step   31200/60000  lr 4.85e-04  loss 0.05809  2.9 it/s  eta 2.76h
  step   31300/60000  lr 4.82e-04  loss 0.05894  2.8 it/s  eta 2.89h
  step   31400/60000  lr 4.79e-04  loss 0.05789  2.9 it/s  eta 2.76h
  step   31500/60000  lr 4.77e-04  loss 0.05497  2.8 it/s  eta 2.82h
  step   31600/60000  lr 4.74e-04  loss 0.05763  2.9 it/s  eta 2.75h
  step   31700/60000  lr 4.71e-04  loss 0.05609  2.8 it/s  eta 2.77h
  step   31800/60000  lr 4.69e-04  loss 0.05659  2.9 it/s  eta 2.72h
  step   31900/60000  lr 4.66e-04  loss 0.05520  2.8 it/s  eta 2.79h
  step   32000/60000  lr 4.63e-04  loss 0.05804  2.8 it/s  eta 2.79h
  [val 32000]  clip 28.776dB/0.7641   minmax 26.214dB/0.7534   robust 24.237dB/0.7444   | OOD 19.375dB/0.5338 | grad 0.729 hf 0.56
  [val] new best 28.776 dB -> best.pt
  step   32100/60000  lr 4.61e-04  loss 0.05527  2.2 it/s  eta 3.51h
  step   32200/60000  lr 4.58e-04  loss 0.05687  2.8 it/s  eta 2.78h
  step   32300/60000  lr 4.55e-04  loss 0.05638  2.8 it/s  eta 2.72h
  step   32400/60000  lr 4.53e-04  loss 0.05880  2.8 it/s  eta 2.71h
  step   32500/60000  lr 4.50e-04  loss 0.05763  2.9 it/s  eta 2.66h
  step   32600/60000  lr 4.47e-04  loss 0.05824  2.8 it/s  eta 2.71h
  step   32700/60000  lr 4.45e-04  loss 0.05754  2.9 it/s  eta 2.66h
  step   32800/60000  lr 4.42e-04  loss 0.05576  2.9 it/s  eta 2.60h
  step   32900/60000  lr 4.39e-04  loss 0.05693  2.9 it/s  eta 2.57h
  step   33000/60000  lr 4.37e-04  loss 0.05786  2.9 it/s  eta 2.60h
  step   33100/60000  lr 4.34e-04  loss 0.05647  2.9 it/s  eta 2.61h
  step   33200/60000  lr 4.31e-04  loss 0.05646  2.9 it/s  eta 2.59h
  step   33300/60000  lr 4.29e-04  loss 0.05622  2.8 it/s  eta 2.61h
  step   33400/60000  lr 4.26e-04  loss 0.05862  2.9 it/s  eta 2.57h
  step   33500/60000  lr 4.23e-04  loss 0.05680  2.8 it/s  eta 2.64h
  step   33600/60000  lr 4.21e-04  loss 0.05619  2.8 it/s  eta 2.58h
  step   33700/60000  lr 4.18e-04  loss 0.05628  2.8 it/s  eta 2.57h
  step   33800/60000  lr 4.16e-04  loss 0.05935  2.8 it/s  eta 2.56h
  step   33900/60000  lr 4.13e-04  loss 0.05734  2.9 it/s  eta 2.53h
  step   34000/60000  lr 4.10e-04  loss 0.05799  2.9 it/s  eta 2.53h
  [val 34000]  clip 28.787dB/0.7643   minmax 26.228dB/0.7538   robust 24.236dB/0.7448   | OOD 18.978dB/0.5227 | grad 0.727 hf 0.56
  [val] new best 28.787 dB -> best.pt
  step   34100/60000  lr 4.08e-04  loss 0.05701  2.3 it/s  eta 3.20h
  step   34200/60000  lr 4.05e-04  loss 0.05495  2.9 it/s  eta 2.47h
  step   34300/60000  lr 4.02e-04  loss 0.05601  3.0 it/s  eta 2.35h
  step   34400/60000  lr 4.00e-04  loss 0.05628  3.0 it/s  eta 2.39h
  step   34500/60000  lr 3.97e-04  loss 0.05677  3.1 it/s  eta 2.29h
  step   34600/60000  lr 3.95e-04  loss 0.05714  3.0 it/s  eta 2.33h
  step   34700/60000  lr 3.92e-04  loss 0.05685  3.0 it/s  eta 2.33h
  step   34800/60000  lr 3.89e-04  loss 0.05699  3.0 it/s  eta 2.31h
  step   34900/60000  lr 3.87e-04  loss 0.06036  2.7 it/s  eta 2.55h
  step   35000/60000  lr 3.84e-04  loss 0.05653  2.7 it/s  eta 2.60h
  step   35100/60000  lr 3.82e-04  loss 0.05669  2.8 it/s  eta 2.49h
  step   35200/60000  lr 3.79e-04  loss 0.05544  2.7 it/s  eta 2.56h
  step   35300/60000  lr 3.76e-04  loss 0.05750  2.8 it/s  eta 2.46h
  step   35400/60000  lr 3.74e-04  loss 0.05636  2.8 it/s  eta 2.47h
  step   35500/60000  lr 3.71e-04  loss 0.05537  2.8 it/s  eta 2.43h
  step   35600/60000  lr 3.69e-04  loss 0.05811  2.8 it/s  eta 2.42h
  step   35700/60000  lr 3.66e-04  loss 0.05738  2.8 it/s  eta 2.41h
  step   35800/60000  lr 3.64e-04  loss 0.05605  2.8 it/s  eta 2.40h
  step   35900/60000  lr 3.61e-04  loss 0.05651  2.8 it/s  eta 2.39h
  step   36000/60000  lr 3.58e-04  loss 0.05444  2.8 it/s  eta 2.38h
  [val 36000]  clip 28.795dB/0.7645   minmax 26.237dB/0.7540   robust 24.243dB/0.7450   | OOD 18.957dB/0.5124 | grad 0.729 hf 0.56
  [val] new best 28.795 dB -> best.pt
  step   36100/60000  lr 3.56e-04  loss 0.05651  2.2 it/s  eta 3.09h
  step   36200/60000  lr 3.53e-04  loss 0.05573  2.8 it/s  eta 2.38h
  step   36300/60000  lr 3.51e-04  loss 0.05643  2.7 it/s  eta 2.42h
  step   36400/60000  lr 3.48e-04  loss 0.05386  2.8 it/s  eta 2.32h
  step   36500/60000  lr 3.46e-04  loss 0.05632  2.9 it/s  eta 2.28h
  step   36600/60000  lr 3.43e-04  loss 0.05576  2.9 it/s  eta 2.26h
  step   36700/60000  lr 3.41e-04  loss 0.05730  2.9 it/s  eta 2.24h
  step   36800/60000  lr 3.38e-04  loss 0.05750  2.9 it/s  eta 2.24h
  step   36900/60000  lr 3.36e-04  loss 0.05734  2.8 it/s  eta 2.27h
  step   37000/60000  lr 3.33e-04  loss 0.05804  2.9 it/s  eta 2.23h
  step   37100/60000  lr 3.31e-04  loss 0.05483  2.9 it/s  eta 2.21h
  step   37200/60000  lr 3.28e-04  loss 0.05692  2.8 it/s  eta 2.24h
  step   37300/60000  lr 3.26e-04  loss 0.05733  2.9 it/s  eta 2.19h
  step   37400/60000  lr 3.23e-04  loss 0.05632  2.9 it/s  eta 2.15h
  step   37500/60000  lr 3.21e-04  loss 0.05538  2.9 it/s  eta 2.17h
  step   37600/60000  lr 3.18e-04  loss 0.05717  2.8 it/s  eta 2.19h
  step   37700/60000  lr 3.16e-04  loss 0.05697  2.9 it/s  eta 2.16h
  step   37800/60000  lr 3.13e-04  loss 0.05741  2.8 it/s  eta 2.17h
  step   37900/60000  lr 3.11e-04  loss 0.05955  2.9 it/s  eta 2.13h
  step   38000/60000  lr 3.08e-04  loss 0.05720  2.9 it/s  eta 2.13h
  [val 38000]  clip 28.823dB/0.7655   minmax 26.237dB/0.7549   robust 24.270dB/0.7457   | OOD 19.218dB/0.5191 | grad 0.727 hf 0.56
  [val] new best 28.823 dB -> best.pt
  step   38100/60000  lr 3.06e-04  loss 0.05567  2.3 it/s  eta 2.70h
  step   38200/60000  lr 3.03e-04  loss 0.05530  2.9 it/s  eta 2.09h
  step   38300/60000  lr 3.01e-04  loss 0.05803  2.8 it/s  eta 2.16h
  step   38400/60000  lr 2.98e-04  loss 0.05504  2.9 it/s  eta 2.08h
  step   38500/60000  lr 2.96e-04  loss 0.05717  3.0 it/s  eta 1.96h
  step   38600/60000  lr 2.93e-04  loss 0.05655  3.1 it/s  eta 1.94h
  step   38700/60000  lr 2.91e-04  loss 0.05727  3.0 it/s  eta 1.97h
  step   38800/60000  lr 2.89e-04  loss 0.05636  3.0 it/s  eta 1.94h
  step   38900/60000  lr 2.86e-04  loss 0.05658  3.0 it/s  eta 1.94h
  step   39000/60000  lr 2.84e-04  loss 0.05632  3.0 it/s  eta 1.93h
  step   39100/60000  lr 2.81e-04  loss 0.05495  3.0 it/s  eta 1.95h
  step   39200/60000  lr 2.79e-04  loss 0.05701  3.0 it/s  eta 1.93h
  step   39300/60000  lr 2.77e-04  loss 0.05709  3.0 it/s  eta 1.93h
  step   39400/60000  lr 2.74e-04  loss 0.05514  3.0 it/s  eta 1.91h
  step   39500/60000  lr 2.72e-04  loss 0.05709  3.0 it/s  eta 1.90h
  step   39600/60000  lr 2.69e-04  loss 0.05611  3.0 it/s  eta 1.89h
  step   39700/60000  lr 2.67e-04  loss 0.05736  3.0 it/s  eta 1.89h
  step   39800/60000  lr 2.65e-04  loss 0.05739  3.0 it/s  eta 1.88h
  step   39900/60000  lr 2.62e-04  loss 0.05610  3.0 it/s  eta 1.89h
  step   40000/60000  lr 2.60e-04  loss 0.05731  3.0 it/s  eta 1.86h
  [val 40000]  clip 28.813dB/0.7650   minmax 26.270dB/0.7545   robust 24.265dB/0.7453   | OOD 19.314dB/0.5364 | grad 0.728 hf 0.56
  step   40100/60000  lr 2.58e-04  loss 0.05593  2.3 it/s  eta 2.40h
  step   40200/60000  lr 2.55e-04  loss 0.05783  2.9 it/s  eta 1.87h
  step   40300/60000  lr 2.53e-04  loss 0.05793  3.0 it/s  eta 1.84h
  step   40400/60000  lr 2.51e-04  loss 0.05531  3.0 it/s  eta 1.79h
  step   40500/60000  lr 2.48e-04  loss 0.05791  3.1 it/s  eta 1.77h
  step   40600/60000  lr 2.46e-04  loss 0.05890  3.0 it/s  eta 1.77h
  step   40700/60000  lr 2.44e-04  loss 0.05706  3.1 it/s  eta 1.76h
  step   40800/60000  lr 2.42e-04  loss 0.05594  3.0 it/s  eta 1.76h
  step   40900/60000  lr 2.39e-04  loss 0.05638  3.1 it/s  eta 1.71h
  step   41000/60000  lr 2.37e-04  loss 0.05734  3.1 it/s  eta 1.70h
  step   41100/60000  lr 2.35e-04  loss 0.05687  3.1 it/s  eta 1.69h
  step   41200/60000  lr 2.33e-04  loss 0.05499  3.1 it/s  eta 1.69h
  step   41300/60000  lr 2.30e-04  loss 0.05381  3.1 it/s  eta 1.67h
  step   41400/60000  lr 2.28e-04  loss 0.05692  3.1 it/s  eta 1.66h
  step   41500/60000  lr 2.26e-04  loss 0.05537  3.1 it/s  eta 1.66h
  step   41600/60000  lr 2.24e-04  loss 0.05834  3.1 it/s  eta 1.65h
  step   41700/60000  lr 2.21e-04  loss 0.05722  3.1 it/s  eta 1.65h
  step   41800/60000  lr 2.19e-04  loss 0.05542  3.1 it/s  eta 1.61h
  step   41900/60000  lr 2.17e-04  loss 0.05659  3.1 it/s  eta 1.62h
  step   42000/60000  lr 2.15e-04  loss 0.05607  3.1 it/s  eta 1.60h
  [val 42000]  clip 28.810dB/0.7651   minmax 26.264dB/0.7547   robust 24.265dB/0.7453   | OOD 19.020dB/0.5224 | grad 0.730 hf 0.56
  step   42100/60000  lr 2.13e-04  loss 0.05512  2.3 it/s  eta 2.15h
  step   42200/60000  lr 2.10e-04  loss 0.05651  2.8 it/s  eta 1.74h
  step   42300/60000  lr 2.08e-04  loss 0.05659  2.8 it/s  eta 1.73h
  step   42400/60000  lr 2.06e-04  loss 0.05645  2.9 it/s  eta 1.71h
  step   42500/60000  lr 2.04e-04  loss 0.05695  2.9 it/s  eta 1.70h
  step   42600/60000  lr 2.02e-04  loss 0.05564  2.8 it/s  eta 1.70h
  step   42700/60000  lr 2.00e-04  loss 0.05706  2.8 it/s  eta 1.70h
  step   42800/60000  lr 1.98e-04  loss 0.05536  2.8 it/s  eta 1.70h
  step   42900/60000  lr 1.95e-04  loss 0.05639  2.8 it/s  eta 1.67h
  step   43000/60000  lr 1.93e-04  loss 0.05665  2.8 it/s  eta 1.67h
  step   43100/60000  lr 1.91e-04  loss 0.05610  2.8 it/s  eta 1.68h
  step   43200/60000  lr 1.89e-04  loss 0.05925  2.7 it/s  eta 1.71h
  step   43300/60000  lr 1.87e-04  loss 0.05817  2.8 it/s  eta 1.67h
  step   43400/60000  lr 1.85e-04  loss 0.05613  2.8 it/s  eta 1.64h
  step   43500/60000  lr 1.83e-04  loss 0.05848  2.8 it/s  eta 1.64h
  step   43600/60000  lr 1.81e-04  loss 0.05621  2.8 it/s  eta 1.60h
  step   43700/60000  lr 1.79e-04  loss 0.05697  2.8 it/s  eta 1.63h
  step   43800/60000  lr 1.77e-04  loss 0.05707  2.8 it/s  eta 1.61h
  step   43900/60000  lr 1.75e-04  loss 0.05673  2.8 it/s  eta 1.60h
  step   44000/60000  lr 1.73e-04  loss 0.05683  2.8 it/s  eta 1.61h
  [val 44000]  clip 28.814dB/0.7650   minmax 26.296dB/0.7543   robust 24.265dB/0.7454   | OOD 19.243dB/0.5339 | grad 0.728 hf 0.56
  step   44100/60000  lr 1.71e-04  loss 0.05763  2.4 it/s  eta 1.87h
  step   44200/60000  lr 1.69e-04  loss 0.05598  2.8 it/s  eta 1.58h
  step   44300/60000  lr 1.67e-04  loss 0.05579  2.8 it/s  eta 1.55h
  step   44400/60000  lr 1.65e-04  loss 0.05761  3.3 it/s  eta 1.32h
  step   44500/60000  lr 1.63e-04  loss 0.05779  3.2 it/s  eta 1.36h
  step   44600/60000  lr 1.61e-04  loss 0.05682  3.2 it/s  eta 1.35h
  step   44700/60000  lr 1.59e-04  loss 0.05532  3.1 it/s  eta 1.39h
  step   44800/60000  lr 1.57e-04  loss 0.05495  3.0 it/s  eta 1.43h
  step   44900/60000  lr 1.55e-04  loss 0.05429  2.7 it/s  eta 1.55h
  step   45000/60000  lr 1.53e-04  loss 0.05503  2.7 it/s  eta 1.54h
  step   45100/60000  lr 1.51e-04  loss 0.05667  2.7 it/s  eta 1.52h
  step   45200/60000  lr 1.49e-04  loss 0.05703  2.7 it/s  eta 1.52h
  step   45300/60000  lr 1.47e-04  loss 0.05664  2.7 it/s  eta 1.50h
  step   45400/60000  lr 1.45e-04  loss 0.05547  2.6 it/s  eta 1.55h
  step   45500/60000  lr 1.44e-04  loss 0.05484  3.0 it/s  eta 1.34h
  step   45600/60000  lr 1.42e-04  loss 0.05532  3.0 it/s  eta 1.35h
  step   45700/60000  lr 1.40e-04  loss 0.05631  3.0 it/s  eta 1.31h
  step   45800/60000  lr 1.38e-04  loss 0.05581  3.0 it/s  eta 1.32h
  step   45900/60000  lr 1.36e-04  loss 0.05737  3.0 it/s  eta 1.30h
  step   46000/60000  lr 1.34e-04  loss 0.05737  3.0 it/s  eta 1.30h
  [val 46000]  clip 28.817dB/0.7652   minmax 26.311dB/0.7548   robust 24.280dB/0.7457   | OOD 18.766dB/0.5173 | grad 0.729 hf 0.56
  step   46100/60000  lr 1.33e-04  loss 0.05692  2.4 it/s  eta 1.64h
  step   46200/60000  lr 1.31e-04  loss 0.05508  3.0 it/s  eta 1.26h
  step   46300/60000  lr 1.29e-04  loss 0.05698  2.8 it/s  eta 1.36h
  step   46400/60000  lr 1.27e-04  loss 0.05749  2.6 it/s  eta 1.47h
  step   46500/60000  lr 1.25e-04  loss 0.05662  2.7 it/s  eta 1.41h
  step   46600/60000  lr 1.24e-04  loss 0.05641  3.2 it/s  eta 1.17h
  step   46700/60000  lr 1.22e-04  loss 0.05650  3.2 it/s  eta 1.15h
  step   46800/60000  lr 1.20e-04  loss 0.05566  3.1 it/s  eta 1.18h
