[data] loading 3200 pairs from train/train ...
[data] source-aware split: 80 val groups (320 images), leakage check = 0 (must be 0)
[data] train=2880 val=320 resident on cuda (500 MB, torch.float16)
[model] config=m head=resize_conv up_mode=pixelshuffle residual=bicubic input_transform=log params=29.16M
[train] 60000 iters, batch 16, warmup 1200 (2.0%), synth_ratio 0.5, amp bf16
  step     100/60000  lr 8.33e-05  loss 0.12046  1.3 it/s  eta 13.20h
  step     200/60000  lr 1.67e-04  loss 0.09055  3.2 it/s  eta 5.17h
  step     300/60000  lr 2.50e-04  loss 0.07930  3.2 it/s  eta 5.24h
  step     400/60000  lr 3.33e-04  loss 0.06997  3.1 it/s  eta 5.35h
  step     500/60000  lr 4.17e-04  loss 0.06501  3.1 it/s  eta 5.33h
  step     600/60000  lr 5.00e-04  loss 0.06415  3.1 it/s  eta 5.30h
  step     700/60000  lr 5.83e-04  loss 0.06410  3.1 it/s  eta 5.32h
  step     800/60000  lr 6.67e-04  loss 0.06287  3.1 it/s  eta 5.35h
  step     900/60000  lr 7.50e-04  loss 0.06207  3.1 it/s  eta 5.31h
  step    1000/60000  lr 8.33e-04  loss 0.06045  3.1 it/s  eta 5.27h
  step    1100/60000  lr 9.17e-04  loss 0.06224  3.0 it/s  eta 5.36h
  step    1200/60000  lr 1.00e-03  loss 0.06024  2.7 it/s  eta 6.02h
  step    1300/60000  lr 1.00e-03  loss 0.06010  2.6 it/s  eta 6.32h
  step    1400/60000  lr 1.00e-03  loss 0.06010  2.6 it/s  eta 6.32h
  step    1500/60000  lr 1.00e-03  loss 0.06064  2.6 it/s  eta 6.18h
  step    1600/60000  lr 1.00e-03  loss 0.06118  2.6 it/s  eta 6.22h
  step    1700/60000  lr 1.00e-03  loss 0.05860  2.6 it/s  eta 6.22h
  step    1800/60000  lr 1.00e-03  loss 0.05871  2.6 it/s  eta 6.31h
  step    1900/60000  lr 1.00e-03  loss 0.05714  2.6 it/s  eta 6.29h
  step    2000/60000  lr 1.00e-03  loss 0.05936  2.5 it/s  eta 6.40h
  [val 2000]  clip 28.458dB/0.7481   minmax 25.239dB/0.7308   robust 24.120dB/0.7321   | OOD 17.113dB/0.4489 | grad 0.663 hf 0.44
  [val] new best 28.458 dB -> best.pt
  step    2100/60000  lr 9.99e-04  loss 0.05662  1.5 it/s  eta 10.45h
  step    2200/60000  lr 9.99e-04  loss 0.05669  3.0 it/s  eta 5.28h
  step    2300/60000  lr 9.99e-04  loss 0.05712  3.1 it/s  eta 5.15h
  step    2400/60000  lr 9.99e-04  loss 0.05736  3.1 it/s  eta 5.19h
  step    2500/60000  lr 9.99e-04  loss 0.05471  3.2 it/s  eta 5.06h
  step    2600/60000  lr 9.99e-04  loss 0.05480  3.1 it/s  eta 5.07h
  step    2700/60000  lr 9.98e-04  loss 0.05646  3.2 it/s  eta 5.03h
  step    2800/60000  lr 9.98e-04  loss 0.05585  3.1 it/s  eta 5.08h
  step    2900/60000  lr 9.98e-04  loss 0.05528  3.1 it/s  eta 5.17h
  step    3000/60000  lr 9.98e-04  loss 0.05434  3.1 it/s  eta 5.09h
  step    3100/60000  lr 9.97e-04  loss 0.05656  3.1 it/s  eta 5.05h
  step    3200/60000  lr 9.97e-04  loss 0.05488  3.2 it/s  eta 4.94h
  step    3300/60000  lr 9.97e-04  loss 0.05749  3.1 it/s  eta 5.15h
  step    3400/60000  lr 9.97e-04  loss 0.05519  3.3 it/s  eta 4.74h
  step    3500/60000  lr 9.96e-04  loss 0.05599  3.3 it/s  eta 4.75h
  step    3600/60000  lr 9.96e-04  loss 0.05579  3.1 it/s  eta 5.01h
  step    3700/60000  lr 9.96e-04  loss 0.05496  3.3 it/s  eta 4.80h
  step    3800/60000  lr 9.95e-04  loss 0.05572  3.2 it/s  eta 4.83h
  step    3900/60000  lr 9.95e-04  loss 0.05383  3.2 it/s  eta 4.84h
  step    4000/60000  lr 9.94e-04  loss 0.05504  3.0 it/s  eta 5.14h
  [val 4000]  clip 28.929dB/0.7652   minmax 26.027dB/0.7522   robust 24.395dB/0.7492   | OOD 17.595dB/0.4669 | grad 0.663 hf 0.47
  [val] new best 28.929 dB -> best.pt
  step    4100/60000  lr 9.94e-04  loss 0.05419  2.3 it/s  eta 6.75h
  step    4200/60000  lr 9.94e-04  loss 0.05649  3.0 it/s  eta 5.14h
  step    4300/60000  lr 9.93e-04  loss 0.05429  3.0 it/s  eta 5.18h
  step    4400/60000  lr 9.93e-04  loss 0.05479  3.1 it/s  eta 5.03h
  step    4500/60000  lr 9.92e-04  loss 0.05511  2.9 it/s  eta 5.29h
  step    4600/60000  lr 9.92e-04  loss 0.05561  2.9 it/s  eta 5.24h
  step    4700/60000  lr 9.91e-04  loss 0.05657  3.1 it/s  eta 5.03h
  step    4800/60000  lr 9.91e-04  loss 0.05575  3.1 it/s  eta 5.00h
  step    4900/60000  lr 9.90e-04  loss 0.05448  3.1 it/s  eta 4.97h
  step    5000/60000  lr 9.90e-04  loss 0.05505  3.1 it/s  eta 4.97h
  step    5100/60000  lr 9.89e-04  loss 0.05494  3.3 it/s  eta 4.66h
  step    5200/60000  lr 9.89e-04  loss 0.05302  3.3 it/s  eta 4.58h
  step    5300/60000  lr 9.88e-04  loss 0.05492  3.2 it/s  eta 4.69h
  step    5400/60000  lr 9.87e-04  loss 0.05521  3.3 it/s  eta 4.54h
  step    5500/60000  lr 9.87e-04  loss 0.05516  3.3 it/s  eta 4.58h
  step    5600/60000  lr 9.86e-04  loss 0.05446  3.3 it/s  eta 4.57h
  step    5700/60000  lr 9.86e-04  loss 0.05277  3.3 it/s  eta 4.59h
  step    5800/60000  lr 9.85e-04  loss 0.05440  3.3 it/s  eta 4.55h
  step    5900/60000  lr 9.84e-04  loss 0.05418  3.3 it/s  eta 4.58h
  step    6000/60000  lr 9.84e-04  loss 0.05431  3.3 it/s  eta 4.51h
  [val 6000]  clip 29.091dB/0.7710   minmax 26.230dB/0.7592   robust 24.473dB/0.7544   | OOD 18.044dB/0.4980 | grad 0.666 hf 0.49
  [val] new best 29.091 dB -> best.pt
  step    6100/60000  lr 9.83e-04  loss 0.05334  2.4 it/s  eta 6.19h
  step    6200/60000  lr 9.82e-04  loss 0.05332  3.4 it/s  eta 4.43h
  step    6300/60000  lr 9.82e-04  loss 0.05458  3.3 it/s  eta 4.52h
  step    6400/60000  lr 9.81e-04  loss 0.05512  3.3 it/s  eta 4.52h
  step    6500/60000  lr 9.80e-04  loss 0.05294  3.0 it/s  eta 5.01h
  step    6600/60000  lr 9.79e-04  loss 0.05621  3.1 it/s  eta 4.83h
  step    6700/60000  lr 9.79e-04  loss 0.05446  3.0 it/s  eta 4.97h
  step    6800/60000  lr 9.78e-04  loss 0.05252  3.0 it/s  eta 4.92h
  step    6900/60000  lr 9.77e-04  loss 0.05421  3.0 it/s  eta 4.95h
  step    7000/60000  lr 9.76e-04  loss 0.05419  3.0 it/s  eta 4.87h
  step    7100/60000  lr 9.75e-04  loss 0.05255  3.0 it/s  eta 4.83h
  step    7200/60000  lr 9.75e-04  loss 0.05374  3.0 it/s  eta 4.84h
  step    7300/60000  lr 9.74e-04  loss 0.05464  3.0 it/s  eta 4.84h
  step    7400/60000  lr 9.73e-04  loss 0.05461  3.1 it/s  eta 4.77h
  step    7500/60000  lr 9.72e-04  loss 0.05323  3.0 it/s  eta 4.82h
  step    7600/60000  lr 9.71e-04  loss 0.05284  3.0 it/s  eta 4.78h
  step    7700/60000  lr 9.70e-04  loss 0.05283  3.0 it/s  eta 4.84h
  step    7800/60000  lr 9.69e-04  loss 0.05417  3.1 it/s  eta 4.71h
  step    7900/60000  lr 9.68e-04  loss 0.05273  3.0 it/s  eta 4.77h
  step    8000/60000  lr 9.67e-04  loss 0.05280  3.1 it/s  eta 4.69h
  [val 8000]  clip 29.182dB/0.7735   minmax 26.357dB/0.7620   robust 24.488dB/0.7567   | OOD 18.426dB/0.5222 | grad 0.666 hf 0.49
  [val] new best 29.182 dB -> best.pt
  step    8100/60000  lr 9.66e-04  loss 0.05526  2.3 it/s  eta 6.19h
  step    8200/60000  lr 9.65e-04  loss 0.05480  2.9 it/s  eta 4.91h
  step    8300/60000  lr 9.64e-04  loss 0.05287  2.9 it/s  eta 4.88h
  step    8400/60000  lr 9.64e-04  loss 0.05352  3.1 it/s  eta 4.68h
  step    8500/60000  lr 9.62e-04  loss 0.05424  3.0 it/s  eta 4.76h
  step    8600/60000  lr 9.61e-04  loss 0.05512  3.1 it/s  eta 4.66h
  step    8700/60000  lr 9.60e-04  loss 0.05353  3.0 it/s  eta 4.73h
  step    8800/60000  lr 9.59e-04  loss 0.05265  3.1 it/s  eta 4.63h
  step    8900/60000  lr 9.58e-04  loss 0.05293  3.0 it/s  eta 4.67h
  step    9000/60000  lr 9.57e-04  loss 0.05243  3.0 it/s  eta 4.65h
  step    9100/60000  lr 9.56e-04  loss 0.05420  3.0 it/s  eta 4.73h
  step    9200/60000  lr 9.55e-04  loss 0.05201  3.0 it/s  eta 4.64h
  step    9300/60000  lr 9.54e-04  loss 0.05242  3.0 it/s  eta 4.73h
  step    9400/60000  lr 9.53e-04  loss 0.05263  2.9 it/s  eta 4.83h
  step    9500/60000  lr 9.52e-04  loss 0.05432  2.9 it/s  eta 4.91h
  step    9600/60000  lr 9.51e-04  loss 0.05184  3.0 it/s  eta 4.71h
  step    9700/60000  lr 9.49e-04  loss 0.05509  2.9 it/s  eta 4.82h
  step    9800/60000  lr 9.48e-04  loss 0.05459  2.9 it/s  eta 4.73h
  step    9900/60000  lr 9.47e-04  loss 0.05266  2.9 it/s  eta 4.78h
  step   10000/60000  lr 9.46e-04  loss 0.05539  3.1 it/s  eta 4.55h
  [val 10000]  clip 29.240dB/0.7754   minmax 26.455dB/0.7644   robust 24.513dB/0.7586   | OOD 18.292dB/0.5120 | grad 0.667 hf 0.50
  [val] new best 29.240 dB -> best.pt
  step   10100/60000  lr 9.45e-04  loss 0.05386  2.4 it/s  eta 5.90h
  step   10200/60000  lr 9.43e-04  loss 0.05377  3.0 it/s  eta 4.66h
  step   10300/60000  lr 9.42e-04  loss 0.05283  3.0 it/s  eta 4.55h
  step   10400/60000  lr 9.41e-04  loss 0.05253  3.0 it/s  eta 4.55h
  step   10500/60000  lr 9.40e-04  loss 0.05220  3.0 it/s  eta 4.51h
  step   10600/60000  lr 9.38e-04  loss 0.05221  3.1 it/s  eta 4.50h
  step   10700/60000  lr 9.37e-04  loss 0.05327  3.0 it/s  eta 4.52h
  step   10800/60000  lr 9.36e-04  loss 0.05296  3.0 it/s  eta 4.55h
  step   10900/60000  lr 9.34e-04  loss 0.05217  3.1 it/s  eta 4.44h
  step   11000/60000  lr 9.33e-04  loss 0.05121  3.0 it/s  eta 4.48h
  step   11100/60000  lr 9.32e-04  loss 0.05456  3.1 it/s  eta 4.38h
  step   11200/60000  lr 9.30e-04  loss 0.05299  3.0 it/s  eta 4.46h
  step   11300/60000  lr 9.29e-04  loss 0.05257  3.1 it/s  eta 4.37h
  step   11400/60000  lr 9.28e-04  loss 0.05293  3.0 it/s  eta 4.47h
  step   11500/60000  lr 9.26e-04  loss 0.05263  3.1 it/s  eta 4.40h
  step   11600/60000  lr 9.25e-04  loss 0.05390  3.1 it/s  eta 4.34h
  step   11700/60000  lr 9.23e-04  loss 0.05393  3.1 it/s  eta 4.35h
  step   11800/60000  lr 9.22e-04  loss 0.05310  3.1 it/s  eta 4.33h
  step   11900/60000  lr 9.21e-04  loss 0.05271  3.0 it/s  eta 4.39h
  step   12000/60000  lr 9.19e-04  loss 0.05103  3.0 it/s  eta 4.38h
  [val 12000]  clip 29.293dB/0.7769   minmax 26.517dB/0.7658   robust 24.547dB/0.7601   | OOD 18.668dB/0.5249 | grad 0.668 hf 0.50
  [val] new best 29.293 dB -> best.pt
  step   12100/60000  lr 9.18e-04  loss 0.05348  2.3 it/s  eta 5.73h
  step   12200/60000  lr 9.16e-04  loss 0.05228  3.0 it/s  eta 4.43h
  step   12300/60000  lr 9.15e-04  loss 0.05393  3.1 it/s  eta 4.30h
  step   12400/60000  lr 9.13e-04  loss 0.05320  3.0 it/s  eta 4.39h
  step   12500/60000  lr 9.12e-04  loss 0.05153  3.0 it/s  eta 4.34h
  step   12600/60000  lr 9.10e-04  loss 0.05228  2.9 it/s  eta 4.50h
  step   12700/60000  lr 9.09e-04  loss 0.05304  2.9 it/s  eta 4.45h
  step   12800/60000  lr 9.07e-04  loss 0.05280  2.9 it/s  eta 4.45h
  step   12900/60000  lr 9.06e-04  loss 0.05305  3.1 it/s  eta 4.20h
  step   13000/60000  lr 9.04e-04  loss 0.05136  3.1 it/s  eta 4.20h
  step   13100/60000  lr 9.02e-04  loss 0.05419  3.1 it/s  eta 4.15h
  step   13200/60000  lr 9.01e-04  loss 0.05257  3.1 it/s  eta 4.14h
  step   13300/60000  lr 8.99e-04  loss 0.05384  3.2 it/s  eta 4.12h
  step   13400/60000  lr 8.98e-04  loss 0.05236  3.1 it/s  eta 4.16h
  step   13500/60000  lr 8.96e-04  loss 0.05493  3.1 it/s  eta 4.13h
  step   13600/60000  lr 8.94e-04  loss 0.05313  3.1 it/s  eta 4.12h
  step   13700/60000  lr 8.93e-04  loss 0.05335  3.1 it/s  eta 4.08h
  step   13800/60000  lr 8.91e-04  loss 0.05323  3.2 it/s  eta 4.04h
  step   13900/60000  lr 8.89e-04  loss 0.05191  3.4 it/s  eta 3.78h
  step   14000/60000  lr 8.88e-04  loss 0.05308  3.4 it/s  eta 3.78h
  [val 14000]  clip 29.330dB/0.7784   minmax 26.536dB/0.7672   robust 24.580dB/0.7614   | OOD 18.679dB/0.5331 | grad 0.670 hf 0.51
  [val] new best 29.330 dB -> best.pt
  step   14100/60000  lr 8.86e-04  loss 0.05342  2.5 it/s  eta 5.06h
  step   14200/60000  lr 8.84e-04  loss 0.05221  3.4 it/s  eta 3.77h
  step   14300/60000  lr 8.83e-04  loss 0.05308  3.4 it/s  eta 3.77h
  step   14400/60000  lr 8.81e-04  loss 0.05235  3.4 it/s  eta 3.74h
  step   14500/60000  lr 8.79e-04  loss 0.05248  3.4 it/s  eta 3.77h
  step   14600/60000  lr 8.77e-04  loss 0.05306  3.4 it/s  eta 3.72h
  step   14700/60000  lr 8.76e-04  loss 0.05348  3.4 it/s  eta 3.73h
  step   14800/60000  lr 8.74e-04  loss 0.05061  3.4 it/s  eta 3.67h
  step   14900/60000  lr 8.72e-04  loss 0.05237  3.2 it/s  eta 3.96h
  step   15000/60000  lr 8.70e-04  loss 0.05211  3.2 it/s  eta 3.96h
  step   15100/60000  lr 8.68e-04  loss 0.05284  3.1 it/s  eta 3.97h
  step   15200/60000  lr 8.67e-04  loss 0.05330  3.2 it/s  eta 3.91h
  step   15300/60000  lr 8.65e-04  loss 0.05276  3.2 it/s  eta 3.89h
  step   15400/60000  lr 8.63e-04  loss 0.05019  3.2 it/s  eta 3.89h
  step   15500/60000  lr 8.61e-04  loss 0.05414  3.2 it/s  eta 3.84h
  step   15600/60000  lr 8.59e-04  loss 0.05145  3.2 it/s  eta 3.81h
  step   15700/60000  lr 8.57e-04  loss 0.05302  3.2 it/s  eta 3.81h
  step   15800/60000  lr 8.56e-04  loss 0.05195  3.2 it/s  eta 3.84h
  step   15900/60000  lr 8.54e-04  loss 0.05075  3.2 it/s  eta 3.80h
  step   16000/60000  lr 8.52e-04  loss 0.05232  3.2 it/s  eta 3.79h
  [val 16000]  clip 29.362dB/0.7794   minmax 26.596dB/0.7685   robust 24.614dB/0.7623   | OOD 18.785dB/0.5348 | grad 0.670 hf 0.51
  [val] new best 29.362 dB -> best.pt
  step   16100/60000  lr 8.50e-04  loss 0.05312  2.4 it/s  eta 4.98h
  step   16200/60000  lr 8.48e-04  loss 0.05362  3.2 it/s  eta 3.78h
  step   16300/60000  lr 8.46e-04  loss 0.05128  3.2 it/s  eta 3.75h
  step   16400/60000  lr 8.44e-04  loss 0.05400  3.1 it/s  eta 3.85h
  step   16500/60000  lr 8.42e-04  loss 0.05331  3.1 it/s  eta 3.84h
  step   16600/60000  lr 8.40e-04  loss 0.05157  3.4 it/s  eta 3.58h
  step   16700/60000  lr 8.38e-04  loss 0.05100  3.4 it/s  eta 3.59h
  step   16800/60000  lr 8.36e-04  loss 0.05270  3.3 it/s  eta 3.61h
  step   16900/60000  lr 8.34e-04  loss 0.05187  3.4 it/s  eta 3.55h
  step   17000/60000  lr 8.32e-04  loss 0.05121  3.4 it/s  eta 3.51h
  step   17100/60000  lr 8.30e-04  loss 0.05318  3.4 it/s  eta 3.46h
  step   17200/60000  lr 8.28e-04  loss 0.05209  3.4 it/s  eta 3.51h
  step   17300/60000  lr 8.26e-04  loss 0.05091  3.4 it/s  eta 3.45h
  step   17400/60000  lr 8.24e-04  loss 0.05263  3.4 it/s  eta 3.44h
  step   17500/60000  lr 8.22e-04  loss 0.05240  3.4 it/s  eta 3.44h
  step   17600/60000  lr 8.20e-04  loss 0.05370  3.5 it/s  eta 3.38h
  step   17700/60000  lr 8.18e-04  loss 0.05272  3.4 it/s  eta 3.43h
  step   17800/60000  lr 8.16e-04  loss 0.05108  3.5 it/s  eta 3.37h
  step   17900/60000  lr 8.14e-04  loss 0.05111  3.4 it/s  eta 3.43h
  step   18000/60000  lr 8.12e-04  loss 0.05287  3.5 it/s  eta 3.37h
  [val 18000]  clip 29.385dB/0.7802   minmax 26.591dB/0.7695   robust 24.611dB/0.7629   | OOD 19.266dB/0.5465 | grad 0.671 hf 0.51
  [val] new best 29.385 dB -> best.pt
  step   18100/60000  lr 8.10e-04  loss 0.05321  2.6 it/s  eta 4.50h
  step   18200/60000  lr 8.08e-04  loss 0.05092  3.5 it/s  eta 3.34h
  step   18300/60000  lr 8.06e-04  loss 0.05264  3.5 it/s  eta 3.34h
  step   18400/60000  lr 8.04e-04  loss 0.05288  3.5 it/s  eta 3.31h
  step   18500/60000  lr 8.01e-04  loss 0.05179  3.5 it/s  eta 3.30h
  step   18600/60000  lr 7.99e-04  loss 0.05209  3.5 it/s  eta 3.32h
  step   18700/60000  lr 7.97e-04  loss 0.05344  3.4 it/s  eta 3.37h
  step   18800/60000  lr 7.95e-04  loss 0.05116  3.4 it/s  eta 3.39h
  step   18900/60000  lr 7.93e-04  loss 0.05118  3.4 it/s  eta 3.38h
  step   19000/60000  lr 7.91e-04  loss 0.05274  3.3 it/s  eta 3.46h
  step   19100/60000  lr 7.88e-04  loss 0.05316  3.2 it/s  eta 3.50h
  step   19200/60000  lr 7.86e-04  loss 0.05310  3.2 it/s  eta 3.54h
  step   19300/60000  lr 7.84e-04  loss 0.05087  3.3 it/s  eta 3.47h
  step   19400/60000  lr 7.82e-04  loss 0.05233  3.2 it/s  eta 3.50h
  step   19500/60000  lr 7.80e-04  loss 0.05323  3.2 it/s  eta 3.48h
  step   19600/60000  lr 7.77e-04  loss 0.05241  3.2 it/s  eta 3.48h
  step   19700/60000  lr 7.75e-04  loss 0.05148  3.3 it/s  eta 3.43h
  step   19800/60000  lr 7.73e-04  loss 0.05221  3.2 it/s  eta 3.46h
  step   19900/60000  lr 7.71e-04  loss 0.05197  3.2 it/s  eta 3.52h
  step   20000/60000  lr 7.69e-04  loss 0.05209  3.0 it/s  eta 3.65h
  [val 20000]  clip 29.398dB/0.7807   minmax 26.626dB/0.7704   robust 24.598dB/0.7629   | OOD 19.204dB/0.5398 | grad 0.671 hf 0.51
  [val] new best 29.398 dB -> best.pt
  step   20100/60000  lr 7.66e-04  loss 0.05280  2.3 it/s  eta 4.83h
  step   20200/60000  lr 7.64e-04  loss 0.05181  2.9 it/s  eta 3.81h
  step   20300/60000  lr 7.62e-04  loss 0.05079  2.8 it/s  eta 3.91h
  step   20400/60000  lr 7.59e-04  loss 0.05211  2.6 it/s  eta 4.16h
  step   20500/60000  lr 7.57e-04  loss 0.05361  2.6 it/s  eta 4.17h
  step   20600/60000  lr 7.55e-04  loss 0.05149  2.7 it/s  eta 4.06h
  step   20700/60000  lr 7.53e-04  loss 0.04929  3.6 it/s  eta 3.07h
  step   20800/60000  lr 7.50e-04  loss 0.05225  3.4 it/s  eta 3.25h
  step   20900/60000  lr 7.48e-04  loss 0.05109  3.5 it/s  eta 3.14h
  step   21000/60000  lr 7.46e-04  loss 0.05032  3.2 it/s  eta 3.42h
  step   21100/60000  lr 7.43e-04  loss 0.05106  3.4 it/s  eta 3.21h
  step   21200/60000  lr 7.41e-04  loss 0.05107  3.3 it/s  eta 3.30h
  step   21300/60000  lr 7.39e-04  loss 0.05200  3.4 it/s  eta 3.13h
  step   21400/60000  lr 7.36e-04  loss 0.05111  3.4 it/s  eta 3.12h
  step   21500/60000  lr 7.34e-04  loss 0.05231  3.2 it/s  eta 3.39h
  step   21600/60000  lr 7.32e-04  loss 0.05091  3.2 it/s  eta 3.31h
  step   21700/60000  lr 7.29e-04  loss 0.05265  3.5 it/s  eta 3.04h
  step   21800/60000  lr 7.27e-04  loss 0.05492  3.5 it/s  eta 3.01h
  step   21900/60000  lr 7.24e-04  loss 0.05133  3.1 it/s  eta 3.41h
  step   22000/60000  lr 7.22e-04  loss 0.05370  3.3 it/s  eta 3.21h
  [val 22000]  clip 29.417dB/0.7811   minmax 26.666dB/0.7710   robust 24.606dB/0.7634   | OOD 19.398dB/0.5570 | grad 0.672 hf 0.51
  [val] new best 29.417 dB -> best.pt
  step   22100/60000  lr 7.20e-04  loss 0.05480  2.4 it/s  eta 4.30h
  step   22200/60000  lr 7.17e-04  loss 0.05162  3.3 it/s  eta 3.17h
  step   22300/60000  lr 7.15e-04  loss 0.05310  3.3 it/s  eta 3.18h
  step   22400/60000  lr 7.12e-04  loss 0.05227  3.3 it/s  eta 3.20h
  step   22500/60000  lr 7.10e-04  loss 0.05132  3.3 it/s  eta 3.16h
  step   22600/60000  lr 7.08e-04  loss 0.05094  3.3 it/s  eta 3.18h
  step   22700/60000  lr 7.05e-04  loss 0.05187  2.8 it/s  eta 3.70h
  step   22800/60000  lr 7.03e-04  loss 0.05263  3.2 it/s  eta 3.21h
  step   22900/60000  lr 7.00e-04  loss 0.05154  3.2 it/s  eta 3.17h
  step   23000/60000  lr 6.98e-04  loss 0.05206  3.3 it/s  eta 3.13h
  step   23100/60000  lr 6.95e-04  loss 0.05264  3.3 it/s  eta 3.15h
  step   23200/60000  lr 6.93e-04  loss 0.05124  3.3 it/s  eta 3.11h
  step   23300/60000  lr 6.90e-04  loss 0.05252  3.2 it/s  eta 3.23h
  step   23400/60000  lr 6.88e-04  loss 0.05030  3.2 it/s  eta 3.15h
  step   23500/60000  lr 6.85e-04  loss 0.05135  3.3 it/s  eta 3.08h
  step   23600/60000  lr 6.83e-04  loss 0.05074  3.2 it/s  eta 3.15h
  step   23700/60000  lr 6.81e-04  loss 0.05035  3.2 it/s  eta 3.11h
  step   23800/60000  lr 6.78e-04  loss 0.05136  2.9 it/s  eta 3.44h
  step   23900/60000  lr 6.76e-04  loss 0.05217  3.0 it/s  eta 3.30h
  step   24000/60000  lr 6.73e-04  loss 0.05257  3.0 it/s  eta 3.31h
  [val 24000]  clip 29.429dB/0.7816   minmax 26.659dB/0.7718   robust 24.630dB/0.7639   | OOD 19.059dB/0.5444 | grad 0.672 hf 0.51
  [val] new best 29.429 dB -> best.pt
  step   24100/60000  lr 6.71e-04  loss 0.05192  2.3 it/s  eta 4.38h
  step   24200/60000  lr 6.68e-04  loss 0.05322  3.0 it/s  eta 3.28h
  step   24300/60000  lr 6.65e-04  loss 0.05137  3.0 it/s  eta 3.31h
  step   24400/60000  lr 6.63e-04  loss 0.05219  3.1 it/s  eta 3.22h
  step   24500/60000  lr 6.60e-04  loss 0.05166  3.1 it/s  eta 3.22h
  step   24600/60000  lr 6.58e-04  loss 0.05144  3.1 it/s  eta 3.21h
  step   24700/60000  lr 6.55e-04  loss 0.05213  3.0 it/s  eta 3.25h
  step   24800/60000  lr 6.53e-04  loss 0.05199  3.0 it/s  eta 3.22h
  step   24900/60000  lr 6.50e-04  loss 0.05304  3.0 it/s  eta 3.23h
  step   25000/60000  lr 6.48e-04  loss 0.05321  3.1 it/s  eta 3.17h
  step   25100/60000  lr 6.45e-04  loss 0.05213  3.1 it/s  eta 3.17h
  step   25200/60000  lr 6.43e-04  loss 0.05163  3.1 it/s  eta 3.16h
  step   25300/60000  lr 6.40e-04  loss 0.05374  3.1 it/s  eta 3.16h
  step   25400/60000  lr 6.38e-04  loss 0.05208  3.0 it/s  eta 3.16h
  step   25500/60000  lr 6.35e-04  loss 0.05218  3.0 it/s  eta 3.20h
  step   25600/60000  lr 6.32e-04  loss 0.05150  3.0 it/s  eta 3.14h
  step   25700/60000  lr 6.30e-04  loss 0.05249  3.1 it/s  eta 3.07h
  step   25800/60000  lr 6.27e-04  loss 0.05108  3.1 it/s  eta 3.08h
  step   25900/60000  lr 6.25e-04  loss 0.05123  3.1 it/s  eta 3.08h
  step   26000/60000  lr 6.22e-04  loss 0.04929  3.1 it/s  eta 3.09h
  [val 26000]  clip 29.437dB/0.7820   minmax 26.632dB/0.7722   robust 24.607dB/0.7640   | OOD 19.047dB/0.5418 | grad 0.672 hf 0.52
  [val] new best 29.437 dB -> best.pt
  step   26100/60000  lr 6.19e-04  loss 0.05119  2.3 it/s  eta 4.07h
  step   26200/60000  lr 6.17e-04  loss 0.05121  3.1 it/s  eta 3.02h
  step   26300/60000  lr 6.14e-04  loss 0.05150  3.3 it/s  eta 2.86h
  step   26400/60000  lr 6.12e-04  loss 0.05139  3.3 it/s  eta 2.83h
  step   26500/60000  lr 6.09e-04  loss 0.05220  3.3 it/s  eta 2.84h
  step   26600/60000  lr 6.06e-04  loss 0.05090  3.3 it/s  eta 2.81h
  step   26700/60000  lr 6.04e-04  loss 0.05278  3.3 it/s  eta 2.81h
  step   26800/60000  lr 6.01e-04  loss 0.04958  3.3 it/s  eta 2.83h
  step   26900/60000  lr 5.99e-04  loss 0.05190  3.3 it/s  eta 2.77h
  step   27000/60000  lr 5.96e-04  loss 0.05068  3.3 it/s  eta 2.81h
  step   27100/60000  lr 5.93e-04  loss 0.05027  3.3 it/s  eta 2.76h
  step   27200/60000  lr 5.91e-04  loss 0.05031  3.3 it/s  eta 2.78h
  step   27300/60000  lr 5.88e-04  loss 0.05325  3.3 it/s  eta 2.74h
  step   27400/60000  lr 5.86e-04  loss 0.05170  3.3 it/s  eta 2.77h
  step   27500/60000  lr 5.83e-04  loss 0.05128  3.3 it/s  eta 2.71h
  step   27600/60000  lr 5.80e-04  loss 0.05145  3.3 it/s  eta 2.76h
  step   27700/60000  lr 5.78e-04  loss 0.05259  3.3 it/s  eta 2.69h
  step   27800/60000  lr 5.75e-04  loss 0.05114  3.3 it/s  eta 2.72h
  step   27900/60000  lr 5.72e-04  loss 0.05040  3.3 it/s  eta 2.73h
  step   28000/60000  lr 5.70e-04  loss 0.05098  3.3 it/s  eta 2.72h
  [val 28000]  clip 29.450dB/0.7824   minmax 26.652dB/0.7728   robust 24.626dB/0.7644   | OOD 19.281dB/0.5563 | grad 0.673 hf 0.52
  [val] new best 29.450 dB -> best.pt
  step   28100/60000  lr 5.67e-04  loss 0.05091  2.3 it/s  eta 3.93h
  step   28200/60000  lr 5.64e-04  loss 0.05125  2.8 it/s  eta 3.10h
  step   28300/60000  lr 5.62e-04  loss 0.05163  2.9 it/s  eta 3.02h
  step   28400/60000  lr 5.59e-04  loss 0.05047  2.9 it/s  eta 3.03h
  step   28500/60000  lr 5.56e-04  loss 0.05127  3.0 it/s  eta 2.93h
  step   28600/60000  lr 5.54e-04  loss 0.05051  2.9 it/s  eta 2.99h
  step   28700/60000  lr 5.51e-04  loss 0.05098  3.0 it/s  eta 2.93h
  step   28800/60000  lr 5.48e-04  loss 0.05131  2.9 it/s  eta 2.96h
  step   28900/60000  lr 5.46e-04  loss 0.04948  3.0 it/s  eta 2.92h
  step   29000/60000  lr 5.43e-04  loss 0.05206  2.9 it/s  eta 2.98h
  step   29100/60000  lr 5.41e-04  loss 0.04977  2.9 it/s  eta 3.00h
  step   29200/60000  lr 5.38e-04  loss 0.05065  2.9 it/s  eta 2.96h
  step   29300/60000  lr 5.35e-04  loss 0.05189  2.9 it/s  eta 2.92h
  step   29400/60000  lr 5.33e-04  loss 0.05344  2.9 it/s  eta 2.93h
  step   29500/60000  lr 5.30e-04  loss 0.05211  3.0 it/s  eta 2.85h
  step   29600/60000  lr 5.27e-04  loss 0.05035  2.9 it/s  eta 2.88h
  step   29700/60000  lr 5.25e-04  loss 0.05176  3.0 it/s  eta 2.83h
  step   29800/60000  lr 5.22e-04  loss 0.05046  2.9 it/s  eta 2.92h
  step   29900/60000  lr 5.19e-04  loss 0.05151  2.9 it/s  eta 2.84h
  step   30000/60000  lr 5.17e-04  loss 0.05176  2.9 it/s  eta 2.86h
  [val 30000]  clip 29.458dB/0.7825   minmax 26.696dB/0.7729   robust 24.640dB/0.7646   | OOD 19.481dB/0.5585 | grad 0.675 hf 0.52
  [val] new best 29.458 dB -> best.pt
  step   30100/60000  lr 5.14e-04  loss 0.05231  2.2 it/s  eta 3.69h
  step   30200/60000  lr 5.11e-04  loss 0.05152  2.9 it/s  eta 2.81h
  step   30300/60000  lr 5.09e-04  loss 0.05156  2.9 it/s  eta 2.84h
  step   30400/60000  lr 5.06e-04  loss 0.05139  3.0 it/s  eta 2.75h
  step   30500/60000  lr 5.03e-04  loss 0.05035  2.9 it/s  eta 2.80h
  step   30600/60000  lr 5.01e-04  loss 0.05216  3.0 it/s  eta 2.75h
  step   30700/60000  lr 4.98e-04  loss 0.05109  2.9 it/s  eta 2.78h
  step   30800/60000  lr 4.95e-04  loss 0.05197  2.9 it/s  eta 2.76h
  step   30900/60000  lr 4.93e-04  loss 0.05135  3.0 it/s  eta 2.72h
  step   31000/60000  lr 4.90e-04  loss 0.05125  3.0 it/s  eta 2.70h
  step   31100/60000  lr 4.87e-04  loss 0.05248  3.0 it/s  eta 2.72h
  step   31200/60000  lr 4.85e-04  loss 0.05220  3.0 it/s  eta 2.64h
  step   31300/60000  lr 4.82e-04  loss 0.05272  2.7 it/s  eta 2.93h
  step   31400/60000  lr 4.79e-04  loss 0.05238  2.9 it/s  eta 2.76h
  step   31500/60000  lr 4.77e-04  loss 0.04935  2.8 it/s  eta 2.80h
  step   31600/60000  lr 4.74e-04  loss 0.05132  3.3 it/s  eta 2.38h
  step   31700/60000  lr 4.71e-04  loss 0.05039  3.2 it/s  eta 2.46h
  step   31800/60000  lr 4.69e-04  loss 0.05096  3.4 it/s  eta 2.28h
  step   31900/60000  lr 4.66e-04  loss 0.04960  3.5 it/s  eta 2.26h
  step   32000/60000  lr 4.63e-04  loss 0.05215  3.3 it/s  eta 2.39h
  [val 32000]  clip 29.466dB/0.7829   minmax 26.706dB/0.7731   robust 24.638dB/0.7646   | OOD 19.363dB/0.5546 | grad 0.675 hf 0.52
  [val] new best 29.466 dB -> best.pt
  step   32100/60000  lr 4.61e-04  loss 0.05036  2.6 it/s  eta 3.01h
  step   32200/60000  lr 4.58e-04  loss 0.05097  3.5 it/s  eta 2.18h
  step   32300/60000  lr 4.55e-04  loss 0.05118  3.2 it/s  eta 2.37h
  step   32400/60000  lr 4.53e-04  loss 0.05248  3.5 it/s  eta 2.19h
  step   32500/60000  lr 4.50e-04  loss 0.05165  3.4 it/s  eta 2.26h
  step   32600/60000  lr 4.47e-04  loss 0.05211  3.0 it/s  eta 2.57h
  step   32700/60000  lr 4.45e-04  loss 0.05221  2.9 it/s  eta 2.60h
  step   32800/60000  lr 4.42e-04  loss 0.05016  2.9 it/s  eta 2.60h
  step   32900/60000  lr 4.39e-04  loss 0.05136  2.9 it/s  eta 2.61h
  step   33000/60000  lr 4.37e-04  loss 0.05203  2.9 it/s  eta 2.58h
  step   33100/60000  lr 4.34e-04  loss 0.05066  2.9 it/s  eta 2.61h
  step   33200/60000  lr 4.31e-04  loss 0.05059  2.9 it/s  eta 2.56h
  step   33300/60000  lr 4.29e-04  loss 0.05062  3.3 it/s  eta 2.27h
  step   33400/60000  lr 4.26e-04  loss 0.05265  3.2 it/s  eta 2.28h
  step   33500/60000  lr 4.23e-04  loss 0.05093  3.2 it/s  eta 2.31h
  step   33600/60000  lr 4.21e-04  loss 0.05082  3.2 it/s  eta 2.29h
  step   33700/60000  lr 4.18e-04  loss 0.05077  3.2 it/s  eta 2.28h
  step   33800/60000  lr 4.16e-04  loss 0.05320  3.2 it/s  eta 2.27h
  step   33900/60000  lr 4.13e-04  loss 0.05129  3.3 it/s  eta 2.22h
  step   34000/60000  lr 4.10e-04  loss 0.05230  3.3 it/s  eta 2.21h
  [val 34000]  clip 29.466dB/0.7829   minmax 26.708dB/0.7732   robust 24.652dB/0.7647   | OOD 18.969dB/0.5400 | grad 0.676 hf 0.52
  step   34100/60000  lr 4.08e-04  loss 0.05106  2.5 it/s  eta 2.93h
  step   34200/60000  lr 4.05e-04  loss 0.04943  3.2 it/s  eta 2.22h
  step   34300/60000  lr 4.02e-04  loss 0.05041  3.2 it/s  eta 2.24h
  step   34400/60000  lr 4.00e-04  loss 0.05066  3.2 it/s  eta 2.20h
  step   34500/60000  lr 3.97e-04  loss 0.05060  3.2 it/s  eta 2.23h
  step   34600/60000  lr 3.95e-04  loss 0.05131  3.2 it/s  eta 2.19h
  step   34700/60000  lr 3.92e-04  loss 0.05098  3.2 it/s  eta 2.20h
  step   34800/60000  lr 3.89e-04  loss 0.05135  3.2 it/s  eta 2.18h
  step   34900/60000  lr 3.87e-04  loss 0.05435  3.3 it/s  eta 2.11h
  step   35000/60000  lr 3.84e-04  loss 0.05095  3.2 it/s  eta 2.14h
  step   35100/60000  lr 3.82e-04  loss 0.05100  3.3 it/s  eta 2.08h
  step   35200/60000  lr 3.79e-04  loss 0.05008  3.3 it/s  eta 2.12h
  step   35300/60000  lr 3.76e-04  loss 0.05179  3.3 it/s  eta 2.06h
  step   35400/60000  lr 3.74e-04  loss 0.05096  3.3 it/s  eta 2.09h
  step   35500/60000  lr 3.71e-04  loss 0.04980  3.3 it/s  eta 2.06h
  step   35600/60000  lr 3.69e-04  loss 0.05211  3.3 it/s  eta 2.06h
  step   35700/60000  lr 3.66e-04  loss 0.05160  3.2 it/s  eta 2.12h
  step   35800/60000  lr 3.64e-04  loss 0.05031  2.9 it/s  eta 2.32h
  step   35900/60000  lr 3.61e-04  loss 0.05061  3.0 it/s  eta 2.22h
  step   36000/60000  lr 3.58e-04  loss 0.04926  2.9 it/s  eta 2.29h
  [val 36000]  clip 29.469dB/0.7831   minmax 26.688dB/0.7734   robust 24.646dB/0.7649   | OOD 18.941dB/0.5234 | grad 0.676 hf 0.53
  [val] new best 29.469 dB -> best.pt
  step   36100/60000  lr 3.56e-04  loss 0.05065  2.4 it/s  eta 2.77h
  step   36200/60000  lr 3.53e-04  loss 0.05045  3.3 it/s  eta 2.02h
  step   36300/60000  lr 3.51e-04  loss 0.05096  3.3 it/s  eta 1.98h
  step   36400/60000  lr 3.48e-04  loss 0.04834  3.3 it/s  eta 1.99h
  step   36500/60000  lr 3.46e-04  loss 0.05039  3.3 it/s  eta 1.96h
  step   36600/60000  lr 3.43e-04  loss 0.05001  3.3 it/s  eta 1.96h
  step   36700/60000  lr 3.41e-04  loss 0.05142  3.3 it/s  eta 1.94h
  step   36800/60000  lr 3.38e-04  loss 0.05182  3.3 it/s  eta 1.93h
  step   36900/60000  lr 3.36e-04  loss 0.05167  3.4 it/s  eta 1.91h
  step   37000/60000  lr 3.33e-04  loss 0.05232  3.4 it/s  eta 1.91h
  step   37100/60000  lr 3.31e-04  loss 0.04914  3.3 it/s  eta 1.91h
  step   37200/60000  lr 3.28e-04  loss 0.05126  3.4 it/s  eta 1.86h
  step   37300/60000  lr 3.26e-04  loss 0.05151  3.4 it/s  eta 1.87h
  step   37400/60000  lr 3.23e-04  loss 0.05068  3.4 it/s  eta 1.86h
  step   37500/60000  lr 3.21e-04  loss 0.04976  3.4 it/s  eta 1.86h
  step   37600/60000  lr 3.18e-04  loss 0.05145  3.4 it/s  eta 1.84h
  step   37700/60000  lr 3.16e-04  loss 0.05102  3.3 it/s  eta 1.85h
  step   37800/60000  lr 3.13e-04  loss 0.05180  3.4 it/s  eta 1.84h
  step   37900/60000  lr 3.11e-04  loss 0.05361  3.4 it/s  eta 1.83h
  step   38000/60000  lr 3.08e-04  loss 0.05137  3.4 it/s  eta 1.82h
  [val 38000]  clip 29.467dB/0.7833   minmax 26.704dB/0.7736   robust 24.651dB/0.7649   | OOD 19.249dB/0.5378 | grad 0.678 hf 0.53
  step   38100/60000  lr 3.06e-04  loss 0.05040  2.5 it/s  eta 2.40h
  step   38200/60000  lr 3.03e-04  loss 0.04944  3.4 it/s  eta 1.78h
  step   38300/60000  lr 3.01e-04  loss 0.05200  3.3 it/s  eta 1.81h
  step   38400/60000  lr 2.98e-04  loss 0.04920  3.3 it/s  eta 1.82h
  step   38500/60000  lr 2.96e-04  loss 0.05125  3.3 it/s  eta 1.79h
  step   38600/60000  lr 2.93e-04  loss 0.05056  3.3 it/s  eta 1.80h
  step   38700/60000  lr 2.91e-04  loss 0.05166  3.3 it/s  eta 1.77h
  step   38800/60000  lr 2.89e-04  loss 0.05025  3.3 it/s  eta 1.78h
  step   38900/60000  lr 2.86e-04  loss 0.05083  3.3 it/s  eta 1.75h
  step   39000/60000  lr 2.84e-04  loss 0.05063  3.3 it/s  eta 1.76h
  step   39100/60000  lr 2.81e-04  loss 0.04946  3.3 it/s  eta 1.74h
  step   39200/60000  lr 2.79e-04  loss 0.05115  3.3 it/s  eta 1.74h
  step   39300/60000  lr 2.77e-04  loss 0.05141  3.3 it/s  eta 1.73h
  step   39400/60000  lr 2.74e-04  loss 0.04963  3.3 it/s  eta 1.72h
  step   39500/60000  lr 2.72e-04  loss 0.05103  3.4 it/s  eta 1.69h
  step   39600/60000  lr 2.69e-04  loss 0.05013  3.4 it/s  eta 1.69h
  step   39700/60000  lr 2.67e-04  loss 0.05126  3.3 it/s  eta 1.71h
  step   39800/60000  lr 2.65e-04  loss 0.05162  3.4 it/s  eta 1.66h
  step   39900/60000  lr 2.62e-04  loss 0.05043  3.3 it/s  eta 1.68h
  step   40000/60000  lr 2.60e-04  loss 0.05133  3.4 it/s  eta 1.65h
  [val 40000]  clip 29.461dB/0.7829   minmax 26.712dB/0.7734   robust 24.658dB/0.7647   | OOD 19.278dB/0.5539 | grad 0.677 hf 0.53
  step   40100/60000  lr 2.58e-04  loss 0.05044  2.5 it/s  eta 2.18h
  step   40200/60000  lr 2.55e-04  loss 0.05204  3.4 it/s  eta 1.64h
  step   40300/60000  lr 2.53e-04  loss 0.05235  3.2 it/s  eta 1.72h
  step   40400/60000  lr 2.51e-04  loss 0.04989  3.1 it/s  eta 1.75h
  step   40500/60000  lr 2.48e-04  loss 0.05181  3.5 it/s  eta 1.54h
  step   40600/60000  lr 2.46e-04  loss 0.05269  3.2 it/s  eta 1.69h
  step   40700/60000  lr 2.44e-04  loss 0.05137  2.9 it/s  eta 1.85h
  step   40800/60000  lr 2.42e-04  loss 0.05008  3.0 it/s  eta 1.75h
  step   40900/60000  lr 2.39e-04  loss 0.05070  3.1 it/s  eta 1.71h
  step   41000/60000  lr 2.37e-04  loss 0.05146  3.2 it/s  eta 1.67h
  step   41100/60000  lr 2.35e-04  loss 0.05099  3.1 it/s  eta 1.67h
  step   41200/60000  lr 2.33e-04  loss 0.04963  3.2 it/s  eta 1.65h
  step   41300/60000  lr 2.30e-04  loss 0.04838  3.1 it/s  eta 1.67h
  step   41400/60000  lr 2.28e-04  loss 0.05117  3.1 it/s  eta 1.67h
  step   41500/60000  lr 2.26e-04  loss 0.04962  3.2 it/s  eta 1.62h
  step   41600/60000  lr 2.24e-04  loss 0.05231  3.2 it/s  eta 1.59h
  step   41700/60000  lr 2.21e-04  loss 0.05099  3.1 it/s  eta 1.63h
  step   41800/60000  lr 2.19e-04  loss 0.05008  3.2 it/s  eta 1.59h
  step   41900/60000  lr 2.17e-04  loss 0.05074  3.2 it/s  eta 1.59h
  step   42000/60000  lr 2.15e-04  loss 0.05017  3.2 it/s  eta 1.57h
  [val 42000]  clip 29.448dB/0.7829   minmax 26.677dB/0.7734   robust 24.661dB/0.7647   | OOD 19.031dB/0.5416 | grad 0.679 hf 0.53
  step   42100/60000  lr 2.13e-04  loss 0.04928  2.5 it/s  eta 1.98h
  step   42200/60000  lr 2.10e-04  loss 0.05078  3.4 it/s  eta 1.46h
  step   42300/60000  lr 2.08e-04  loss 0.05076  3.3 it/s  eta 1.47h
  step   42400/60000  lr 2.06e-04  loss 0.05059  3.3 it/s  eta 1.47h
  step   42500/60000  lr 2.04e-04  loss 0.05111  3.4 it/s  eta 1.44h
  step   42600/60000  lr 2.02e-04  loss 0.05007  3.3 it/s  eta 1.46h
  step   42700/60000  lr 2.00e-04  loss 0.05108  3.4 it/s  eta 1.43h
  step   42800/60000  lr 1.98e-04  loss 0.04970  3.3 it/s  eta 1.43h
  step   42900/60000  lr 1.95e-04  loss 0.05043  3.4 it/s  eta 1.42h
  step   43000/60000  lr 1.93e-04  loss 0.05095  3.4 it/s  eta 1.41h
  step   43100/60000  lr 1.91e-04  loss 0.05006  3.4 it/s  eta 1.39h
  step   43200/60000  lr 1.89e-04  loss 0.05292  3.3 it/s  eta 1.40h
  step   43300/60000  lr 1.87e-04  loss 0.05181  3.4 it/s  eta 1.36h
  step   43400/60000  lr 1.85e-04  loss 0.05048  3.4 it/s  eta 1.35h
  step   43500/60000  lr 1.83e-04  loss 0.05277  3.4 it/s  eta 1.36h
  step   43600/60000  lr 1.81e-04  loss 0.05045  3.4 it/s  eta 1.33h
  step   43700/60000  lr 1.79e-04  loss 0.05093  3.4 it/s  eta 1.34h
  step   43800/60000  lr 1.77e-04  loss 0.05135  3.4 it/s  eta 1.32h
  step   43900/60000  lr 1.75e-04  loss 0.05082  3.4 it/s  eta 1.31h
  step   44000/60000  lr 1.73e-04  loss 0.05093  3.4 it/s  eta 1.31h
  [val 44000]  clip 29.438dB/0.7828   minmax 26.644dB/0.7731   robust 24.654dB/0.7644   | OOD 19.053dB/0.5506 | grad 0.680 hf 0.53
  step   44100/60000  lr 1.71e-04  loss 0.05177  2.4 it/s  eta 1.83h
  step   44200/60000  lr 1.69e-04  loss 0.05046  3.1 it/s  eta 1.43h
  step   44300/60000  lr 1.67e-04  loss 0.05005  3.1 it/s  eta 1.41h
  step   44400/60000  lr 1.65e-04  loss 0.05181  3.1 it/s  eta 1.38h
  step   44500/60000  lr 1.63e-04  loss 0.05214  3.1 it/s  eta 1.40h
  step   44600/60000  lr 1.61e-04  loss 0.05108  3.1 it/s  eta 1.36h
  step   44700/60000  lr 1.59e-04  loss 0.04972  3.1 it/s  eta 1.36h
  step   44800/60000  lr 1.57e-04  loss 0.04913  3.1 it/s  eta 1.38h
  step   44900/60000  lr 1.55e-04  loss 0.04866  2.9 it/s  eta 1.46h
  step   45000/60000  lr 1.53e-04  loss 0.04969  3.0 it/s  eta 1.37h
  step   45100/60000  lr 1.51e-04  loss 0.05079  3.4 it/s  eta 1.22h
  step   45200/60000  lr 1.49e-04  loss 0.05132  3.5 it/s  eta 1.16h
  step   45300/60000  lr 1.47e-04  loss 0.05080  3.3 it/s  eta 1.23h
  step   45400/60000  lr 1.45e-04  loss 0.04988  3.2 it/s  eta 1.28h
  step   45500/60000  lr 1.44e-04  loss 0.04898  3.2 it/s  eta 1.25h
  step   45600/60000  lr 1.42e-04  loss 0.04961  2.9 it/s  eta 1.36h
  step   45700/60000  lr 1.40e-04  loss 0.05060  2.9 it/s  eta 1.37h
  step   45800/60000  lr 1.38e-04  loss 0.04983  2.9 it/s  eta 1.35h
  step   45900/60000  lr 1.36e-04  loss 0.05136  2.8 it/s  eta 1.41h
  step   46000/60000  lr 1.34e-04  loss 0.05110  2.8 it/s  eta 1.40h
  [val 46000]  clip 29.425dB/0.7825   minmax 26.617dB/0.7726   robust 24.656dB/0.7640   | OOD 18.743dB/0.5353 | grad 0.680 hf 0.53
  step   46100/60000  lr 1.33e-04  loss 0.05107  2.2 it/s  eta 1.75h
  step   46200/60000  lr 1.31e-04  loss 0.04966  2.8 it/s  eta 1.39h
  step   46300/60000  lr 1.29e-04  loss 0.05089  2.7 it/s  eta 1.40h
  step   46400/60000  lr 1.27e-04  loss 0.05189  2.8 it/s  eta 1.35h
  step   46500/60000  lr 1.25e-04  loss 0.05062  2.9 it/s  eta 1.31h
  step   46600/60000  lr 1.24e-04  loss 0.05030  2.9 it/s  eta 1.27h
  step   46700/60000  lr 1.22e-04  loss 0.05092  3.0 it/s  eta 1.22h
  step   46800/60000  lr 1.20e-04  loss 0.04982  3.0 it/s  eta 1.21h
  step   46900/60000  lr 1.18e-04  loss 0.05058  3.1 it/s  eta 1.18h
  step   47000/60000  lr 1.17e-04  loss 0.04958  3.0 it/s  eta 1.19h
  step   47100/60000  lr 1.15e-04  loss 0.05149  3.1 it/s  eta 1.17h
  step   47200/60000  lr 1.13e-04  loss 0.04897  2.9 it/s  eta 1.21h
  step   47300/60000  lr 1.12e-04  loss 0.05106  3.1 it/s  eta 1.14h
  step   47400/60000  lr 1.10e-04  loss 0.04999  3.0 it/s  eta 1.16h
  step   47500/60000  lr 1.08e-04  loss 0.05067  3.1 it/s  eta 1.14h
  step   47600/60000  lr 1.07e-04  loss 0.04840  2.9 it/s  eta 1.19h
  step   47700/60000  lr 1.05e-04  loss 0.04957  3.1 it/s  eta 1.12h
  step   47800/60000  lr 1.03e-04  loss 0.05163  3.1 it/s  eta 1.11h
  step   47900/60000  lr 1.02e-04  loss 0.05198  3.0 it/s  eta 1.13h
  step   48000/60000  lr 1.00e-04  loss 0.05200  2.9 it/s  eta 1.16h
  [val 48000]  clip 29.410dB/0.7824   minmax 26.623dB/0.7724   robust 24.667dB/0.7640   | OOD 18.756dB/0.5332 | grad 0.682 hf 0.54
  step   48100/60000  lr 9.86e-05  loss 0.05022  2.3 it/s  eta 1.41h
  step   48200/60000  lr 9.70e-05  loss 0.05041  2.9 it/s  eta 1.12h
  step   48300/60000  lr 9.55e-05  loss 0.04764  3.0 it/s  eta 1.10h
  step   48400/60000  lr 9.39e-05  loss 0.04971  2.9 it/s  eta 1.12h
  step   48500/60000  lr 9.24e-05  loss 0.04891  2.9 it/s  eta 1.08h
  step   48600/60000  lr 9.08e-05  loss 0.05042  2.9 it/s  eta 1.11h
  step   48700/60000  lr 8.93e-05  loss 0.04962  2.9 it/s  eta 1.09h
  step   48800/60000  lr 8.78e-05  loss 0.04961  2.9 it/s  eta 1.06h
  step   48900/60000  lr 8.63e-05  loss 0.05025  3.0 it/s  eta 1.04h
  step   49000/60000  lr 8.48e-05  loss 0.04968  3.0 it/s  eta 1.04h
  step   49100/60000  lr 8.34e-05  loss 0.05177  3.2 it/s  eta 0.94h
  step   49200/60000  lr 8.19e-05  loss 0.04848  3.3 it/s  eta 0.92h
  step   49300/60000  lr 8.04e-05  loss 0.05043  3.3 it/s  eta 0.91h
  step   49400/60000  lr 7.90e-05  loss 0.05012  3.2 it/s  eta 0.91h
  step   49500/60000  lr 7.76e-05  loss 0.04944  3.2 it/s  eta 0.90h
  step   49600/60000  lr 7.62e-05  loss 0.04957  3.2 it/s  eta 0.90h
  step   49700/60000  lr 7.48e-05  loss 0.04929  3.3 it/s  eta 0.88h
  step   49800/60000  lr 7.34e-05  loss 0.05009  3.6 it/s  eta 0.78h
  step   49900/60000  lr 7.20e-05  loss 0.04904  3.5 it/s  eta 0.81h
  step   50000/60000  lr 7.06e-05  loss 0.04856  3.4 it/s  eta 0.81h
  [val 50000]  clip 29.391dB/0.7820   minmax 26.606dB/0.7723   robust 24.681dB/0.7637   | OOD 19.364dB/0.5639 | grad 0.681 hf 0.54
  step   50100/60000  lr 6.93e-05  loss 0.05028  2.5 it/s  eta 1.12h
  step   50200/60000  lr 6.79e-05  loss 0.04951  2.7 it/s  eta 1.02h
  step   50300/60000  lr 6.66e-05  loss 0.04819  2.8 it/s  eta 0.95h
  step   50400/60000  lr 6.53e-05  loss 0.04998  3.0 it/s  eta 0.90h
  step   50500/60000  lr 6.40e-05  loss 0.05031  3.0 it/s  eta 0.87h
  step   50600/60000  lr 6.27e-05  loss 0.05150  3.0 it/s  eta 0.87h
  step   50700/60000  lr 6.14e-05  loss 0.04917  3.2 it/s  eta 0.82h
  step   50800/60000  lr 6.02e-05  loss 0.04994  3.0 it/s  eta 0.84h
  step   50900/60000  lr 5.89e-05  loss 0.05032  3.1 it/s  eta 0.82h
  step   51000/60000  lr 5.77e-05  loss 0.04906  3.0 it/s  eta 0.83h
  step   51100/60000  lr 5.64e-05  loss 0.05012  3.1 it/s  eta 0.79h
  step   51200/60000  lr 5.52e-05  loss 0.04944  3.0 it/s  eta 0.81h
  step   51300/60000  lr 5.40e-05  loss 0.05031  3.1 it/s  eta 0.78h
  step   51400/60000  lr 5.28e-05  loss 0.05103  3.0 it/s  eta 0.81h
  step   51500/60000  lr 5.16e-05  loss 0.04965  3.2 it/s  eta 0.73h
  step   51600/60000  lr 5.05e-05  loss 0.05167  3.6 it/s  eta 0.65h
  step   51700/60000  lr 4.93e-05  loss 0.05015  3.7 it/s  eta 0.62h
  step   51800/60000  lr 4.82e-05  loss 0.04962  3.3 it/s  eta 0.69h
  step   51900/60000  lr 4.71e-05  loss 0.05077  3.3 it/s  eta 0.68h
  step   52000/60000  lr 4.59e-05  loss 0.04990  3.3 it/s  eta 0.68h
  [val 52000]  clip 29.375dB/0.7817   minmax 26.616dB/0.7721   robust 24.678dB/0.7633   | OOD 18.805dB/0.5522 | grad 0.682 hf 0.54
  step   52100/60000  lr 4.48e-05  loss 0.04912  2.5 it/s  eta 0.89h
  step   52200/60000  lr 4.38e-05  loss 0.04850  3.0 it/s  eta 0.72h
  step   52300/60000  lr 4.27e-05  loss 0.04984  3.2 it/s  eta 0.67h
  step   52400/60000  lr 4.16e-05  loss 0.05006  3.2 it/s  eta 0.66h
  step   52500/60000  lr 4.06e-05  loss 0.05121  3.3 it/s  eta 0.64h
  step   52600/60000  lr 3.95e-05  loss 0.04989  3.3 it/s  eta 0.63h
  step   52700/60000  lr 3.85e-05  loss 0.05144  3.3 it/s  eta 0.61h
  step   52800/60000  lr 3.75e-05  loss 0.05012  3.4 it/s  eta 0.59h
  step   52900/60000  lr 3.65e-05  loss 0.04963  3.3 it/s  eta 0.59h
  step   53000/60000  lr 3.55e-05  loss 0.05093  3.4 it/s  eta 0.57h
  step   53100/60000  lr 3.46e-05  loss 0.04969  3.3 it/s  eta 0.57h
  step   53200/60000  lr 3.36e-05  loss 0.04933  3.4 it/s  eta 0.55h
  step   53300/60000  lr 3.27e-05  loss 0.04893  3.7 it/s  eta 0.51h
  step   53400/60000  lr 3.17e-05  loss 0.04969  3.6 it/s  eta 0.52h
  step   53500/60000  lr 3.08e-05  loss 0.05029  3.5 it/s  eta 0.52h
  step   53600/60000  lr 2.99e-05  loss 0.04894  3.0 it/s  eta 0.59h
  step   53700/60000  lr 2.90e-05  loss 0.05076  3.2 it/s  eta 0.55h
  step   53800/60000  lr 2.82e-05  loss 0.05178  3.1 it/s  eta 0.55h
  step   53900/60000  lr 2.73e-05  loss 0.04918  3.2 it/s  eta 0.53h
  step   54000/60000  lr 2.65e-05  loss 0.05102  3.1 it/s  eta 0.53h
  [val 54000]  clip 29.362dB/0.7816   minmax 26.613dB/0.7719   robust 24.676dB/0.7632   | OOD 19.048dB/0.5511 | grad 0.683 hf 0.54
  step   54100/60000  lr 2.56e-05  loss 0.05099  2.4 it/s  eta 0.67h
  step   54200/60000  lr 2.48e-05  loss 0.05195  3.0 it/s  eta 0.53h
  step   54300/60000  lr 2.40e-05  loss 0.04964  3.1 it/s  eta 0.51h
  step   54400/60000  lr 2.32e-05  loss 0.05057  3.1 it/s  eta 0.51h
  step   54500/60000  lr 2.24e-05  loss 0.05028  3.1 it/s  eta 0.49h
  step   54600/60000  lr 2.17e-05  loss 0.04924  3.0 it/s  eta 0.49h
  step   54700/60000  lr 2.09e-05  loss 0.05171  3.1 it/s  eta 0.47h
  step   54800/60000  lr 2.02e-05  loss 0.05070  3.1 it/s  eta 0.46h
  step   54900/60000  lr 1.94e-05  loss 0.04986  3.1 it/s  eta 0.45h
  step   55000/60000  lr 1.87e-05  loss 0.05119  3.1 it/s  eta 0.45h
  step   55100/60000  lr 1.80e-05  loss 0.04963  3.1 it/s  eta 0.44h
  step   55200/60000  lr 1.73e-05  loss 0.05077  3.1 it/s  eta 0.43h
  step   55300/60000  lr 1.67e-05  loss 0.04980  3.1 it/s  eta 0.42h
  step   55400/60000  lr 1.60e-05  loss 0.05116  3.1 it/s  eta 0.41h
  step   55500/60000  lr 1.54e-05  loss 0.05074  3.4 it/s  eta 0.37h
  step   55600/60000  lr 1.47e-05  loss 0.04943  3.5 it/s  eta 0.35h
  step   55700/60000  lr 1.41e-05  loss 0.04927  3.3 it/s  eta 0.36h
  step   55800/60000  lr 1.35e-05  loss 0.04979  3.4 it/s  eta 0.35h
  step   55900/60000  lr 1.29e-05  loss 0.04909  3.6 it/s  eta 0.32h
  step   56000/60000  lr 1.24e-05  loss 0.04898  3.7 it/s  eta 0.30h
  [val 56000]  clip 29.356dB/0.7815   minmax 26.609dB/0.7718   robust 24.675dB/0.7630   | OOD 19.233dB/0.5496 | grad 0.683 hf 0.54
  step   56100/60000  lr 1.18e-05  loss 0.05128  2.4 it/s  eta 0.44h
  step   56200/60000  lr 1.13e-05  loss 0.04881  2.8 it/s  eta 0.38h
  step   56300/60000  lr 1.07e-05  loss 0.05084  2.8 it/s  eta 0.36h
  step   56400/60000  lr 1.02e-05  loss 0.05119  2.9 it/s  eta 0.34h
  step   56500/60000  lr 9.71e-06  loss 0.04900  3.0 it/s  eta 0.32h
  step   56600/60000  lr 9.22e-06  loss 0.04929  3.0 it/s  eta 0.31h
  step   56700/60000  lr 8.75e-06  loss 0.05070  3.1 it/s  eta 0.30h
  step   56800/60000  lr 8.29e-06  loss 0.04941  3.0 it/s  eta 0.29h
  step   56900/60000  lr 7.84e-06  loss 0.04959  3.1 it/s  eta 0.28h
  step   57000/60000  lr 7.41e-06  loss 0.04968  3.1 it/s  eta 0.27h
  step   57100/60000  lr 6.99e-06  loss 0.04878  3.0 it/s  eta 0.26h
  step   57200/60000  lr 6.58e-06  loss 0.05094  3.3 it/s  eta 0.24h
  step   57300/60000  lr 6.19e-06  loss 0.05317  3.7 it/s  eta 0.20h
  step   57400/60000  lr 5.82e-06  loss 0.04999  3.3 it/s  eta 0.22h
  step   57500/60000  lr 5.45e-06  loss 0.04941  3.0 it/s  eta 0.23h
  step   57600/60000  lr 5.10e-06  loss 0.04948  3.0 it/s  eta 0.22h
  step   57700/60000  lr 4.77e-06  loss 0.05088  3.0 it/s  eta 0.21h
  step   57800/60000  lr 4.45e-06  loss 0.05132  3.1 it/s  eta 0.20h
  step   57900/60000  lr 4.14e-06  loss 0.04954  3.1 it/s  eta 0.19h
  step   58000/60000  lr 3.85e-06  loss 0.04948  3.1 it/s  eta 0.18h
  [val 58000]  clip 29.352dB/0.7814   minmax 26.615dB/0.7718   robust 24.675dB/0.7630   | OOD 18.943dB/0.5330 | grad 0.683 hf 0.54
  step   58100/60000  lr 3.57e-06  loss 0.05093  2.4 it/s  eta 0.22h
  step   58200/60000  lr 3.31e-06  loss 0.05014  3.0 it/s  eta 0.16h
  step   58300/60000  lr 3.06e-06  loss 0.04872  3.1 it/s  eta 0.15h
  step   58400/60000  lr 2.83e-06  loss 0.04934  3.1 it/s  eta 0.14h
  step   58500/60000  lr 2.61e-06  loss 0.05127  3.1 it/s  eta 0.13h
  step   58600/60000  lr 2.40e-06  loss 0.05016  3.1 it/s  eta 0.12h
  step   58700/60000  lr 2.21e-06  loss 0.05093  3.1 it/s  eta 0.12h
  step   58800/60000  lr 2.03e-06  loss 0.05064  3.1 it/s  eta 0.11h
  step   58900/60000  lr 1.86e-06  loss 0.04921  3.1 it/s  eta 0.10h
  step   59000/60000  lr 1.71e-06  loss 0.05157  3.1 it/s  eta 0.09h
  step   59100/60000  lr 1.58e-06  loss 0.04892  3.0 it/s  eta 0.08h
  step   59200/60000  lr 1.46e-06  loss 0.04975  3.2 it/s  eta 0.07h
  step   59300/60000  lr 1.35e-06  loss 0.05059  3.2 it/s  eta 0.06h
  step   59400/60000  lr 1.26e-06  loss 0.04999  3.0 it/s  eta 0.06h
  step   59500/60000  lr 1.18e-06  loss 0.04799  3.0 it/s  eta 0.05h
  step   59600/60000  lr 1.11e-06  loss 0.05041  3.7 it/s  eta 0.03h
  step   59700/60000  lr 1.06e-06  loss 0.04983  3.6 it/s  eta 0.02h
  step   59800/60000  lr 1.03e-06  loss 0.05087  3.6 it/s  eta 0.02h
  step   59900/60000  lr 1.01e-06  loss 0.04855  3.5 it/s  eta 0.01h
  step   60000/60000  lr 1.00e-06  loss 0.05152  3.5 it/s  eta 0.00h
  [val 60000]  clip 29.349dB/0.7813   minmax 26.604dB/0.7716   robust 24.670dB/0.7629   | OOD 19.107dB/0.5559 | grad 0.683 hf 0.54
[done] best val PSNR 29.469 dB   weights in runs\final
