[data] loading 3200 pairs from train/train ...
[data] train=2880 val=320 resident on cuda (500 MB, torch.float16)
[model] config=m head=resize_conv residual=none input_transform=log params=29.16M
[train] 100000 iters, batch 16, warmup 2000 (2.0%), synth_ratio 0.5, amp bf16
  step     100/100000  lr 5.00e-05  loss 0.27552  1.4 it/s  eta 19.57h
  step     200/100000  lr 1.00e-04  loss 0.19420  3.9 it/s  eta 7.08h
  step     300/100000  lr 1.50e-04  loss 0.15355  4.0 it/s  eta 6.92h
  step     400/100000  lr 2.00e-04  loss 0.14915  3.5 it/s  eta 7.97h
  step     500/100000  lr 2.50e-04  loss 0.14617  3.3 it/s  eta 8.32h
  step     600/100000  lr 3.00e-04  loss 0.14614  3.1 it/s  eta 8.77h
  step     700/100000  lr 3.50e-04  loss 0.14599  3.4 it/s  eta 8.11h
  step     800/100000  lr 4.00e-04  loss 0.14064  3.4 it/s  eta 8.12h
  step     900/100000  lr 4.50e-04  loss 0.14016  3.4 it/s  eta 8.14h
  step    1000/100000  lr 5.00e-04  loss 0.13932  3.4 it/s  eta 8.09h
  step    1100/100000  lr 5.50e-04  loss 0.13785  3.5 it/s  eta 7.86h
  step    1200/100000  lr 6.00e-04  loss 0.13322  3.4 it/s  eta 8.05h
  step    1300/100000  lr 6.50e-04  loss 0.13380  3.3 it/s  eta 8.29h
  step    1400/100000  lr 7.00e-04  loss 0.13250  3.4 it/s  eta 8.17h
  step    1500/100000  lr 7.50e-04  loss 0.13084  3.5 it/s  eta 7.85h
  step    1600/100000  lr 8.00e-04  loss 0.13282  3.8 it/s  eta 7.18h
  step    1700/100000  lr 8.50e-04  loss 0.12776  3.7 it/s  eta 7.46h
  step    1800/100000  lr 9.00e-04  loss 0.13370  3.6 it/s  eta 7.51h
  step    1900/100000  lr 9.50e-04  loss 0.13006  3.4 it/s  eta 7.99h
  step    2000/100000  lr 1.00e-03  loss 0.12938  3.5 it/s  eta 7.68h
  [val 2000]  clip 24.549dB/0.5727   minmax 20.829dB/0.5535   robust 20.541dB/0.5487   | OOD 17.177dB/0.3420 | grad 1.176 hf 2.49
  [val] new best 24.549 dB -> best.pt
  step    2100/100000  lr 1.00e-03  loss 0.12998  1.9 it/s  eta 14.32h
  step    2200/100000  lr 1.00e-03  loss 0.12853  3.6 it/s  eta 7.58h
  step    2300/100000  lr 1.00e-03  loss 0.12627  3.6 it/s  eta 7.59h
  step    2400/100000  lr 1.00e-03  loss 0.12527  3.6 it/s  eta 7.63h
  step    2500/100000  lr 1.00e-03  loss 0.12418  3.6 it/s  eta 7.50h
  step    2600/100000  lr 1.00e-03  loss 0.12202  3.5 it/s  eta 7.69h
  step    2700/100000  lr 1.00e-03  loss 0.12615  3.6 it/s  eta 7.54h
  step    2800/100000  lr 1.00e-03  loss 0.12420  3.5 it/s  eta 7.63h
  step    2900/100000  lr 1.00e-03  loss 0.12398  3.6 it/s  eta 7.52h
  step    3000/100000  lr 1.00e-03  loss 0.12305  3.6 it/s  eta 7.45h
  step    3100/100000  lr 1.00e-03  loss 0.12426  3.6 it/s  eta 7.52h
  step    3200/100000  lr 1.00e-03  loss 0.12427  3.6 it/s  eta 7.44h
  step    3300/100000  lr 1.00e-03  loss 0.12037  3.6 it/s  eta 7.50h
  step    3400/100000  lr 9.99e-04  loss 0.12281  3.6 it/s  eta 7.38h
  step    3500/100000  lr 9.99e-04  loss 0.12219  3.6 it/s  eta 7.47h
  step    3600/100000  lr 9.99e-04  loss 0.12094  3.5 it/s  eta 7.62h
  step    3700/100000  lr 9.99e-04  loss 0.12078  3.5 it/s  eta 7.64h
  step    3800/100000  lr 9.99e-04  loss 0.12273  3.5 it/s  eta 7.64h
  step    3900/100000  lr 9.99e-04  loss 0.12237  3.6 it/s  eta 7.52h
  step    4000/100000  lr 9.99e-04  loss 0.12014  3.5 it/s  eta 7.55h
  [val 4000]  clip 24.997dB/0.6016   minmax 21.135dB/0.5813   robust 20.810dB/0.5769   | OOD 18.003dB/0.3654 | grad 1.154 hf 2.28
  [val] new best 24.997 dB -> best.pt
  step    4100/100000  lr 9.99e-04  loss 0.12188  2.6 it/s  eta 10.30h
  step    4200/100000  lr 9.99e-04  loss 0.11804  3.4 it/s  eta 7.85h
  step    4300/100000  lr 9.99e-04  loss 0.11880  3.5 it/s  eta 7.68h
  step    4400/100000  lr 9.99e-04  loss 0.11955  3.6 it/s  eta 7.46h
  step    4500/100000  lr 9.98e-04  loss 0.11930  3.5 it/s  eta 7.52h
  step    4600/100000  lr 9.98e-04  loss 0.11855  3.5 it/s  eta 7.52h
  step    4700/100000  lr 9.98e-04  loss 0.11827  3.5 it/s  eta 7.54h
  step    4800/100000  lr 9.98e-04  loss 0.12095  3.5 it/s  eta 7.50h
  step    4900/100000  lr 9.98e-04  loss 0.11807  3.6 it/s  eta 7.43h
  step    5000/100000  lr 9.98e-04  loss 0.11856  3.6 it/s  eta 7.26h
  step    5100/100000  lr 9.98e-04  loss 0.12095  3.5 it/s  eta 7.43h
  step    5200/100000  lr 9.97e-04  loss 0.11725  3.5 it/s  eta 7.42h
  step    5300/100000  lr 9.97e-04  loss 0.11841  3.5 it/s  eta 7.48h
  step    5400/100000  lr 9.97e-04  loss 0.11735  3.4 it/s  eta 7.74h
  step    5500/100000  lr 9.97e-04  loss 0.11707  3.6 it/s  eta 7.27h
  step    5600/100000  lr 9.97e-04  loss 0.11917  3.6 it/s  eta 7.32h
  step    5700/100000  lr 9.96e-04  loss 0.11968  3.6 it/s  eta 7.23h
  step    5800/100000  lr 9.96e-04  loss 0.11584  3.6 it/s  eta 7.33h
  step    5900/100000  lr 9.96e-04  loss 0.11643  3.6 it/s  eta 7.18h
  step    6000/100000  lr 9.96e-04  loss 0.11744  3.6 it/s  eta 7.21h
  [val 6000]  clip 25.243dB/0.6149   minmax 21.364dB/0.5941   robust 21.015dB/0.5897   | OOD 18.338dB/0.3819 | grad 1.157 hf 2.29
  [val] new best 25.243 dB -> best.pt
  step    6100/100000  lr 9.96e-04  loss 0.12018  2.7 it/s  eta 9.81h
  step    6200/100000  lr 9.95e-04  loss 0.11521  3.6 it/s  eta 7.22h
  step    6300/100000  lr 9.95e-04  loss 0.11677  3.6 it/s  eta 7.29h
  step    6400/100000  lr 9.95e-04  loss 0.11701  3.6 it/s  eta 7.18h
  step    6500/100000  lr 9.95e-04  loss 0.11564  3.6 it/s  eta 7.29h
  step    6600/100000  lr 9.95e-04  loss 0.11519  3.6 it/s  eta 7.19h
  step    6700/100000  lr 9.94e-04  loss 0.11374  3.6 it/s  eta 7.25h
  step    6800/100000  lr 9.94e-04  loss 0.11296  3.6 it/s  eta 7.15h
  step    6900/100000  lr 9.94e-04  loss 0.11407  3.6 it/s  eta 7.19h
  step    7000/100000  lr 9.94e-04  loss 0.11653  3.6 it/s  eta 7.24h
  step    7100/100000  lr 9.93e-04  loss 0.11562  3.6 it/s  eta 7.17h
  step    7200/100000  lr 9.93e-04  loss 0.11660  3.6 it/s  eta 7.26h
  step    7300/100000  lr 9.93e-04  loss 0.11523  3.6 it/s  eta 7.12h
  step    7400/100000  lr 9.93e-04  loss 0.11401  3.6 it/s  eta 7.17h
  step    7500/100000  lr 9.92e-04  loss 0.11508  3.6 it/s  eta 7.11h
  step    7600/100000  lr 9.92e-04  loss 0.11441  3.6 it/s  eta 7.10h
  step    7700/100000  lr 9.92e-04  loss 0.11378  3.5 it/s  eta 7.26h
  step    7800/100000  lr 9.91e-04  loss 0.11353  3.6 it/s  eta 7.04h
  step    7900/100000  lr 9.91e-04  loss 0.11557  3.6 it/s  eta 7.15h
  step    8000/100000  lr 9.91e-04  loss 0.11402  3.6 it/s  eta 7.04h
  [val 8000]  clip 25.373dB/0.6208   minmax 21.373dB/0.6012   robust 21.090dB/0.5956   | OOD 18.565dB/0.4034 | grad 1.156 hf 2.31
  [val] new best 25.373 dB -> best.pt
  step    8100/100000  lr 9.90e-04  loss 0.11770  2.7 it/s  eta 9.54h
  step    8200/100000  lr 9.90e-04  loss 0.11477  3.6 it/s  eta 7.00h
  step    8300/100000  lr 9.90e-04  loss 0.11563  3.6 it/s  eta 7.04h
  step    8400/100000  lr 9.90e-04  loss 0.11696  3.6 it/s  eta 7.11h
  step    8500/100000  lr 9.89e-04  loss 0.11651  3.6 it/s  eta 7.09h
  step    8600/100000  lr 9.89e-04  loss 0.11453  3.6 it/s  eta 7.13h
  step    8700/100000  lr 9.89e-04  loss 0.11549  3.6 it/s  eta 7.05h
  step    8800/100000  lr 9.88e-04  loss 0.11451  3.5 it/s  eta 7.14h
  step    8900/100000  lr 9.88e-04  loss 0.11420  3.6 it/s  eta 7.04h
  step    9000/100000  lr 9.87e-04  loss 0.11541  3.6 it/s  eta 7.05h
  step    9100/100000  lr 9.87e-04  loss 0.11455  3.5 it/s  eta 7.13h
  step    9200/100000  lr 9.87e-04  loss 0.11634  3.6 it/s  eta 7.01h
  step    9300/100000  lr 9.86e-04  loss 0.11322  3.5 it/s  eta 7.11h
  step    9400/100000  lr 9.86e-04  loss 0.11411  3.6 it/s  eta 7.05h
  step    9500/100000  lr 9.86e-04  loss 0.11707  3.6 it/s  eta 7.05h
  step    9600/100000  lr 9.85e-04  loss 0.11370  3.6 it/s  eta 6.92h
  step    9700/100000  lr 9.85e-04  loss 0.11254  3.6 it/s  eta 6.94h
  step    9800/100000  lr 9.84e-04  loss 0.11326  3.8 it/s  eta 6.53h
  step    9900/100000  lr 9.84e-04  loss 0.11646  3.6 it/s  eta 6.99h
  step   10000/100000  lr 9.84e-04  loss 0.11382  3.6 it/s  eta 6.97h
  [val 10000]  clip 25.423dB/0.6222   minmax 21.341dB/0.6027   robust 21.100dB/0.5972   | OOD 18.683dB/0.4011 | grad 1.149 hf 2.31
  [val] new best 25.423 dB -> best.pt
  step   10100/100000  lr 9.83e-04  loss 0.11518  2.6 it/s  eta 9.76h
  step   10200/100000  lr 9.83e-04  loss 0.11299  3.5 it/s  eta 7.09h
  step   10300/100000  lr 9.82e-04  loss 0.11529  3.5 it/s  eta 7.04h
  step   10400/100000  lr 9.82e-04  loss 0.11300  3.5 it/s  eta 7.09h
  step   10500/100000  lr 9.82e-04  loss 0.11615  3.6 it/s  eta 6.97h
  step   10600/100000  lr 9.81e-04  loss 0.11290  3.6 it/s  eta 6.96h
  step   10700/100000  lr 9.81e-04  loss 0.11392  3.5 it/s  eta 6.99h
  step   10800/100000  lr 9.80e-04  loss 0.11398  3.6 it/s  eta 6.92h
  step   10900/100000  lr 9.80e-04  loss 0.11368  3.5 it/s  eta 7.00h
  step   11000/100000  lr 9.79e-04  loss 0.11314  3.6 it/s  eta 6.92h
  step   11100/100000  lr 9.79e-04  loss 0.11457  3.5 it/s  eta 6.98h
  step   11200/100000  lr 9.78e-04  loss 0.11317  3.6 it/s  eta 6.85h
  step   11300/100000  lr 9.78e-04  loss 0.11407  3.6 it/s  eta 6.87h
  step   11400/100000  lr 9.77e-04  loss 0.11438  3.5 it/s  eta 6.95h
  step   11500/100000  lr 9.77e-04  loss 0.11422  3.6 it/s  eta 6.80h
  step   11600/100000  lr 9.77e-04  loss 0.11261  3.6 it/s  eta 6.90h
  step   11700/100000  lr 9.76e-04  loss 0.11501  3.6 it/s  eta 6.77h
  step   11800/100000  lr 9.76e-04  loss 0.11373  3.5 it/s  eta 6.91h
  step   11900/100000  lr 9.75e-04  loss 0.11376  3.6 it/s  eta 6.83h
  step   12000/100000  lr 9.75e-04  loss 0.11574  3.6 it/s  eta 6.88h
  [val 12000]  clip 25.457dB/0.6247   minmax 21.319dB/0.6055   robust 21.109dB/0.5994   | OOD 19.052dB/0.4269 | grad 1.148 hf 2.32
  [val] new best 25.457 dB -> best.pt
  step   12100/100000  lr 9.74e-04  loss 0.11225  2.6 it/s  eta 9.45h
  step   12200/100000  lr 9.74e-04  loss 0.11520  3.6 it/s  eta 6.85h
  step   12300/100000  lr 9.73e-04  loss 0.11373  3.5 it/s  eta 6.92h
  step   12400/100000  lr 9.73e-04  loss 0.11410  3.6 it/s  eta 6.85h
  step   12500/100000  lr 9.72e-04  loss 0.11442  3.5 it/s  eta 6.93h
  step   12600/100000  lr 9.71e-04  loss 0.11173  3.6 it/s  eta 6.83h
  step   12700/100000  lr 9.71e-04  loss 0.11276  3.5 it/s  eta 6.90h
  step   12800/100000  lr 9.70e-04  loss 0.11339  3.5 it/s  eta 6.91h
  step   12900/100000  lr 9.70e-04  loss 0.11300  3.6 it/s  eta 6.81h
  step   13000/100000  lr 9.69e-04  loss 0.11244  3.5 it/s  eta 6.87h
  step   13100/100000  lr 9.69e-04  loss 0.11199  3.6 it/s  eta 6.79h
  step   13200/100000  lr 9.68e-04  loss 0.11196  3.5 it/s  eta 6.90h
  step   13300/100000  lr 9.68e-04  loss 0.10942  3.5 it/s  eta 6.82h
  step   13400/100000  lr 9.67e-04  loss 0.11188  3.5 it/s  eta 6.88h
  step   13500/100000  lr 9.66e-04  loss 0.11311  3.5 it/s  eta 6.83h
  step   13600/100000  lr 9.66e-04  loss 0.11189  3.5 it/s  eta 6.80h
  step   13700/100000  lr 9.65e-04  loss 0.11423  3.5 it/s  eta 6.84h
  step   13800/100000  lr 9.65e-04  loss 0.11277  3.5 it/s  eta 6.75h
  step   13900/100000  lr 9.64e-04  loss 0.11367  3.5 it/s  eta 6.82h
  step   14000/100000  lr 9.64e-04  loss 0.11156  3.5 it/s  eta 6.74h
  [val 14000]  clip 25.494dB/0.6272   minmax 21.328dB/0.6082   robust 21.124dB/0.6019   | OOD 18.919dB/0.4293 | grad 1.143 hf 2.30
  [val] new best 25.494 dB -> best.pt
  step   14100/100000  lr 9.63e-04  loss 0.11122  2.6 it/s  eta 9.21h
  step   14200/100000  lr 9.62e-04  loss 0.11177  3.6 it/s  eta 6.69h
  step   14300/100000  lr 9.62e-04  loss 0.11327  3.5 it/s  eta 6.83h
  step   14400/100000  lr 9.61e-04  loss 0.11440  3.5 it/s  eta 6.72h
  step   14500/100000  lr 9.60e-04  loss 0.11215  3.5 it/s  eta 6.70h
  step   14600/100000  lr 9.60e-04  loss 0.11242  3.5 it/s  eta 6.76h
  step   14700/100000  lr 9.59e-04  loss 0.11533  3.5 it/s  eta 6.69h
  step   14800/100000  lr 9.59e-04  loss 0.11178  3.5 it/s  eta 6.78h
  step   14900/100000  lr 9.58e-04  loss 0.11283  3.5 it/s  eta 6.72h
  step   15000/100000  lr 9.57e-04  loss 0.11244  3.5 it/s  eta 6.75h
  step   15100/100000  lr 9.57e-04  loss 0.11403  3.5 it/s  eta 6.70h
  step   15200/100000  lr 9.56e-04  loss 0.11459  3.5 it/s  eta 6.65h
  step   15300/100000  lr 9.55e-04  loss 0.11531  3.5 it/s  eta 6.72h
  step   15400/100000  lr 9.55e-04  loss 0.11188  3.5 it/s  eta 6.64h
  step   15500/100000  lr 9.54e-04  loss 0.11203  3.5 it/s  eta 6.71h
  step   15600/100000  lr 9.53e-04  loss 0.11281  3.5 it/s  eta 6.67h
  step   15700/100000  lr 9.53e-04  loss 0.11240  3.5 it/s  eta 6.76h
  step   15800/100000  lr 9.52e-04  loss 0.11220  3.5 it/s  eta 6.65h
  step   15900/100000  lr 9.51e-04  loss 0.11173  3.5 it/s  eta 6.65h
  step   16000/100000  lr 9.51e-04  loss 0.11217  3.5 it/s  eta 6.64h
  [val 16000]  clip 25.520dB/0.6287   minmax 21.320dB/0.6096   robust 21.137dB/0.6034   | OOD 18.960dB/0.4260 | grad 1.144 hf 2.30
  [val] new best 25.520 dB -> best.pt
  step   16100/100000  lr 9.50e-04  loss 0.11259  2.6 it/s  eta 9.00h
  step   16200/100000  lr 9.49e-04  loss 0.11213  3.5 it/s  eta 6.59h
  step   16300/100000  lr 9.48e-04  loss 0.11309  3.5 it/s  eta 6.56h
  step   16400/100000  lr 9.48e-04  loss 0.11561  3.5 it/s  eta 6.65h
  step   16500/100000  lr 9.47e-04  loss 0.11310  3.5 it/s  eta 6.61h
  step   16600/100000  lr 9.46e-04  loss 0.11012  3.5 it/s  eta 6.65h
  step   16700/100000  lr 9.46e-04  loss 0.11455  3.5 it/s  eta 6.55h
  step   16800/100000  lr 9.45e-04  loss 0.11028  3.5 it/s  eta 6.59h
  step   16900/100000  lr 9.44e-04  loss 0.11327  3.5 it/s  eta 6.52h
  step   17000/100000  lr 9.43e-04  loss 0.11263  3.5 it/s  eta 6.54h
  step   17100/100000  lr 9.43e-04  loss 0.11527  3.5 it/s  eta 6.62h
  step   17200/100000  lr 9.42e-04  loss 0.11419  3.5 it/s  eta 6.53h
  step   17300/100000  lr 9.41e-04  loss 0.11462  3.5 it/s  eta 6.61h
  step   17400/100000  lr 9.40e-04  loss 0.11115  3.6 it/s  eta 6.36h
  step   17500/100000  lr 9.40e-04  loss 0.11328  3.6 it/s  eta 6.42h
  step   17600/100000  lr 9.39e-04  loss 0.11076  3.6 it/s  eta 6.32h
  step   17700/100000  lr 9.38e-04  loss 0.11221  3.6 it/s  eta 6.30h
  step   17800/100000  lr 9.37e-04  loss 0.11259  3.6 it/s  eta 6.36h
  step   17900/100000  lr 9.37e-04  loss 0.11155  3.6 it/s  eta 6.29h
  step   18000/100000  lr 9.36e-04  loss 0.11289  3.6 it/s  eta 6.36h
  [val 18000]  clip 25.553dB/0.6305   minmax 21.298dB/0.6118   robust 21.175dB/0.6059   | OOD 19.017dB/0.4383 | grad 1.143 hf 2.30
  [val] new best 25.553 dB -> best.pt
  step   18100/100000  lr 9.35e-04  loss 0.11267  2.6 it/s  eta 8.60h
  step   18200/100000  lr 9.34e-04  loss 0.11202  3.6 it/s  eta 6.28h
  step   18300/100000  lr 9.33e-04  loss 0.11367  3.6 it/s  eta 6.28h
  step   18400/100000  lr 9.33e-04  loss 0.11381  3.6 it/s  eta 6.27h
  step   18500/100000  lr 9.32e-04  loss 0.11132  3.6 it/s  eta 6.28h
  step   18600/100000  lr 9.31e-04  loss 0.11110  3.6 it/s  eta 6.23h
  step   18700/100000  lr 9.30e-04  loss 0.11215  3.6 it/s  eta 6.28h
  step   18800/100000  lr 9.29e-04  loss 0.11279  3.6 it/s  eta 6.21h
  step   18900/100000  lr 9.28e-04  loss 0.11025  3.6 it/s  eta 6.25h
  step   19000/100000  lr 9.28e-04  loss 0.11163  3.6 it/s  eta 6.19h
  step   19100/100000  lr 9.27e-04  loss 0.11225  3.6 it/s  eta 6.17h
  step   19200/100000  lr 9.26e-04  loss 0.11324  3.6 it/s  eta 6.24h
  step   19300/100000  lr 9.25e-04  loss 0.11081  3.6 it/s  eta 6.17h
  step   19400/100000  lr 9.24e-04  loss 0.11113  3.6 it/s  eta 6.23h
  step   19500/100000  lr 9.23e-04  loss 0.11152  3.6 it/s  eta 6.16h
  step   19600/100000  lr 9.23e-04  loss 0.11164  3.6 it/s  eta 6.21h
  step   19700/100000  lr 9.22e-04  loss 0.11121  3.6 it/s  eta 6.18h
  step   19800/100000  lr 9.21e-04  loss 0.11158  3.6 it/s  eta 6.17h
  step   19900/100000  lr 9.20e-04  loss 0.11066  3.6 it/s  eta 6.21h
  step   20000/100000  lr 9.19e-04  loss 0.11186  3.6 it/s  eta 6.13h
  [val 20000]  clip 25.574dB/0.6314   minmax 21.314dB/0.6126   robust 21.163dB/0.6068   | OOD 19.030dB/0.4305 | grad 1.137 hf 2.29
  [val] new best 25.574 dB -> best.pt
  step   20100/100000  lr 9.18e-04  loss 0.11108  2.6 it/s  eta 8.55h
  step   20200/100000  lr 9.17e-04  loss 0.11196  3.5 it/s  eta 6.28h
  step   20300/100000  lr 9.16e-04  loss 0.11349  3.5 it/s  eta 6.37h
  step   20400/100000  lr 9.16e-04  loss 0.11172  3.5 it/s  eta 6.28h
  step   20500/100000  lr 9.15e-04  loss 0.10858  3.5 it/s  eta 6.33h
  step   20600/100000  lr 9.14e-04  loss 0.10999  3.5 it/s  eta 6.24h
  step   20700/100000  lr 9.13e-04  loss 0.11378  3.5 it/s  eta 6.26h
  step   20800/100000  lr 9.12e-04  loss 0.11018  3.5 it/s  eta 6.31h
  step   20900/100000  lr 9.11e-04  loss 0.11143  3.5 it/s  eta 6.22h
  step   21000/100000  lr 9.10e-04  loss 0.10864  3.5 it/s  eta 6.31h
  step   21100/100000  lr 9.09e-04  loss 0.11265  3.5 it/s  eta 6.22h
  step   21200/100000  lr 9.08e-04  loss 0.11332  3.5 it/s  eta 6.30h
  step   21300/100000  lr 9.07e-04  loss 0.10896  3.5 it/s  eta 6.18h
  step   21400/100000  lr 9.06e-04  loss 0.11246  3.5 it/s  eta 6.17h
  step   21500/100000  lr 9.06e-04  loss 0.11056  3.5 it/s  eta 6.25h
  step   21600/100000  lr 9.05e-04  loss 0.11516  3.5 it/s  eta 6.19h
  step   21700/100000  lr 9.04e-04  loss 0.11266  3.5 it/s  eta 6.27h
  step   21800/100000  lr 9.03e-04  loss 0.11286  3.5 it/s  eta 6.18h
  step   21900/100000  lr 9.02e-04  loss 0.10987  3.5 it/s  eta 6.21h
  step   22000/100000  lr 9.01e-04  loss 0.11063  3.5 it/s  eta 6.17h
  [val 22000]  clip 25.597dB/0.6326   minmax 21.337dB/0.6136   robust 21.200dB/0.6080   | OOD 19.182dB/0.4432 | grad 1.133 hf 2.28
  [val] new best 25.597 dB -> best.pt
  step   22100/100000  lr 9.00e-04  loss 0.11050  2.6 it/s  eta 8.41h
  step   22200/100000  lr 8.99e-04  loss 0.11322  3.5 it/s  eta 6.12h
  step   22300/100000  lr 8.98e-04  loss 0.11309  3.5 it/s  eta 6.17h
  step   22400/100000  lr 8.97e-04  loss 0.11046  3.5 it/s  eta 6.18h
  step   22500/100000  lr 8.96e-04  loss 0.11189  3.5 it/s  eta 6.11h
  step   22600/100000  lr 8.95e-04  loss 0.11255  3.5 it/s  eta 6.16h
  step   22700/100000  lr 8.94e-04  loss 0.11317  3.5 it/s  eta 6.12h
  step   22800/100000  lr 8.93e-04  loss 0.11276  3.5 it/s  eta 6.19h
  step   22900/100000  lr 8.92e-04  loss 0.11029  3.5 it/s  eta 6.09h
  step   23000/100000  lr 8.91e-04  loss 0.11086  3.5 it/s  eta 6.11h
  step   23100/100000  lr 8.90e-04  loss 0.11203  3.5 it/s  eta 6.09h
  step   23200/100000  lr 8.89e-04  loss 0.11289  3.6 it/s  eta 5.99h
  step   23300/100000  lr 8.88e-04  loss 0.10954  3.5 it/s  eta 6.08h
  step   23400/100000  lr 8.87e-04  loss 0.10955  3.5 it/s  eta 6.06h
  step   23500/100000  lr 8.86e-04  loss 0.11225  3.5 it/s  eta 6.06h
  step   23600/100000  lr 8.85e-04  loss 0.10915  3.5 it/s  eta 5.98h
  step   23700/100000  lr 8.84e-04  loss 0.10929  3.5 it/s  eta 6.03h
  step   23800/100000  lr 8.83e-04  loss 0.11206  3.5 it/s  eta 5.99h
  step   23900/100000  lr 8.82e-04  loss 0.11209  3.6 it/s  eta 5.93h
  step   24000/100000  lr 8.81e-04  loss 0.11115  3.5 it/s  eta 6.02h
  [val 24000]  clip 25.602dB/0.6330   minmax 21.307dB/0.6141   robust 21.193dB/0.6087   | OOD 18.938dB/0.4321 | grad 1.132 hf 2.28
  [val] new best 25.602 dB -> best.pt
  step   24100/100000  lr 8.80e-04  loss 0.11075  2.6 it/s  eta 8.07h
  step   24200/100000  lr 8.79e-04  loss 0.11338  3.5 it/s  eta 6.01h
  step   24300/100000  lr 8.78e-04  loss 0.11183  3.5 it/s  eta 5.94h
  step   24400/100000  lr 8.77e-04  loss 0.11187  3.5 it/s  eta 5.98h
  step   24500/100000  lr 8.76e-04  loss 0.11185  3.6 it/s  eta 5.89h
  step   24600/100000  lr 8.75e-04  loss 0.11198  3.5 it/s  eta 5.98h
  step   24700/100000  lr 8.73e-04  loss 0.11161  3.5 it/s  eta 5.90h
  step   24800/100000  lr 8.72e-04  loss 0.11072  3.6 it/s  eta 5.86h
  step   24900/100000  lr 8.71e-04  loss 0.11178  3.5 it/s  eta 5.93h
  step   25000/100000  lr 8.70e-04  loss 0.10979  3.6 it/s  eta 5.83h
  step   25100/100000  lr 8.69e-04  loss 0.11017  3.5 it/s  eta 5.91h
  step   25200/100000  lr 8.68e-04  loss 0.11292  3.6 it/s  eta 5.82h
  step   25300/100000  lr 8.67e-04  loss 0.11091  3.5 it/s  eta 5.90h
  step   25400/100000  lr 8.66e-04  loss 0.11173  3.5 it/s  eta 5.85h
  step   25500/100000  lr 8.65e-04  loss 0.11211  3.5 it/s  eta 5.84h
  step   25600/100000  lr 8.64e-04  loss 0.11210  3.5 it/s  eta 5.86h
  step   25700/100000  lr 8.63e-04  loss 0.10792  3.6 it/s  eta 5.79h
  step   25800/100000  lr 8.62e-04  loss 0.10917  3.5 it/s  eta 5.85h
  step   25900/100000  lr 8.60e-04  loss 0.10928  3.6 it/s  eta 5.77h
  step   26000/100000  lr 8.59e-04  loss 0.11014  3.5 it/s  eta 5.86h
  [val 26000]  clip 25.616dB/0.6343   minmax 21.313dB/0.6155   robust 21.199dB/0.6099   | OOD 19.110dB/0.4383 | grad 1.137 hf 2.28
  [val] new best 25.616 dB -> best.pt
  step   26100/100000  lr 8.58e-04  loss 0.11162  2.6 it/s  eta 7.78h
  step   26200/100000  lr 8.57e-04  loss 0.10906  3.5 it/s  eta 5.80h
  step   26300/100000  lr 8.56e-04  loss 0.10883  3.6 it/s  eta 5.75h
  step   26400/100000  lr 8.55e-04  loss 0.11266  3.6 it/s  eta 5.75h
  step   26500/100000  lr 8.54e-04  loss 0.11154  3.5 it/s  eta 5.78h
  step   26600/100000  lr 8.53e-04  loss 0.11037  3.6 it/s  eta 5.73h
  step   26700/100000  lr 8.51e-04  loss 0.11156  3.5 it/s  eta 5.77h
  step   26800/100000  lr 8.50e-04  loss 0.10975  3.6 it/s  eta 5.71h
  step   26900/100000  lr 8.49e-04  loss 0.11109  3.5 it/s  eta 5.76h
  step   27000/100000  lr 8.48e-04  loss 0.11278  3.5 it/s  eta 5.71h
  step   27100/100000  lr 8.47e-04  loss 0.11191  3.6 it/s  eta 5.69h
  step   27200/100000  lr 8.46e-04  loss 0.11239  3.5 it/s  eta 5.74h
  step   27300/100000  lr 8.45e-04  loss 0.11150  3.6 it/s  eta 5.66h
  step   27400/100000  lr 8.43e-04  loss 0.10889  3.5 it/s  eta 5.74h
  step   27500/100000  lr 8.42e-04  loss 0.11159  3.5 it/s  eta 5.71h
  step   27600/100000  lr 8.41e-04  loss 0.10958  3.5 it/s  eta 5.73h
  step   27700/100000  lr 8.40e-04  loss 0.11234  3.6 it/s  eta 5.65h
  step   27800/100000  lr 8.39e-04  loss 0.10977  3.6 it/s  eta 5.64h
  step   27900/100000  lr 8.38e-04  loss 0.11048  3.5 it/s  eta 5.69h
  step   28000/100000  lr 8.36e-04  loss 0.11098  3.6 it/s  eta 5.63h
  [val 28000]  clip 25.642dB/0.6355   minmax 21.280dB/0.6165   robust 21.213dB/0.6111   | OOD 19.084dB/0.4415 | grad 1.132 hf 2.27
  [val] new best 25.642 dB -> best.pt
  step   28100/100000  lr 8.35e-04  loss 0.11299  2.6 it/s  eta 7.72h
  step   28200/100000  lr 8.34e-04  loss 0.10940  3.5 it/s  eta 5.66h
  step   28300/100000  lr 8.33e-04  loss 0.11163  3.5 it/s  eta 5.68h
  step   28400/100000  lr 8.32e-04  loss 0.11023  3.5 it/s  eta 5.61h
  step   28500/100000  lr 8.30e-04  loss 0.10990  3.5 it/s  eta 5.66h
  step   28600/100000  lr 8.29e-04  loss 0.10957  3.5 it/s  eta 5.62h
  step   28700/100000  lr 8.28e-04  loss 0.11340  3.5 it/s  eta 5.59h
  step   28800/100000  lr 8.27e-04  loss 0.11002  3.5 it/s  eta 5.64h
  step   28900/100000  lr 8.26e-04  loss 0.10977  3.6 it/s  eta 5.56h
  step   29000/100000  lr 8.24e-04  loss 0.11151  3.5 it/s  eta 5.63h
  step   29100/100000  lr 8.23e-04  loss 0.10821  3.6 it/s  eta 5.51h
  step   29200/100000  lr 8.22e-04  loss 0.11096  3.5 it/s  eta 5.57h
  step   29300/100000  lr 8.21e-04  loss 0.10998  3.6 it/s  eta 5.50h
  step   29400/100000  lr 8.19e-04  loss 0.11032  3.6 it/s  eta 5.47h
  step   29500/100000  lr 8.18e-04  loss 0.11178  3.5 it/s  eta 5.53h
  step   29600/100000  lr 8.17e-04  loss 0.10925  3.6 it/s  eta 5.45h
  step   29700/100000  lr 8.16e-04  loss 0.10983  3.5 it/s  eta 5.51h
  step   29800/100000  lr 8.14e-04  loss 0.11039  3.6 it/s  eta 5.44h
  step   29900/100000  lr 8.13e-04  loss 0.10824  3.5 it/s  eta 5.51h
  step   30000/100000  lr 8.12e-04  loss 0.10984  3.6 it/s  eta 5.44h
  [val 30000]  clip 25.664dB/0.6364   minmax 21.319dB/0.6176   robust 21.227dB/0.6116   | OOD 19.146dB/0.4466 | grad 1.131 hf 2.26
  [val] new best 25.664 dB -> best.pt
  step   30100/100000  lr 8.11e-04  loss 0.11285  2.6 it/s  eta 7.39h
  step   30200/100000  lr 8.09e-04  loss 0.11166  3.6 it/s  eta 5.45h
  step   30300/100000  lr 8.08e-04  loss 0.10917  3.6 it/s  eta 5.45h
  step   30400/100000  lr 8.07e-04  loss 0.11070  3.5 it/s  eta 5.46h
  step   30500/100000  lr 8.06e-04  loss 0.10936  3.6 it/s  eta 5.40h
  step   30600/100000  lr 8.04e-04  loss 0.11191  3.5 it/s  eta 5.50h
  step   30700/100000  lr 8.03e-04  loss 0.11023  3.6 it/s  eta 5.39h
  step   30800/100000  lr 8.02e-04  loss 0.11413  3.5 it/s  eta 5.45h
  step   30900/100000  lr 8.01e-04  loss 0.10909  3.6 it/s  eta 5.39h
  step   31000/100000  lr 7.99e-04  loss 0.10933  3.6 it/s  eta 5.36h
  step   31100/100000  lr 7.98e-04  loss 0.11082  3.6 it/s  eta 5.39h
  step   31200/100000  lr 7.97e-04  loss 0.11184  3.6 it/s  eta 5.35h
  step   31300/100000  lr 7.95e-04  loss 0.10985  3.5 it/s  eta 5.39h
  step   31400/100000  lr 7.94e-04  loss 0.11038  3.6 it/s  eta 5.32h
  step   31500/100000  lr 7.93e-04  loss 0.11058  3.5 it/s  eta 5.39h
  step   31600/100000  lr 7.92e-04  loss 0.10945  3.6 it/s  eta 5.32h
  step   31700/100000  lr 7.90e-04  loss 0.11013  3.6 it/s  eta 5.29h
  step   31800/100000  lr 7.89e-04  loss 0.10928  3.5 it/s  eta 5.36h
  step   31900/100000  lr 7.88e-04  loss 0.10968  3.6 it/s  eta 5.31h
  step   32000/100000  lr 7.86e-04  loss 0.10985  3.5 it/s  eta 5.39h
  [val 32000]  clip 25.680dB/0.6373   minmax 21.303dB/0.6180   robust 21.241dB/0.6125   | OOD 19.039dB/0.4425 | grad 1.129 hf 2.25
  [val] new best 25.680 dB -> best.pt
  step   32100/100000  lr 7.85e-04  loss 0.11148  2.6 it/s  eta 7.20h
  step   32200/100000  lr 7.84e-04  loss 0.10991  3.5 it/s  eta 5.37h
  step   32300/100000  lr 7.82e-04  loss 0.10948  3.5 it/s  eta 5.40h
  step   32400/100000  lr 7.81e-04  loss 0.11357  3.5 it/s  eta 5.43h
  step   32500/100000  lr 7.80e-04  loss 0.10813  3.5 it/s  eta 5.37h
  step   32600/100000  lr 7.78e-04  loss 0.11140  3.5 it/s  eta 5.35h
  step   32700/100000  lr 7.77e-04  loss 0.11027  3.5 it/s  eta 5.40h
  step   32800/100000  lr 7.76e-04  loss 0.11244  3.5 it/s  eta 5.36h
  step   32900/100000  lr 7.74e-04  loss 0.11080  3.4 it/s  eta 5.41h
  step   33000/100000  lr 7.73e-04  loss 0.10761  3.5 it/s  eta 5.32h
  step   33100/100000  lr 7.72e-04  loss 0.10926  3.5 it/s  eta 5.37h
  step   33200/100000  lr 7.70e-04  loss 0.11119  3.5 it/s  eta 5.30h
  step   33300/100000  lr 7.69e-04  loss 0.11074  3.4 it/s  eta 5.38h
  step   33400/100000  lr 7.68e-04  loss 0.11095  3.5 it/s  eta 5.31h
  step   33500/100000  lr 7.66e-04  loss 0.11079  3.5 it/s  eta 5.27h
  step   33600/100000  lr 7.65e-04  loss 0.11111  3.4 it/s  eta 5.35h
  step   33700/100000  lr 7.64e-04  loss 0.10901  3.5 it/s  eta 5.26h
  step   33800/100000  lr 7.62e-04  loss 0.10927  3.5 it/s  eta 5.29h
  step   33900/100000  lr 7.61e-04  loss 0.10994  3.5 it/s  eta 5.19h
  step   34000/100000  lr 7.59e-04  loss 0.11040  3.5 it/s  eta 5.24h
  [val 34000]  clip 25.673dB/0.6365   minmax 21.286dB/0.6172   robust 21.234dB/0.6118   | OOD 18.797dB/0.4281 | grad 1.130 hf 2.27
  step   34100/100000  lr 7.58e-04  loss 0.10992  2.7 it/s  eta 6.88h
  step   34200/100000  lr 7.57e-04  loss 0.10850  3.5 it/s  eta 5.24h
  step   34300/100000  lr 7.55e-04  loss 0.11141  3.5 it/s  eta 5.17h
  step   34400/100000  lr 7.54e-04  loss 0.10968  3.5 it/s  eta 5.14h
  step   34500/100000  lr 7.53e-04  loss 0.11320  3.5 it/s  eta 5.17h
  step   34600/100000  lr 7.51e-04  loss 0.10988  3.5 it/s  eta 5.12h
  step   34700/100000  lr 7.50e-04  loss 0.11044  3.5 it/s  eta 5.19h
  step   34800/100000  lr 7.48e-04  loss 0.10927  3.6 it/s  eta 5.09h
  step   34900/100000  lr 7.47e-04  loss 0.10964  3.5 it/s  eta 5.12h
  step   35000/100000  lr 7.46e-04  loss 0.10699  3.6 it/s  eta 5.03h
  step   35100/100000  lr 7.44e-04  loss 0.10971  3.6 it/s  eta 5.05h
  step   35200/100000  lr 7.43e-04  loss 0.11083  3.5 it/s  eta 5.13h
  step   35300/100000  lr 7.41e-04  loss 0.11016  3.6 it/s  eta 5.03h
  step   35400/100000  lr 7.40e-04  loss 0.11045  3.5 it/s  eta 5.09h
  step   35500/100000  lr 7.39e-04  loss 0.10941  3.6 it/s  eta 5.03h
  step   35600/100000  lr 7.37e-04  loss 0.11034  3.5 it/s  eta 5.06h
  step   35700/100000  lr 7.36e-04  loss 0.10985  3.6 it/s  eta 4.99h
  step   35800/100000  lr 7.34e-04  loss 0.10776  3.6 it/s  eta 5.00h
  step   35900/100000  lr 7.33e-04  loss 0.11003  3.5 it/s  eta 5.07h
  step   36000/100000  lr 7.32e-04  loss 0.11083  3.5 it/s  eta 5.02h
  [val 36000]  clip 25.691dB/0.6377   minmax 21.244dB/0.6185   robust 21.233dB/0.6131   | OOD 18.800dB/0.4214 | grad 1.127 hf 2.27
  [val] new best 25.691 dB -> best.pt
  step   36100/100000  lr 7.30e-04  loss 0.11101  2.6 it/s  eta 6.84h
  step   36200/100000  lr 7.29e-04  loss 0.10986  3.6 it/s  eta 4.99h
  step   36300/100000  lr 7.27e-04  loss 0.10883  3.5 it/s  eta 5.07h
  step   36400/100000  lr 7.26e-04  loss 0.11161  3.4 it/s  eta 5.14h
  step   36500/100000  lr 7.24e-04  loss 0.10867  3.2 it/s  eta 5.55h
  step   36600/100000  lr 7.23e-04  loss 0.11065  3.5 it/s  eta 5.03h
  step   36700/100000  lr 7.22e-04  loss 0.11002  3.5 it/s  eta 5.09h
  step   36800/100000  lr 7.20e-04  loss 0.10766  3.4 it/s  eta 5.09h
  step   36900/100000  lr 7.19e-04  loss 0.10944  3.4 it/s  eta 5.09h
  step   37000/100000  lr 7.17e-04  loss 0.11101  3.5 it/s  eta 5.05h
  step   37100/100000  lr 7.16e-04  loss 0.10756  3.5 it/s  eta 5.00h
  step   37200/100000  lr 7.14e-04  loss 0.11027  3.5 it/s  eta 5.01h
  step   37300/100000  lr 7.13e-04  loss 0.10891  3.5 it/s  eta 4.94h
  step   37400/100000  lr 7.11e-04  loss 0.11047  3.5 it/s  eta 5.00h
  step   37500/100000  lr 7.10e-04  loss 0.10804  3.5 it/s  eta 4.95h
  step   37600/100000  lr 7.09e-04  loss 0.10867  3.5 it/s  eta 4.94h
  step   37700/100000  lr 7.07e-04  loss 0.11014  3.5 it/s  eta 4.98h
  step   37800/100000  lr 7.06e-04  loss 0.11034  3.5 it/s  eta 4.94h
  step   37900/100000  lr 7.04e-04  loss 0.11088  3.5 it/s  eta 4.95h
  step   38000/100000  lr 7.03e-04  loss 0.11104  3.5 it/s  eta 4.88h
  [val 38000]  clip 25.711dB/0.6386   minmax 21.240dB/0.6190   robust 21.251dB/0.6137   | OOD 18.812dB/0.4241 | grad 1.129 hf 2.26
  [val] new best 25.711 dB -> best.pt
  step   38100/100000  lr 7.01e-04  loss 0.10744  2.6 it/s  eta 6.57h
  step   38200/100000  lr 7.00e-04  loss 0.10817  3.6 it/s  eta 4.75h
  step   38300/100000  lr 6.98e-04  loss 0.11065  3.6 it/s  eta 4.76h
  step   38400/100000  lr 6.97e-04  loss 0.11026  3.6 it/s  eta 4.69h
  step   38500/100000  lr 6.95e-04  loss 0.10987  3.6 it/s  eta 4.72h
  step   38600/100000  lr 6.94e-04  loss 0.11069  3.6 it/s  eta 4.77h
  step   38700/100000  lr 6.92e-04  loss 0.10957  3.6 it/s  eta 4.71h
  step   38800/100000  lr 6.91e-04  loss 0.10993  3.6 it/s  eta 4.77h
  step   38900/100000  lr 6.89e-04  loss 0.11149  3.6 it/s  eta 4.71h
  step   39000/100000  lr 6.88e-04  loss 0.11115  3.6 it/s  eta 4.74h
  step   39100/100000  lr 6.86e-04  loss 0.10928  3.6 it/s  eta 4.68h
  step   39200/100000  lr 6.85e-04  loss 0.10837  3.6 it/s  eta 4.66h
  step   39300/100000  lr 6.83e-04  loss 0.10977  3.6 it/s  eta 4.70h
  step   39400/100000  lr 6.82e-04  loss 0.10674  3.6 it/s  eta 4.68h
  step   39500/100000  lr 6.81e-04  loss 0.11200  3.6 it/s  eta 4.71h
  step   39600/100000  lr 6.79e-04  loss 0.10891  3.6 it/s  eta 4.63h
  step   39700/100000  lr 6.78e-04  loss 0.10906  3.6 it/s  eta 4.68h
  step   39800/100000  lr 6.76e-04  loss 0.10983  3.6 it/s  eta 4.64h
  step   39900/100000  lr 6.75e-04  loss 0.10882  3.6 it/s  eta 4.61h
  step   40000/100000  lr 6.73e-04  loss 0.11065  3.6 it/s  eta 4.67h
  [val 40000]  clip 25.713dB/0.6393   minmax 21.240dB/0.6196   robust 21.256dB/0.6144   | OOD 19.008dB/0.4348 | grad 1.126 hf 2.26
  [val] new best 25.713 dB -> best.pt
  step   40100/100000  lr 6.72e-04  loss 0.10994  2.7 it/s  eta 6.17h
  step   40200/100000  lr 6.70e-04  loss 0.11077  3.6 it/s  eta 4.65h
  step   40300/100000  lr 6.69e-04  loss 0.10915  3.6 it/s  eta 4.59h
  step   40400/100000  lr 6.67e-04  loss 0.10838  3.6 it/s  eta 4.63h
  step   40500/100000  lr 6.65e-04  loss 0.11003  3.6 it/s  eta 4.54h
  step   40600/100000  lr 6.64e-04  loss 0.11120  3.6 it/s  eta 4.57h
  step   40700/100000  lr 6.62e-04  loss 0.10975  3.6 it/s  eta 4.62h
  step   40800/100000  lr 6.61e-04  loss 0.10865  3.6 it/s  eta 4.58h
  step   40900/100000  lr 6.59e-04  loss 0.10966  3.5 it/s  eta 4.72h
  step   41000/100000  lr 6.58e-04  loss 0.10887  3.6 it/s  eta 4.49h
  step   41100/100000  lr 6.56e-04  loss 0.10998  3.6 it/s  eta 4.53h
  step   41200/100000  lr 6.55e-04  loss 0.11078  3.7 it/s  eta 4.46h
  step   41300/100000  lr 6.53e-04  loss 0.10939  3.7 it/s  eta 4.47h
  step   41400/100000  lr 6.52e-04  loss 0.11002  3.6 it/s  eta 4.53h
  step   41500/100000  lr 6.50e-04  loss 0.10827  3.6 it/s  eta 4.47h
  step   41600/100000  lr 6.49e-04  loss 0.11020  3.6 it/s  eta 4.47h
  step   41700/100000  lr 6.47e-04  loss 0.11081  3.6 it/s  eta 4.46h
  step   41800/100000  lr 6.46e-04  loss 0.11007  3.6 it/s  eta 4.46h
  step   41900/100000  lr 6.44e-04  loss 0.10897  3.6 it/s  eta 4.46h
  step   42000/100000  lr 6.43e-04  loss 0.10864  3.7 it/s  eta 4.41h
  [val 42000]  clip 25.729dB/0.6392   minmax 21.301dB/0.6197   robust 21.268dB/0.6145   | OOD 18.781dB/0.4214 | grad 1.127 hf 2.25
  [val] new best 25.729 dB -> best.pt
  step   42100/100000  lr 6.41e-04  loss 0.10760  2.7 it/s  eta 6.05h
  step   42200/100000  lr 6.40e-04  loss 0.10933  3.6 it/s  eta 4.42h
  step   42300/100000  lr 6.38e-04  loss 0.10846  3.6 it/s  eta 4.45h
  step   42400/100000  lr 6.36e-04  loss 0.11014  3.6 it/s  eta 4.40h
  step   42500/100000  lr 6.35e-04  loss 0.10958  3.6 it/s  eta 4.43h
  step   42600/100000  lr 6.33e-04  loss 0.11128  3.6 it/s  eta 4.38h
  step   42700/100000  lr 6.32e-04  loss 0.10893  3.6 it/s  eta 4.37h
  step   42800/100000  lr 6.30e-04  loss 0.10968  3.6 it/s  eta 4.39h
  step   42900/100000  lr 6.29e-04  loss 0.10858  3.6 it/s  eta 4.35h
  step   43000/100000  lr 6.27e-04  loss 0.10685  3.6 it/s  eta 4.41h
  step   43100/100000  lr 6.26e-04  loss 0.10894  3.6 it/s  eta 4.42h
  step   43200/100000  lr 6.24e-04  loss 0.11095  3.5 it/s  eta 4.45h
  step   43300/100000  lr 6.23e-04  loss 0.10787  3.6 it/s  eta 4.40h
  step   43400/100000  lr 6.21e-04  loss 0.10949  3.6 it/s  eta 4.38h
  step   43500/100000  lr 6.19e-04  loss 0.11038  3.5 it/s  eta 4.43h
  step   43600/100000  lr 6.18e-04  loss 0.10966  3.6 it/s  eta 4.37h
  step   43700/100000  lr 6.16e-04  loss 0.10858  3.5 it/s  eta 4.42h
  step   43800/100000  lr 6.15e-04  loss 0.10771  3.6 it/s  eta 4.37h
  step   43900/100000  lr 6.13e-04  loss 0.10987  3.5 it/s  eta 4.39h
  step   44000/100000  lr 6.12e-04  loss 0.10880  3.6 it/s  eta 4.37h
  [val 44000]  clip 25.740dB/0.6395   minmax 21.316dB/0.6201   robust 21.278dB/0.6150   | OOD 18.966dB/0.4364 | grad 1.125 hf 2.25
  [val] new best 25.740 dB -> best.pt
  step   44100/100000  lr 6.10e-04  loss 0.10988  2.6 it/s  eta 5.92h
  step   44200/100000  lr 6.09e-04  loss 0.10961  3.5 it/s  eta 4.37h
  step   44300/100000  lr 6.07e-04  loss 0.10809  3.6 it/s  eta 4.26h
  step   44400/100000  lr 6.05e-04  loss 0.11095  3.6 it/s  eta 4.30h
  step   44500/100000  lr 6.04e-04  loss 0.10724  3.7 it/s  eta 4.22h
  step   44600/100000  lr 6.02e-04  loss 0.11004  3.6 it/s  eta 4.27h
  step   44700/100000  lr 6.01e-04  loss 0.10919  3.6 it/s  eta 4.22h
  step   44800/100000  lr 5.99e-04  loss 0.10800  3.6 it/s  eta 4.23h
  step   44900/100000  lr 5.98e-04  loss 0.10696  3.6 it/s  eta 4.27h
  step   45000/100000  lr 5.96e-04  loss 0.10797  3.6 it/s  eta 4.27h
  step   45100/100000  lr 5.94e-04  loss 0.10809  3.5 it/s  eta 4.32h
  step   45200/100000  lr 5.93e-04  loss 0.10877  3.6 it/s  eta 4.24h
  step   45300/100000  lr 5.91e-04  loss 0.10840  3.5 it/s  eta 4.31h
  step   45400/100000  lr 5.90e-04  loss 0.11061  3.6 it/s  eta 4.25h
  step   45500/100000  lr 5.88e-04  loss 0.10739  3.6 it/s  eta 4.25h
  step   45600/100000  lr 5.87e-04  loss 0.10953  3.5 it/s  eta 4.28h
  step   45700/100000  lr 5.85e-04  loss 0.10974  3.6 it/s  eta 4.24h
  step   45800/100000  lr 5.83e-04  loss 0.10859  3.5 it/s  eta 4.29h
  step   45900/100000  lr 5.82e-04  loss 0.11244  3.6 it/s  eta 4.19h
  step   46000/100000  lr 5.80e-04  loss 0.10713  3.5 it/s  eta 4.25h
  [val 46000]  clip 25.729dB/0.6397   minmax 21.197dB/0.6198   robust 21.262dB/0.6151   | OOD 18.656dB/0.4203 | grad 1.126 hf 2.26
  step   46100/100000  lr 5.79e-04  loss 0.10882  2.7 it/s  eta 5.52h
  step   46200/100000  lr 5.77e-04  loss 0.10901  3.6 it/s  eta 4.16h
  step   46300/100000  lr 5.75e-04  loss 0.10936  3.6 it/s  eta 4.11h
  step   46400/100000  lr 5.74e-04  loss 0.10696  3.6 it/s  eta 4.11h
  step   46500/100000  lr 5.72e-04  loss 0.11076  3.6 it/s  eta 4.14h
  step   46600/100000  lr 5.71e-04  loss 0.11024  3.6 it/s  eta 4.07h
  step   46700/100000  lr 5.69e-04  loss 0.10986  3.6 it/s  eta 4.12h
  step   46800/100000  lr 5.68e-04  loss 0.10859  3.6 it/s  eta 4.07h
  step   46900/100000  lr 5.66e-04  loss 0.10855  3.6 it/s  eta 4.09h
  step   47000/100000  lr 5.64e-04  loss 0.10849  3.6 it/s  eta 4.07h
  step   47100/100000  lr 5.63e-04  loss 0.10894  3.6 it/s  eta 4.04h
  step   47200/100000  lr 5.61e-04  loss 0.10986  3.6 it/s  eta 4.09h
  step   47300/100000  lr 5.60e-04  loss 0.11170  3.6 it/s  eta 4.03h
  step   47400/100000  lr 5.58e-04  loss 0.10794  3.6 it/s  eta 4.07h
  step   47500/100000  lr 5.56e-04  loss 0.10965  3.6 it/s  eta 4.00h
  step   47600/100000  lr 5.55e-04  loss 0.10690  3.6 it/s  eta 4.00h
  step   47700/100000  lr 5.53e-04  loss 0.10954  3.6 it/s  eta 4.03h
  step   47800/100000  lr 5.52e-04  loss 0.10940  3.6 it/s  eta 3.98h
  step   47900/100000  lr 5.50e-04  loss 0.11136  3.6 it/s  eta 4.00h
  step   48000/100000  lr 5.48e-04  loss 0.11178  3.6 it/s  eta 3.98h
  [val 48000]  clip 25.737dB/0.6400   minmax 21.193dB/0.6199   robust 21.266dB/0.6150   | OOD 18.570dB/0.4139 | grad 1.127 hf 2.25
  step   48100/100000  lr 5.47e-04  loss 0.10834  2.7 it/s  eta 5.30h
  step   48200/100000  lr 5.45e-04  loss 0.10685  3.6 it/s  eta 3.96h
  step   48300/100000  lr 5.44e-04  loss 0.10793  3.6 it/s  eta 3.97h
  step   48400/100000  lr 5.42e-04  loss 0.10942  3.6 it/s  eta 3.95h
  step   48500/100000  lr 5.41e-04  loss 0.10803  3.6 it/s  eta 3.93h
  step   48600/100000  lr 5.39e-04  loss 0.10809  3.6 it/s  eta 3.97h
  step   48700/100000  lr 5.37e-04  loss 0.10825  3.7 it/s  eta 3.90h
  step   48800/100000  lr 5.36e-04  loss 0.10769  3.6 it/s  eta 3.93h
  step   48900/100000  lr 5.34e-04  loss 0.11100  3.6 it/s  eta 3.90h
  step   49000/100000  lr 5.33e-04  loss 0.10934  3.6 it/s  eta 3.90h
  step   49100/100000  lr 5.31e-04  loss 0.10926  3.6 it/s  eta 3.92h
  step   49200/100000  lr 5.29e-04  loss 0.11020  3.6 it/s  eta 3.87h
  step   49300/100000  lr 5.28e-04  loss 0.10968  3.6 it/s  eta 3.91h
  step   49400/100000  lr 5.26e-04  loss 0.10966  3.6 it/s  eta 3.86h
  step   49500/100000  lr 5.25e-04  loss 0.10651  3.6 it/s  eta 3.87h
  step   49600/100000  lr 5.23e-04  loss 0.10711  3.6 it/s  eta 3.86h
  step   49700/100000  lr 5.21e-04  loss 0.10987  3.6 it/s  eta 3.83h
  step   49800/100000  lr 5.20e-04  loss 0.10887  3.6 it/s  eta 3.85h
  step   49900/100000  lr 5.18e-04  loss 0.11105  3.7 it/s  eta 3.81h
  step   50000/100000  lr 5.17e-04  loss 0.10989  3.6 it/s  eta 3.86h
  [val 50000]  clip 25.751dB/0.6403   minmax 21.223dB/0.6207   robust 21.274dB/0.6154   | OOD 19.124dB/0.4494 | grad 1.124 hf 2.24
  [val] new best 25.751 dB -> best.pt
  step   50100/100000  lr 5.15e-04  loss 0.10925  2.7 it/s  eta 5.10h
  step   50200/100000  lr 5.13e-04  loss 0.10870  3.6 it/s  eta 3.84h
  step   50300/100000  lr 5.12e-04  loss 0.10782  3.7 it/s  eta 3.77h
  step   50400/100000  lr 5.10e-04  loss 0.10800  3.6 it/s  eta 3.79h
  step   50500/100000  lr 5.09e-04  loss 0.10957  3.6 it/s  eta 3.83h
  step   50600/100000  lr 5.07e-04  loss 0.11014  3.6 it/s  eta 3.77h
  step   50700/100000  lr 5.05e-04  loss 0.10960  3.6 it/s  eta 3.79h
  step   50800/100000  lr 5.04e-04  loss 0.10763  3.6 it/s  eta 3.76h
  step   50900/100000  lr 5.02e-04  loss 0.10736  3.6 it/s  eta 3.83h
  step   51000/100000  lr 5.01e-04  loss 0.10885  3.6 it/s  eta 3.81h
  step   51100/100000  lr 4.99e-04  loss 0.10828  3.6 it/s  eta 3.80h
  step   51200/100000  lr 4.97e-04  loss 0.10925  3.5 it/s  eta 3.85h
  step   51300/100000  lr 4.96e-04  loss 0.10915  3.6 it/s  eta 3.79h
  step   51400/100000  lr 4.94e-04  loss 0.10985  3.5 it/s  eta 3.82h
  step   51500/100000  lr 4.93e-04  loss 0.10784  3.6 it/s  eta 3.78h
  step   51600/100000  lr 4.91e-04  loss 0.10835  3.5 it/s  eta 3.82h
  step   51700/100000  lr 4.89e-04  loss 0.10694  3.6 it/s  eta 3.75h
  step   51800/100000  lr 4.88e-04  loss 0.10867  3.6 it/s  eta 3.76h
  step   51900/100000  lr 4.86e-04  loss 0.10886  3.5 it/s  eta 3.78h
  step   52000/100000  lr 4.85e-04  loss 0.10744  3.6 it/s  eta 3.73h
  [val 52000]  clip 25.739dB/0.6391   minmax 21.225dB/0.6196   robust 21.257dB/0.6145   | OOD 19.008dB/0.4394 | grad 1.128 hf 2.26
  step   52100/100000  lr 4.83e-04  loss 0.10870  2.7 it/s  eta 4.96h
  step   52200/100000  lr 4.81e-04  loss 0.10904  3.6 it/s  eta 3.70h
  step   52300/100000  lr 4.80e-04  loss 0.10959  3.5 it/s  eta 3.75h
  step   52400/100000  lr 4.78e-04  loss 0.10959  3.6 it/s  eta 3.70h
  step   52500/100000  lr 4.77e-04  loss 0.11012  3.6 it/s  eta 3.71h
  step   52600/100000  lr 4.75e-04  loss 0.10986  3.6 it/s  eta 3.68h
  step   52700/100000  lr 4.73e-04  loss 0.10827  3.6 it/s  eta 3.66h
  step   52800/100000  lr 4.72e-04  loss 0.10905  3.5 it/s  eta 3.72h
  step   52900/100000  lr 4.70e-04  loss 0.10782  3.6 it/s  eta 3.65h
  step   53000/100000  lr 4.69e-04  loss 0.10842  3.5 it/s  eta 3.70h
  step   53100/100000  lr 4.67e-04  loss 0.10802  3.6 it/s  eta 3.66h
  step   53200/100000  lr 4.65e-04  loss 0.10926  3.6 it/s  eta 3.66h
  step   53300/100000  lr 4.64e-04  loss 0.10880  3.5 it/s  eta 3.65h
  step   53400/100000  lr 4.62e-04  loss 0.10934  3.6 it/s  eta 3.63h
  step   53500/100000  lr 4.61e-04  loss 0.10811  3.5 it/s  eta 3.68h
  step   53600/100000  lr 4.59e-04  loss 0.11059  3.6 it/s  eta 3.61h
  step   53700/100000  lr 4.57e-04  loss 0.10970  3.5 it/s  eta 3.67h
  step   53800/100000  lr 4.56e-04  loss 0.10756  3.6 it/s  eta 3.61h
  step   53900/100000  lr 4.54e-04  loss 0.10772  3.6 it/s  eta 3.60h
  step   54000/100000  lr 4.53e-04  loss 0.10864  3.5 it/s  eta 3.61h
  [val 54000]  clip 25.765dB/0.6413   minmax 21.186dB/0.6207   robust 21.282dB/0.6162   | OOD 19.062dB/0.4403 | grad 1.124 hf 2.24
  [val] new best 25.765 dB -> best.pt
  step   54100/100000  lr 4.51e-04  loss 0.10878  2.6 it/s  eta 4.91h
  step   54200/100000  lr 4.49e-04  loss 0.10787  3.5 it/s  eta 3.59h
  step   54300/100000  lr 4.48e-04  loss 0.10652  3.6 it/s  eta 3.56h
  step   54400/100000  lr 4.46e-04  loss 0.10936  3.5 it/s  eta 3.59h
  step   54500/100000  lr 4.45e-04  loss 0.10709  3.5 it/s  eta 3.57h
  step   54600/100000  lr 4.43e-04  loss 0.10864  3.5 it/s  eta 3.60h
  step   54700/100000  lr 4.41e-04  loss 0.10802  3.5 it/s  eta 3.55h
  step   54800/100000  lr 4.40e-04  loss 0.11098  3.5 it/s  eta 3.58h
  step   54900/100000  lr 4.38e-04  loss 0.10726  3.6 it/s  eta 3.53h
  step   55000/100000  lr 4.37e-04  loss 0.10863  3.6 it/s  eta 3.52h
  step   55100/100000  lr 4.35e-04  loss 0.10774  3.5 it/s  eta 3.57h
  step   55200/100000  lr 4.33e-04  loss 0.11271  3.5 it/s  eta 3.51h
  step   55300/100000  lr 4.32e-04  loss 0.10993  3.5 it/s  eta 3.53h
  step   55400/100000  lr 4.30e-04  loss 0.10934  3.6 it/s  eta 3.49h
  step   55500/100000  lr 4.29e-04  loss 0.10758  3.5 it/s  eta 3.49h
  step   55600/100000  lr 4.27e-04  loss 0.10759  3.6 it/s  eta 3.40h
  step   55700/100000  lr 4.26e-04  loss 0.10945  3.6 it/s  eta 3.38h
  step   55800/100000  lr 4.24e-04  loss 0.11177  3.6 it/s  eta 3.44h
  step   55900/100000  lr 4.22e-04  loss 0.10844  3.6 it/s  eta 3.36h
  step   56000/100000  lr 4.21e-04  loss 0.10825  3.6 it/s  eta 3.40h
  [val 56000]  clip 25.772dB/0.6414   minmax 21.230dB/0.6213   robust 21.295dB/0.6166   | OOD 18.793dB/0.4337 | grad 1.121 hf 2.24
  [val] new best 25.772 dB -> best.pt
  step   56100/100000  lr 4.19e-04  loss 0.10741  2.6 it/s  eta 4.61h
  step   56200/100000  lr 4.18e-04  loss 0.10691  3.5 it/s  eta 3.45h
  step   56300/100000  lr 4.16e-04  loss 0.10864  3.6 it/s  eta 3.39h
  step   56400/100000  lr 4.14e-04  loss 0.11083  3.6 it/s  eta 3.41h
  step   56500/100000  lr 4.13e-04  loss 0.10908  3.5 it/s  eta 3.41h
  step   56600/100000  lr 4.11e-04  loss 0.10888  3.6 it/s  eta 3.38h
  step   56700/100000  lr 4.10e-04  loss 0.10827  3.5 it/s  eta 3.41h
  step   56800/100000  lr 4.08e-04  loss 0.10997  3.6 it/s  eta 3.36h
  step   56900/100000  lr 4.07e-04  loss 0.10938  3.5 it/s  eta 3.41h
  step   57000/100000  lr 4.05e-04  loss 0.10789  3.6 it/s  eta 3.33h
  step   57100/100000  lr 4.03e-04  loss 0.10688  3.5 it/s  eta 3.39h
  step   57200/100000  lr 4.02e-04  loss 0.10795  3.5 it/s  eta 3.36h
  step   57300/100000  lr 4.00e-04  loss 0.11062  3.5 it/s  eta 3.35h
  step   57400/100000  lr 3.99e-04  loss 0.10851  3.5 it/s  eta 3.36h
  step   57500/100000  lr 3.97e-04  loss 0.10784  3.5 it/s  eta 3.34h
  step   57600/100000  lr 3.96e-04  loss 0.10862  3.5 it/s  eta 3.36h
  step   57700/100000  lr 3.94e-04  loss 0.10852  3.5 it/s  eta 3.33h
  step   57800/100000  lr 3.92e-04  loss 0.10714  3.5 it/s  eta 3.32h
  step   57900/100000  lr 3.91e-04  loss 0.11147  3.5 it/s  eta 3.31h
  step   58000/100000  lr 3.89e-04  loss 0.10621  3.5 it/s  eta 3.29h
  [val 58000]  clip 25.786dB/0.6417   minmax 21.234dB/0.6216   robust 21.283dB/0.6166   | OOD 18.747dB/0.4262 | grad 1.125 hf 2.24
  [val] new best 25.786 dB -> best.pt
  step   58100/100000  lr 3.88e-04  loss 0.10886  2.6 it/s  eta 4.46h
  step   58200/100000  lr 3.86e-04  loss 0.10901  3.6 it/s  eta 3.25h
  step   58300/100000  lr 3.85e-04  loss 0.10731  3.5 it/s  eta 3.29h
  step   58400/100000  lr 3.83e-04  loss 0.10742  3.5 it/s  eta 3.26h
  step   58500/100000  lr 3.82e-04  loss 0.10770  3.5 it/s  eta 3.29h
  step   58600/100000  lr 3.80e-04  loss 0.10946  3.5 it/s  eta 3.26h
  step   58700/100000  lr 3.78e-04  loss 0.10682  3.5 it/s  eta 3.29h
  step   58800/100000  lr 3.77e-04  loss 0.10948  3.5 it/s  eta 3.23h
  step   58900/100000  lr 3.75e-04  loss 0.10989  3.5 it/s  eta 3.25h
  step   59000/100000  lr 3.74e-04  loss 0.10718  3.5 it/s  eta 3.29h
  step   59100/100000  lr 3.72e-04  loss 0.10657  3.5 it/s  eta 3.26h
  step   59200/100000  lr 3.71e-04  loss 0.10657  3.5 it/s  eta 3.26h
  step   59300/100000  lr 3.69e-04  loss 0.10931  3.5 it/s  eta 3.21h
  step   59400/100000  lr 3.68e-04  loss 0.10759  3.5 it/s  eta 3.25h
  step   59500/100000  lr 3.66e-04  loss 0.11196  3.5 it/s  eta 3.18h
  step   59600/100000  lr 3.65e-04  loss 0.10959  3.5 it/s  eta 3.19h
  step   59700/100000  lr 3.63e-04  loss 0.11131  3.5 it/s  eta 3.24h
  step   59800/100000  lr 3.61e-04  loss 0.10807  3.5 it/s  eta 3.18h
  step   59900/100000  lr 3.60e-04  loss 0.10707  3.5 it/s  eta 3.21h
  step   60000/100000  lr 3.58e-04  loss 0.10683  3.5 it/s  eta 3.15h
  [val 60000]  clip 25.796dB/0.6425   minmax 21.272dB/0.6227   robust 21.287dB/0.6175   | OOD 19.000dB/0.4467 | grad 1.122 hf 2.23
  [val] new best 25.796 dB -> best.pt
  step   60100/100000  lr 3.57e-04  loss 0.10647  2.6 it/s  eta 4.32h
  step   60200/100000  lr 3.55e-04  loss 0.10984  3.5 it/s  eta 3.12h
  step   60300/100000  lr 3.54e-04  loss 0.10861  3.5 it/s  eta 3.17h
  step   60400/100000  lr 3.52e-04  loss 0.10609  3.5 it/s  eta 3.13h
  step   60500/100000  lr 3.51e-04  loss 0.10783  3.5 it/s  eta 3.11h
  step   60600/100000  lr 3.49e-04  loss 0.10608  3.5 it/s  eta 3.15h
  step   60700/100000  lr 3.48e-04  loss 0.10855  3.5 it/s  eta 3.10h
  step   60800/100000  lr 3.46e-04  loss 0.10811  3.6 it/s  eta 3.03h
  step   60900/100000  lr 3.45e-04  loss 0.10740  3.6 it/s  eta 2.99h
  step   61000/100000  lr 3.43e-04  loss 0.10715  3.6 it/s  eta 3.04h
  step   61100/100000  lr 3.42e-04  loss 0.10959  3.6 it/s  eta 3.00h
  step   61200/100000  lr 3.40e-04  loss 0.10721  3.6 it/s  eta 3.00h
  step   61300/100000  lr 3.39e-04  loss 0.10811  3.6 it/s  eta 3.01h
  step   61400/100000  lr 3.37e-04  loss 0.10732  3.6 it/s  eta 2.98h
  step   61500/100000  lr 3.36e-04  loss 0.10855  3.6 it/s  eta 2.99h
  step   61600/100000  lr 3.34e-04  loss 0.10908  3.6 it/s  eta 2.95h
  step   61700/100000  lr 3.33e-04  loss 0.11076  3.6 it/s  eta 2.99h
  step   61800/100000  lr 3.31e-04  loss 0.10889  3.6 it/s  eta 2.93h
  step   61900/100000  lr 3.30e-04  loss 0.10888  3.5 it/s  eta 3.03h
  step   62000/100000  lr 3.28e-04  loss 0.10714  3.5 it/s  eta 3.00h
  [val 62000]  clip 25.794dB/0.6426   minmax 21.271dB/0.6231   robust 21.295dB/0.6179   | OOD 19.070dB/0.4507 | grad 1.121 hf 2.23
  step   62100/100000  lr 3.27e-04  loss 0.10849  2.7 it/s  eta 3.93h
  step   62200/100000  lr 3.25e-04  loss 0.10845  3.5 it/s  eta 3.03h
  step   62300/100000  lr 3.24e-04  loss 0.10889  3.5 it/s  eta 2.99h
  step   62400/100000  lr 3.22e-04  loss 0.10999  3.5 it/s  eta 2.97h
  step   62500/100000  lr 3.21e-04  loss 0.11044  3.5 it/s  eta 2.96h
  step   62600/100000  lr 3.19e-04  loss 0.10781  3.5 it/s  eta 2.98h
  step   62700/100000  lr 3.18e-04  loss 0.10727  3.5 it/s  eta 2.97h
  step   62800/100000  lr 3.16e-04  loss 0.10587  3.5 it/s  eta 2.98h
  step   62900/100000  lr 3.15e-04  loss 0.11068  3.4 it/s  eta 3.00h
  step   63000/100000  lr 3.13e-04  loss 0.10775  3.5 it/s  eta 2.95h
  step   63100/100000  lr 3.12e-04  loss 0.10867  3.4 it/s  eta 2.99h
  step   63200/100000  lr 3.10e-04  loss 0.10792  3.5 it/s  eta 2.91h
  step   63300/100000  lr 3.09e-04  loss 0.11014  3.5 it/s  eta 2.88h
  step   63400/100000  lr 3.07e-04  loss 0.10820  3.6 it/s  eta 2.82h
  step   63500/100000  lr 3.06e-04  loss 0.10661  3.6 it/s  eta 2.82h
  step   63600/100000  lr 3.04e-04  loss 0.10634  3.6 it/s  eta 2.82h
  step   63700/100000  lr 3.03e-04  loss 0.10781  3.6 it/s  eta 2.77h
  step   63800/100000  lr 3.01e-04  loss 0.10920  3.6 it/s  eta 2.81h
  step   63900/100000  lr 3.00e-04  loss 0.10882  3.6 it/s  eta 2.78h
  step   64000/100000  lr 2.98e-04  loss 0.11116  3.6 it/s  eta 2.80h
  [val 64000]  clip 25.793dB/0.6423   minmax 21.249dB/0.6225   robust 21.289dB/0.6173   | OOD 18.958dB/0.4439 | grad 1.124 hf 2.24
  step   64100/100000  lr 2.97e-04  loss 0.10917  2.7 it/s  eta 3.69h
  step   64200/100000  lr 2.95e-04  loss 0.10906  3.5 it/s  eta 2.81h
  step   64300/100000  lr 2.94e-04  loss 0.10768  3.5 it/s  eta 2.81h
  step   64400/100000  lr 2.92e-04  loss 0.10818  3.5 it/s  eta 2.79h
  step   64500/100000  lr 2.91e-04  loss 0.10892  3.5 it/s  eta 2.83h
  step   64600/100000  lr 2.90e-04  loss 0.11029  3.5 it/s  eta 2.80h
  step   64700/100000  lr 2.88e-04  loss 0.10755  3.5 it/s  eta 2.81h
  step   64800/100000  lr 2.87e-04  loss 0.10858  3.5 it/s  eta 2.78h
  step   64900/100000  lr 2.85e-04  loss 0.10776  3.5 it/s  eta 2.81h
  step   65000/100000  lr 2.84e-04  loss 0.10885  3.5 it/s  eta 2.78h
  step   65100/100000  lr 2.82e-04  loss 0.10534  3.5 it/s  eta 2.77h
  step   65200/100000  lr 2.81e-04  loss 0.10694  3.5 it/s  eta 2.77h
  step   65300/100000  lr 2.79e-04  loss 0.10822  3.5 it/s  eta 2.74h
  step   65400/100000  lr 2.78e-04  loss 0.10884  3.5 it/s  eta 2.77h
  step   65500/100000  lr 2.77e-04  loss 0.10920  3.5 it/s  eta 2.72h
  step   65600/100000  lr 2.75e-04  loss 0.10747  3.5 it/s  eta 2.75h
  step   65700/100000  lr 2.74e-04  loss 0.10930  3.5 it/s  eta 2.71h
  step   65800/100000  lr 2.72e-04  loss 0.10838  3.5 it/s  eta 2.73h
  step   65900/100000  lr 2.71e-04  loss 0.10970  3.5 it/s  eta 2.72h
  step   66000/100000  lr 2.69e-04  loss 0.10846  3.5 it/s  eta 2.69h
  [val 66000]  clip 25.786dB/0.6427   minmax 21.201dB/0.6224   robust 21.283dB/0.6179   | OOD 18.965dB/0.4448 | grad 1.124 hf 2.25
  step   66100/100000  lr 2.68e-04  loss 0.10903  2.7 it/s  eta 3.55h
  step   66200/100000  lr 2.67e-04  loss 0.10885  3.5 it/s  eta 2.67h
  step   66300/100000  lr 2.65e-04  loss 0.10731  3.5 it/s  eta 2.69h
  step   66400/100000  lr 2.64e-04  loss 0.10594  3.5 it/s  eta 2.65h
  step   66500/100000  lr 2.62e-04  loss 0.10731  3.5 it/s  eta 2.67h
  step   66600/100000  lr 2.61e-04  loss 0.10968  3.4 it/s  eta 2.72h
  step   66700/100000  lr 2.60e-04  loss 0.10655  3.4 it/s  eta 2.69h
  step   66800/100000  lr 2.58e-04  loss 0.10766  3.5 it/s  eta 2.64h
  step   66900/100000  lr 2.57e-04  loss 0.11002  3.5 it/s  eta 2.62h
  step   67000/100000  lr 2.55e-04  loss 0.10946  3.4 it/s  eta 2.67h
  step   67100/100000  lr 2.54e-04  loss 0.10699  3.5 it/s  eta 2.60h
  step   67200/100000  lr 2.53e-04  loss 0.10634  3.5 it/s  eta 2.64h
  step   67300/100000  lr 2.51e-04  loss 0.10727  3.5 it/s  eta 2.60h
  step   67400/100000  lr 2.50e-04  loss 0.10784  3.5 it/s  eta 2.62h
  step   67500/100000  lr 2.48e-04  loss 0.10561  3.5 it/s  eta 2.58h
  step   67600/100000  lr 2.47e-04  loss 0.10690  3.5 it/s  eta 2.59h
  step   67700/100000  lr 2.46e-04  loss 0.10902  3.5 it/s  eta 2.55h
  step   67800/100000  lr 2.44e-04  loss 0.10519  3.5 it/s  eta 2.55h
  step   67900/100000  lr 2.43e-04  loss 0.10743  3.5 it/s  eta 2.57h
  step   68000/100000  lr 2.42e-04  loss 0.10579  3.5 it/s  eta 2.54h
  [val 68000]  clip 25.794dB/0.6430   minmax 21.237dB/0.6229   robust 21.289dB/0.6183   | OOD 18.996dB/0.4511 | grad 1.124 hf 2.24
  step   68100/100000  lr 2.40e-04  loss 0.10799  2.6 it/s  eta 3.37h
  step   68200/100000  lr 2.39e-04  loss 0.10936  3.5 it/s  eta 2.49h
  step   68300/100000  lr 2.37e-04  loss 0.10611  3.5 it/s  eta 2.51h
  step   68400/100000  lr 2.36e-04  loss 0.10352  3.5 it/s  eta 2.47h
  step   68500/100000  lr 2.35e-04  loss 0.10732  3.5 it/s  eta 2.52h
  step   68600/100000  lr 2.33e-04  loss 0.11059  3.6 it/s  eta 2.45h
  step   68700/100000  lr 2.32e-04  loss 0.10677  3.5 it/s  eta 2.45h
  step   68800/100000  lr 2.31e-04  loss 0.10949  3.5 it/s  eta 2.46h
  step   68900/100000  lr 2.29e-04  loss 0.10751  3.6 it/s  eta 2.43h
  step   69000/100000  lr 2.28e-04  loss 0.10929  3.5 it/s  eta 2.45h
  step   69100/100000  lr 2.27e-04  loss 0.10911  3.6 it/s  eta 2.41h
  step   69200/100000  lr 2.25e-04  loss 0.10933  3.5 it/s  eta 2.43h
  step   69300/100000  lr 2.24e-04  loss 0.10972  3.6 it/s  eta 2.40h
  step   69400/100000  lr 2.23e-04  loss 0.10968  3.5 it/s  eta 2.45h
  step   69500/100000  lr 2.21e-04  loss 0.10832  3.5 it/s  eta 2.40h
  step   69600/100000  lr 2.20e-04  loss 0.10758  3.5 it/s  eta 2.38h
  step   69700/100000  lr 2.19e-04  loss 0.10817  3.5 it/s  eta 2.39h
  step   69800/100000  lr 2.17e-04  loss 0.10754  3.6 it/s  eta 2.36h
  step   69900/100000  lr 2.16e-04  loss 0.10695  3.5 it/s  eta 2.37h
  step   70000/100000  lr 2.15e-04  loss 0.10804  3.5 it/s  eta 2.36h
  [val 70000]  clip 25.792dB/0.6426   minmax 21.244dB/0.6227   robust 21.289dB/0.6180   | OOD 18.833dB/0.4386 | grad 1.123 hf 2.24
  step   70100/100000  lr 2.13e-04  loss 0.10904  2.7 it/s  eta 3.12h
  step   70200/100000  lr 2.12e-04  loss 0.10796  3.5 it/s  eta 2.33h
  step   70300/100000  lr 2.11e-04  loss 0.10643  3.6 it/s  eta 2.31h
  step   70400/100000  lr 2.10e-04  loss 0.10551  3.5 it/s  eta 2.33h
  step   70500/100000  lr 2.08e-04  loss 0.10601  3.6 it/s  eta 2.30h
  step   70600/100000  lr 2.07e-04  loss 0.10564  3.5 it/s  eta 2.30h
  step   70700/100000  lr 2.06e-04  loss 0.10981  3.6 it/s  eta 2.29h
  step   70800/100000  lr 2.04e-04  loss 0.10771  3.5 it/s  eta 2.32h
  step   70900/100000  lr 2.03e-04  loss 0.10593  3.5 it/s  eta 2.28h
  step   71000/100000  lr 2.02e-04  loss 0.10721  3.6 it/s  eta 2.26h
  step   71100/100000  lr 2.00e-04  loss 0.10787  3.5 it/s  eta 2.28h
  step   71200/100000  lr 1.99e-04  loss 0.10709  3.6 it/s  eta 2.24h
  step   71300/100000  lr 1.98e-04  loss 0.11015  3.5 it/s  eta 2.27h
  step   71400/100000  lr 1.97e-04  loss 0.10931  3.6 it/s  eta 2.22h
  step   71500/100000  lr 1.95e-04  loss 0.10861  3.5 it/s  eta 2.25h
  step   71600/100000  lr 1.94e-04  loss 0.10745  3.5 it/s  eta 2.22h
  step   71700/100000  lr 1.93e-04  loss 0.10898  3.6 it/s  eta 2.19h
  step   71800/100000  lr 1.92e-04  loss 0.10920  3.5 it/s  eta 2.22h
  step   71900/100000  lr 1.90e-04  loss 0.10819  3.6 it/s  eta 2.19h
  step   72000/100000  lr 1.89e-04  loss 0.10770  3.5 it/s  eta 2.21h
  [val 72000]  clip 25.805dB/0.6433   minmax 21.222dB/0.6231   robust 21.288dB/0.6186   | OOD 19.080dB/0.4607 | grad 1.122 hf 2.23
  [val] new best 25.805 dB -> best.pt
  step   72100/100000  lr 1.88e-04  loss 0.10676  2.6 it/s  eta 2.95h
  step   72200/100000  lr 1.87e-04  loss 0.10677  3.5 it/s  eta 2.20h
  step   72300/100000  lr 1.85e-04  loss 0.10788  3.6 it/s  eta 2.16h
  step   72400/100000  lr 1.84e-04  loss 0.10579  3.5 it/s  eta 2.18h
  step   72500/100000  lr 1.83e-04  loss 0.10534  3.5 it/s  eta 2.16h
  step   72600/100000  lr 1.82e-04  loss 0.10585  3.6 it/s  eta 2.14h
  step   72700/100000  lr 1.80e-04  loss 0.10743  3.5 it/s  eta 2.16h
  step   72800/100000  lr 1.79e-04  loss 0.10805  3.5 it/s  eta 2.13h
  step   72900/100000  lr 1.78e-04  loss 0.10546  3.5 it/s  eta 2.13h
  step   73000/100000  lr 1.77e-04  loss 0.10746  3.5 it/s  eta 2.12h
  step   73100/100000  lr 1.76e-04  loss 0.10866  3.5 it/s  eta 2.13h
  step   73200/100000  lr 1.74e-04  loss 0.10740  3.5 it/s  eta 2.10h
  step   73300/100000  lr 1.73e-04  loss 0.10744  3.6 it/s  eta 2.09h
  step   73400/100000  lr 1.72e-04  loss 0.10810  3.5 it/s  eta 2.13h
  step   73500/100000  lr 1.71e-04  loss 0.10930  3.5 it/s  eta 2.08h
  step   73600/100000  lr 1.69e-04  loss 0.10961  3.5 it/s  eta 2.10h
  step   73700/100000  lr 1.68e-04  loss 0.10745  3.5 it/s  eta 2.06h
  step   73800/100000  lr 1.67e-04  loss 0.11064  3.5 it/s  eta 2.09h
  step   73900/100000  lr 1.66e-04  loss 0.10853  3.5 it/s  eta 2.05h
  step   74000/100000  lr 1.65e-04  loss 0.10753  3.5 it/s  eta 2.04h
  [val 74000]  clip 25.809dB/0.6434   minmax 21.249dB/0.6235   robust 21.296dB/0.6188   | OOD 18.900dB/0.4437 | grad 1.122 hf 2.23
  [val] new best 25.809 dB -> best.pt
  step   74100/100000  lr 1.64e-04  loss 0.10812  2.6 it/s  eta 2.73h
  step   74200/100000  lr 1.62e-04  loss 0.10537  3.6 it/s  eta 1.97h
  step   74300/100000  lr 1.61e-04  loss 0.10640  3.6 it/s  eta 1.99h
  step   74400/100000  lr 1.60e-04  loss 0.10857  3.6 it/s  eta 1.95h
  step   74500/100000  lr 1.59e-04  loss 0.10784  3.6 it/s  eta 1.96h
  step   74600/100000  lr 1.58e-04  loss 0.10868  3.6 it/s  eta 1.94h
  step   74700/100000  lr 1.56e-04  loss 0.10763  3.6 it/s  eta 1.95h
  step   74800/100000  lr 1.55e-04  loss 0.10600  3.6 it/s  eta 1.93h
  step   74900/100000  lr 1.54e-04  loss 0.10885  3.6 it/s  eta 1.91h
  step   75000/100000  lr 1.53e-04  loss 0.10583  3.6 it/s  eta 1.93h
  step   75100/100000  lr 1.52e-04  loss 0.10654  3.6 it/s  eta 1.91h
  step   75200/100000  lr 1.51e-04  loss 0.10731  3.6 it/s  eta 1.92h
  step   75300/100000  lr 1.50e-04  loss 0.10697  3.6 it/s  eta 1.88h
  step   75400/100000  lr 1.48e-04  loss 0.10748  3.6 it/s  eta 1.88h
  step   75500/100000  lr 1.47e-04  loss 0.10722  3.6 it/s  eta 1.89h
  step   75600/100000  lr 1.46e-04  loss 0.10818  3.6 it/s  eta 1.87h
  step   75700/100000  lr 1.45e-04  loss 0.10805  3.6 it/s  eta 1.87h
  step   75800/100000  lr 1.44e-04  loss 0.10821  3.6 it/s  eta 1.84h
  step   75900/100000  lr 1.43e-04  loss 0.10829  3.6 it/s  eta 1.86h
  step   76000/100000  lr 1.42e-04  loss 0.10797  3.6 it/s  eta 1.83h
  [val 76000]  clip 25.811dB/0.6438   minmax 21.228dB/0.6238   robust 21.293dB/0.6193   | OOD 18.777dB/0.4408 | grad 1.119 hf 2.22
  [val] new best 25.811 dB -> best.pt
  step   76100/100000  lr 1.41e-04  loss 0.10667  2.6 it/s  eta 2.52h
  step   76200/100000  lr 1.39e-04  loss 0.10718  3.6 it/s  eta 1.82h
  step   76300/100000  lr 1.38e-04  loss 0.10825  3.6 it/s  eta 1.85h
  step   76400/100000  lr 1.37e-04  loss 0.10707  3.5 it/s  eta 1.86h
  step   76500/100000  lr 1.36e-04  loss 0.10913  3.6 it/s  eta 1.83h
  step   76600/100000  lr 1.35e-04  loss 0.10987  3.5 it/s  eta 1.85h
  step   76700/100000  lr 1.34e-04  loss 0.10868  3.6 it/s  eta 1.81h
  step   76800/100000  lr 1.33e-04  loss 0.10663  3.5 it/s  eta 1.82h
  step   76900/100000  lr 1.32e-04  loss 0.10696  3.6 it/s  eta 1.80h
  step   77000/100000  lr 1.31e-04  loss 0.10573  3.6 it/s  eta 1.79h
  step   77100/100000  lr 1.30e-04  loss 0.10663  3.5 it/s  eta 1.80h
  step   77200/100000  lr 1.29e-04  loss 0.10782  3.6 it/s  eta 1.78h
  step   77300/100000  lr 1.28e-04  loss 0.10971  3.5 it/s  eta 1.79h
  step   77400/100000  lr 1.26e-04  loss 0.10658  3.5 it/s  eta 1.78h
  step   77500/100000  lr 1.25e-04  loss 0.10716  3.5 it/s  eta 1.78h
  step   77600/100000  lr 1.24e-04  loss 0.10821  3.5 it/s  eta 1.76h
  step   77700/100000  lr 1.23e-04  loss 0.10668  3.5 it/s  eta 1.75h
  step   77800/100000  lr 1.22e-04  loss 0.10664  3.5 it/s  eta 1.76h
  step   77900/100000  lr 1.21e-04  loss 0.10499  3.6 it/s  eta 1.73h
  step   78000/100000  lr 1.20e-04  loss 0.10746  3.5 it/s  eta 1.75h
  [val 78000]  clip 25.806dB/0.6438   minmax 21.233dB/0.6239   robust 21.292dB/0.6191   | OOD 18.864dB/0.4351 | grad 1.120 hf 2.23
  step   78100/100000  lr 1.19e-04  loss 0.10813  2.7 it/s  eta 2.28h
  step   78200/100000  lr 1.18e-04  loss 0.10704  3.5 it/s  eta 1.74h
  step   78300/100000  lr 1.17e-04  loss 0.10773  3.5 it/s  eta 1.70h
  step   78400/100000  lr 1.16e-04  loss 0.10907  3.5 it/s  eta 1.72h
  step   78500/100000  lr 1.15e-04  loss 0.11006  3.6 it/s  eta 1.68h
  step   78600/100000  lr 1.14e-04  loss 0.10831  3.5 it/s  eta 1.68h
  step   78700/100000  lr 1.13e-04  loss 0.10883  3.5 it/s  eta 1.69h
  step   78800/100000  lr 1.12e-04  loss 0.10765  3.5 it/s  eta 1.66h
  step   78900/100000  lr 1.11e-04  loss 0.10590  3.5 it/s  eta 1.68h
  step   79000/100000  lr 1.10e-04  loss 0.10734  3.5 it/s  eta 1.65h
  step   79100/100000  lr 1.09e-04  loss 0.10681  3.5 it/s  eta 1.66h
  step   79200/100000  lr 1.08e-04  loss 0.10676  3.5 it/s  eta 1.64h
  step   79300/100000  lr 1.07e-04  loss 0.10675  3.5 it/s  eta 1.64h
  step   79400/100000  lr 1.06e-04  loss 0.10435  3.5 it/s  eta 1.65h
  step   79500/100000  lr 1.05e-04  loss 0.10649  3.5 it/s  eta 1.62h
  step   79600/100000  lr 1.04e-04  loss 0.10891  3.5 it/s  eta 1.62h
  step   79700/100000  lr 1.03e-04  loss 0.10673  3.5 it/s  eta 1.60h
  step   79800/100000  lr 1.02e-04  loss 0.10751  3.5 it/s  eta 1.60h
  step   79900/100000  lr 1.01e-04  loss 0.10761  3.5 it/s  eta 1.59h
  step   80000/100000  lr 1.00e-04  loss 0.10716  3.5 it/s  eta 1.58h
  [val 80000]  clip 25.824dB/0.6440   minmax 21.198dB/0.6238   robust 21.314dB/0.6196   | OOD 19.080dB/0.4560 | grad 1.121 hf 2.22
  [val] new best 25.824 dB -> best.pt
  step   80100/100000  lr 9.92e-05  loss 0.10789  2.6 it/s  eta 2.13h
  step   80200/100000  lr 9.83e-05  loss 0.10695  3.5 it/s  eta 1.56h
  step   80300/100000  lr 9.73e-05  loss 0.10688  3.5 it/s  eta 1.56h
  step   80400/100000  lr 9.64e-05  loss 0.10869  3.5 it/s  eta 1.55h
  step   80500/100000  lr 9.55e-05  loss 0.10709  3.5 it/s  eta 1.55h
  step   80600/100000  lr 9.45e-05  loss 0.10747  3.5 it/s  eta 1.53h
  step   80700/100000  lr 9.36e-05  loss 0.10718  3.5 it/s  eta 1.54h
  step   80800/100000  lr 9.27e-05  loss 0.10772  3.5 it/s  eta 1.51h
  step   80900/100000  lr 9.18e-05  loss 0.10818  3.5 it/s  eta 1.52h
  step   81000/100000  lr 9.08e-05  loss 0.10795  3.5 it/s  eta 1.49h
  step   81100/100000  lr 8.99e-05  loss 0.10702  3.5 it/s  eta 1.49h
  step   81200/100000  lr 8.90e-05  loss 0.10688  3.5 it/s  eta 1.49h
  step   81300/100000  lr 8.81e-05  loss 0.10808  3.5 it/s  eta 1.46h
  step   81400/100000  lr 8.72e-05  loss 0.10936  3.5 it/s  eta 1.47h
  step   81500/100000  lr 8.63e-05  loss 0.10683  3.5 it/s  eta 1.45h
  step   81600/100000  lr 8.54e-05  loss 0.10601  3.5 it/s  eta 1.45h
  step   81700/100000  lr 8.45e-05  loss 0.10608  3.6 it/s  eta 1.43h
  step   81800/100000  lr 8.36e-05  loss 0.10506  3.6 it/s  eta 1.42h
  step   81900/100000  lr 8.28e-05  loss 0.10622  3.5 it/s  eta 1.44h
  step   82000/100000  lr 8.19e-05  loss 0.10783  3.6 it/s  eta 1.40h
  [val 82000]  clip 25.814dB/0.6440   minmax 21.183dB/0.6237   robust 21.298dB/0.6194   | OOD 18.835dB/0.4454 | grad 1.121 hf 2.23
  step   82100/100000  lr 8.10e-05  loss 0.10607  2.6 it/s  eta 1.88h
  step   82200/100000  lr 8.01e-05  loss 0.10625  3.6 it/s  eta 1.38h
  step   82300/100000  lr 7.93e-05  loss 0.10570  3.5 it/s  eta 1.40h
  step   82400/100000  lr 7.84e-05  loss 0.10428  3.5 it/s  eta 1.38h
  step   82500/100000  lr 7.76e-05  loss 0.10439  3.5 it/s  eta 1.39h
  step   82600/100000  lr 7.67e-05  loss 0.10645  3.5 it/s  eta 1.37h
  step   82700/100000  lr 7.59e-05  loss 0.10948  3.5 it/s  eta 1.36h
  step   82800/100000  lr 7.50e-05  loss 0.10743  3.5 it/s  eta 1.37h
  step   82900/100000  lr 7.42e-05  loss 0.10482  3.6 it/s  eta 1.33h
  step   83000/100000  lr 7.34e-05  loss 0.10829  3.5 it/s  eta 1.35h
  step   83100/100000  lr 7.25e-05  loss 0.10864  3.5 it/s  eta 1.32h
  step   83200/100000  lr 7.17e-05  loss 0.10659  3.5 it/s  eta 1.32h
  step   83300/100000  lr 7.09e-05  loss 0.10733  3.6 it/s  eta 1.31h
  step   83400/100000  lr 7.01e-05  loss 0.10818  3.6 it/s  eta 1.30h
  step   83500/100000  lr 6.93e-05  loss 0.10738  3.5 it/s  eta 1.30h
  step   83600/100000  lr 6.85e-05  loss 0.10760  3.6 it/s  eta 1.28h
  step   83700/100000  lr 6.77e-05  loss 0.10760  3.5 it/s  eta 1.29h
  step   83800/100000  lr 6.69e-05  loss 0.10793  3.5 it/s  eta 1.27h
  step   83900/100000  lr 6.61e-05  loss 0.10575  3.5 it/s  eta 1.28h
  step   84000/100000  lr 6.53e-05  loss 0.10620  3.5 it/s  eta 1.26h
  [val 84000]  clip 25.812dB/0.6439   minmax 21.172dB/0.6236   robust 21.306dB/0.6196   | OOD 18.802dB/0.4422 | grad 1.120 hf 2.23
  step   84100/100000  lr 6.45e-05  loss 0.10431  2.6 it/s  eta 1.67h
  step   84200/100000  lr 6.37e-05  loss 0.10743  3.5 it/s  eta 1.24h
  step   84300/100000  lr 6.29e-05  loss 0.10890  3.5 it/s  eta 1.23h
  step   84400/100000  lr 6.22e-05  loss 0.10598  3.5 it/s  eta 1.24h
  step   84500/100000  lr 6.14e-05  loss 0.10781  3.6 it/s  eta 1.21h
  step   84600/100000  lr 6.07e-05  loss 0.10820  3.5 it/s  eta 1.22h
  step   84700/100000  lr 5.99e-05  loss 0.11131  3.5 it/s  eta 1.20h
  step   84800/100000  lr 5.91e-05  loss 0.10693  3.5 it/s  eta 1.21h
  step   84900/100000  lr 5.84e-05  loss 0.10580  3.5 it/s  eta 1.18h
  step   85000/100000  lr 5.77e-05  loss 0.10838  3.5 it/s  eta 1.18h
  step   85100/100000  lr 5.69e-05  loss 0.10811  3.5 it/s  eta 1.19h
  step   85200/100000  lr 5.62e-05  loss 0.10819  3.6 it/s  eta 1.16h
  step   85300/100000  lr 5.54e-05  loss 0.10473  3.5 it/s  eta 1.17h
  step   85400/100000  lr 5.47e-05  loss 0.10701  3.5 it/s  eta 1.15h
  step   85500/100000  lr 5.40e-05  loss 0.10837  3.5 it/s  eta 1.15h
  step   85600/100000  lr 5.33e-05  loss 0.10835  3.5 it/s  eta 1.13h
  step   85700/100000  lr 5.26e-05  loss 0.10717  3.5 it/s  eta 1.12h
  step   85800/100000  lr 5.19e-05  loss 0.10688  3.5 it/s  eta 1.13h
  step   85900/100000  lr 5.12e-05  loss 0.10864  3.6 it/s  eta 1.10h
  step   86000/100000  lr 5.05e-05  loss 0.10797  3.5 it/s  eta 1.11h
  [val 86000]  clip 25.802dB/0.6436   minmax 21.166dB/0.6232   robust 21.294dB/0.6191   | OOD 19.003dB/0.4467 | grad 1.121 hf 2.23
  step   86100/100000  lr 4.98e-05  loss 0.10924  2.7 it/s  eta 1.44h
  step   86200/100000  lr 4.91e-05  loss 0.10950  3.5 it/s  eta 1.09h
  step   86300/100000  lr 4.84e-05  loss 0.10690  3.6 it/s  eta 1.06h
  step   86400/100000  lr 4.77e-05  loss 0.10728  3.5 it/s  eta 1.07h
  step   86500/100000  lr 4.71e-05  loss 0.10567  3.6 it/s  eta 1.05h
  step   86600/100000  lr 4.64e-05  loss 0.10654  3.6 it/s  eta 1.04h
  step   86700/100000  lr 4.57e-05  loss 0.10737  3.6 it/s  eta 1.04h
  step   86800/100000  lr 4.51e-05  loss 0.10885  3.6 it/s  eta 1.02h
  step   86900/100000  lr 4.44e-05  loss 0.10721  3.5 it/s  eta 1.03h
  step   87000/100000  lr 4.38e-05  loss 0.10699  3.6 it/s  eta 1.00h
  step   87100/100000  lr 4.31e-05  loss 0.10636  3.5 it/s  eta 1.02h
  step   87200/100000  lr 4.25e-05  loss 0.10897  3.6 it/s  eta 0.99h
  step   87300/100000  lr 4.18e-05  loss 0.10658  3.6 it/s  eta 0.99h
  step   87400/100000  lr 4.12e-05  loss 0.10730  3.5 it/s  eta 1.00h
  step   87500/100000  lr 4.06e-05  loss 0.10596  3.5 it/s  eta 0.99h
  step   87600/100000  lr 4.00e-05  loss 0.10712  3.5 it/s  eta 0.99h
  step   87700/100000  lr 3.93e-05  loss 0.10745  3.5 it/s  eta 0.98h
  step   87800/100000  lr 3.87e-05  loss 0.10732  3.5 it/s  eta 0.97h
  step   87900/100000  lr 3.81e-05  loss 0.10884  3.6 it/s  eta 0.94h
  step   88000/100000  lr 3.75e-05  loss 0.10662  3.5 it/s  eta 0.95h
  [val 88000]  clip 25.806dB/0.6439   minmax 21.101dB/0.6232   robust 21.288dB/0.6192   | OOD 18.697dB/0.4306 | grad 1.120 hf 2.22
  step   88100/100000  lr 3.69e-05  loss 0.10462  2.7 it/s  eta 1.24h
  step   88200/100000  lr 3.63e-05  loss 0.10677  3.5 it/s  eta 0.94h
  step   88300/100000  lr 3.57e-05  loss 0.10846  3.4 it/s  eta 0.94h
  step   88400/100000  lr 3.51e-05  loss 0.10715  3.5 it/s  eta 0.93h
  step   88500/100000  lr 3.46e-05  loss 0.10693  3.4 it/s  eta 0.93h
  step   88600/100000  lr 3.40e-05  loss 0.11075  3.5 it/s  eta 0.91h
  step   88700/100000  lr 3.34e-05  loss 0.10632  3.4 it/s  eta 0.92h
  step   88800/100000  lr 3.29e-05  loss 0.10726  3.5 it/s  eta 0.90h
  step   88900/100000  lr 3.23e-05  loss 0.10782  3.4 it/s  eta 0.91h
  step   89000/100000  lr 3.17e-05  loss 0.10874  3.5 it/s  eta 0.87h
  step   89100/100000  lr 3.12e-05  loss 0.10705  3.5 it/s  eta 0.86h
  step   89200/100000  lr 3.06e-05  loss 0.10809  3.5 it/s  eta 0.86h
  step   89300/100000  lr 3.01e-05  loss 0.10747  3.5 it/s  eta 0.84h
  step   89400/100000  lr 2.96e-05  loss 0.10824  3.5 it/s  eta 0.84h
  step   89500/100000  lr 2.90e-05  loss 0.10673  3.5 it/s  eta 0.83h
  step   89600/100000  lr 2.85e-05  loss 0.10622  3.5 it/s  eta 0.83h
  step   89700/100000  lr 2.80e-05  loss 0.10609  3.5 it/s  eta 0.81h
  step   89800/100000  lr 2.75e-05  loss 0.10670  3.5 it/s  eta 0.80h
  step   89900/100000  lr 2.70e-05  loss 0.10883  3.5 it/s  eta 0.81h
  step   90000/100000  lr 2.65e-05  loss 0.10646  3.5 it/s  eta 0.79h
  [val 90000]  clip 25.802dB/0.6439   minmax 21.139dB/0.6234   robust 21.288dB/0.6192   | OOD 18.602dB/0.4217 | grad 1.122 hf 2.23
  step   90100/100000  lr 2.59e-05  loss 0.10661  2.6 it/s  eta 1.04h
  step   90200/100000  lr 2.55e-05  loss 0.10643  3.5 it/s  eta 0.77h
  step   90300/100000  lr 2.50e-05  loss 0.10577  3.5 it/s  eta 0.77h
  step   90400/100000  lr 2.45e-05  loss 0.10583  3.5 it/s  eta 0.76h
  step   90500/100000  lr 2.40e-05  loss 0.10542  3.5 it/s  eta 0.76h
  step   90600/100000  lr 2.35e-05  loss 0.10600  3.5 it/s  eta 0.74h
  step   90700/100000  lr 2.30e-05  loss 0.10569  3.5 it/s  eta 0.73h
  step   90800/100000  lr 2.26e-05  loss 0.10860  3.5 it/s  eta 0.73h
  step   90900/100000  lr 2.21e-05  loss 0.10490  3.5 it/s  eta 0.72h
  step   91000/100000  lr 2.16e-05  loss 0.10532  3.5 it/s  eta 0.72h
  step   91100/100000  lr 2.12e-05  loss 0.10679  3.5 it/s  eta 0.71h
  step   91200/100000  lr 2.07e-05  loss 0.10766  3.5 it/s  eta 0.70h
  step   91300/100000  lr 2.03e-05  loss 0.10495  3.5 it/s  eta 0.69h
  step   91400/100000  lr 1.99e-05  loss 0.10684  3.5 it/s  eta 0.69h
  step   91500/100000  lr 1.94e-05  loss 0.10702  3.5 it/s  eta 0.68h
  step   91600/100000  lr 1.90e-05  loss 0.10853  3.5 it/s  eta 0.66h
  step   91700/100000  lr 1.86e-05  loss 0.10709  3.5 it/s  eta 0.66h
  step   91800/100000  lr 1.82e-05  loss 0.10792  3.5 it/s  eta 0.65h
  step   91900/100000  lr 1.77e-05  loss 0.10508  3.5 it/s  eta 0.65h
  step   92000/100000  lr 1.73e-05  loss 0.10769  3.5 it/s  eta 0.63h
  [val 92000]  clip 25.796dB/0.6436   minmax 21.164dB/0.6230   robust 21.282dB/0.6190   | OOD 18.809dB/0.4385 | grad 1.122 hf 2.23
  step   92100/100000  lr 1.69e-05  loss 0.10703  2.6 it/s  eta 0.83h
  step   92200/100000  lr 1.65e-05  loss 0.10881  3.5 it/s  eta 0.61h
  step   92300/100000  lr 1.61e-05  loss 0.10712  3.5 it/s  eta 0.61h
  step   92400/100000  lr 1.58e-05  loss 0.10605  3.5 it/s  eta 0.60h
  step   92500/100000  lr 1.54e-05  loss 0.10893  3.5 it/s  eta 0.59h
  step   92600/100000  lr 1.50e-05  loss 0.10625  3.5 it/s  eta 0.59h
  step   92700/100000  lr 1.46e-05  loss 0.10639  3.5 it/s  eta 0.58h
  step   92800/100000  lr 1.42e-05  loss 0.10689  3.5 it/s  eta 0.57h
  step   92900/100000  lr 1.39e-05  loss 0.10635  3.5 it/s  eta 0.56h
  step   93000/100000  lr 1.35e-05  loss 0.10568  3.6 it/s  eta 0.55h
  step   93100/100000  lr 1.32e-05  loss 0.10480  3.6 it/s  eta 0.53h
  step   93200/100000  lr 1.28e-05  loss 0.10874  3.6 it/s  eta 0.53h
  step   93300/100000  lr 1.25e-05  loss 0.10737  3.5 it/s  eta 0.53h
  step   93400/100000  lr 1.21e-05  loss 0.10693  3.6 it/s  eta 0.51h
  step   93500/100000  lr 1.18e-05  loss 0.10654  3.5 it/s  eta 0.51h
  step   93600/100000  lr 1.15e-05  loss 0.10733  3.6 it/s  eta 0.50h
  step   93700/100000  lr 1.12e-05  loss 0.10755  3.6 it/s  eta 0.49h
  step   93800/100000  lr 1.08e-05  loss 0.10604  3.6 it/s  eta 0.48h
  step   93900/100000  lr 1.05e-05  loss 0.10889  3.6 it/s  eta 0.47h
  step   94000/100000  lr 1.02e-05  loss 0.10706  3.6 it/s  eta 0.47h
  [val 94000]  clip 25.799dB/0.6435   minmax 21.163dB/0.6231   robust 21.285dB/0.6189   | OOD 18.812dB/0.4412 | grad 1.122 hf 2.23
  step   94100/100000  lr 9.91e-06  loss 0.10705  2.7 it/s  eta 0.61h
  step   94200/100000  lr 9.61e-06  loss 0.10738  3.6 it/s  eta 0.45h
  step   94300/100000  lr 9.32e-06  loss 0.10886  3.6 it/s  eta 0.44h
  step   94400/100000  lr 9.03e-06  loss 0.10334  3.5 it/s  eta 0.44h
  step   94500/100000  lr 8.75e-06  loss 0.10725  3.6 it/s  eta 0.42h
  step   94600/100000  lr 8.47e-06  loss 0.10724  3.6 it/s  eta 0.41h
  step   94700/100000  lr 8.19e-06  loss 0.10854  3.6 it/s  eta 0.41h
  step   94800/100000  lr 7.93e-06  loss 0.10744  3.6 it/s  eta 0.40h
  step   94900/100000  lr 7.66e-06  loss 0.10855  3.5 it/s  eta 0.40h
  step   95000/100000  lr 7.41e-06  loss 0.10630  3.6 it/s  eta 0.38h
  step   95100/100000  lr 7.15e-06  loss 0.10652  3.6 it/s  eta 0.38h
  step   95200/100000  lr 6.90e-06  loss 0.10766  3.6 it/s  eta 0.37h
  step   95300/100000  lr 6.66e-06  loss 0.10881  3.6 it/s  eta 0.36h
  step   95400/100000  lr 6.42e-06  loss 0.10790  3.5 it/s  eta 0.36h
  step   95500/100000  lr 6.19e-06  loss 0.10743  3.6 it/s  eta 0.35h
  step   95600/100000  lr 5.96e-06  loss 0.10730  3.6 it/s  eta 0.34h
  step   95700/100000  lr 5.74e-06  loss 0.10850  3.6 it/s  eta 0.33h
  step   95800/100000  lr 5.52e-06  loss 0.10703  3.6 it/s  eta 0.33h
  step   95900/100000  lr 5.31e-06  loss 0.10511  3.6 it/s  eta 0.32h
  step   96000/100000  lr 5.10e-06  loss 0.10834  3.6 it/s  eta 0.31h
  [val 96000]  clip 25.795dB/0.6435   minmax 21.165dB/0.6229   robust 21.277dB/0.6186   | OOD 18.861dB/0.4447 | grad 1.122 hf 2.23
  step   96100/100000  lr 4.90e-06  loss 0.10680  2.7 it/s  eta 0.40h
  step   96200/100000  lr 4.70e-06  loss 0.10802  3.6 it/s  eta 0.29h
  step   96300/100000  lr 4.51e-06  loss 0.10896  3.6 it/s  eta 0.29h
  step   96400/100000  lr 4.32e-06  loss 0.10867  3.6 it/s  eta 0.28h
  step   96500/100000  lr 4.14e-06  loss 0.10743  3.5 it/s  eta 0.27h
  step   96600/100000  lr 3.97e-06  loss 0.10804  3.6 it/s  eta 0.26h
  step   96700/100000  lr 3.79e-06  loss 0.10635  3.6 it/s  eta 0.25h
  step   96800/100000  lr 3.63e-06  loss 0.10786  3.6 it/s  eta 0.25h
  step   96900/100000  lr 3.47e-06  loss 0.10921  3.6 it/s  eta 0.24h
  step   97000/100000  lr 3.31e-06  loss 0.10947  3.6 it/s  eta 0.23h
  step   97100/100000  lr 3.16e-06  loss 0.10783  3.6 it/s  eta 0.22h
  step   97200/100000  lr 3.01e-06  loss 0.10693  3.5 it/s  eta 0.22h
  step   97300/100000  lr 2.87e-06  loss 0.10449  3.6 it/s  eta 0.21h
  step   97400/100000  lr 2.74e-06  loss 0.10703  3.6 it/s  eta 0.20h
  step   97500/100000  lr 2.60e-06  loss 0.10656  3.6 it/s  eta 0.19h
  step   97600/100000  lr 2.48e-06  loss 0.10669  3.6 it/s  eta 0.18h
  step   97700/100000  lr 2.36e-06  loss 0.10615  3.6 it/s  eta 0.18h
  step   97800/100000  lr 2.24e-06  loss 0.10902  3.6 it/s  eta 0.17h
  step   97900/100000  lr 2.13e-06  loss 0.10700  3.6 it/s  eta 0.16h
  step   98000/100000  lr 2.03e-06  loss 0.10994  3.6 it/s  eta 0.15h
  [val 98000]  clip 25.800dB/0.6436   minmax 21.180dB/0.6232   robust 21.295dB/0.6190   | OOD 19.116dB/0.4579 | grad 1.123 hf 2.23
  step   98100/100000  lr 1.93e-06  loss 0.10549  2.7 it/s  eta 0.20h
  step   98200/100000  lr 1.83e-06  loss 0.10462  3.6 it/s  eta 0.14h
  step   98300/100000  lr 1.74e-06  loss 0.10665  3.6 it/s  eta 0.13h
  step   98400/100000  lr 1.66e-06  loss 0.10699  3.6 it/s  eta 0.12h
  step   98500/100000  lr 1.58e-06  loss 0.10631  3.6 it/s  eta 0.12h
  step   98600/100000  lr 1.50e-06  loss 0.10671  3.5 it/s  eta 0.11h
  step   98700/100000  lr 1.43e-06  loss 0.10511  3.6 it/s  eta 0.10h
  step   98800/100000  lr 1.37e-06  loss 0.10926  3.6 it/s  eta 0.09h
  step   98900/100000  lr 1.31e-06  loss 0.10586  3.5 it/s  eta 0.09h
  step   99000/100000  lr 1.26e-06  loss 0.10894  3.6 it/s  eta 0.08h
  step   99100/100000  lr 1.21e-06  loss 0.10811  3.5 it/s  eta 0.07h
  step   99200/100000  lr 1.16e-06  loss 0.10674  3.6 it/s  eta 0.06h
  step   99300/100000  lr 1.13e-06  loss 0.10697  3.5 it/s  eta 0.05h
  step   99400/100000  lr 1.09e-06  loss 0.10837  3.6 it/s  eta 0.05h
  step   99500/100000  lr 1.06e-06  loss 0.10541  3.6 it/s  eta 0.04h
  step   99600/100000  lr 1.04e-06  loss 0.10656  3.5 it/s  eta 0.03h
  step   99700/100000  lr 1.02e-06  loss 0.10722  3.6 it/s  eta 0.02h
  step   99800/100000  lr 1.01e-06  loss 0.10827  3.5 it/s  eta 0.02h
  step   99900/100000  lr 1.00e-06  loss 0.10721  3.6 it/s  eta 0.01h
  step  100000/100000  lr 1.00e-06  loss 0.10818  3.5 it/s  eta 0.00h
  [val 100000]  clip 25.802dB/0.6437   minmax 21.176dB/0.6234   robust 21.293dB/0.6192   | OOD 18.840dB/0.4406 | grad 1.123 hf 2.23
[done] best val PSNR 25.824 dB   weights in runs\main
